Archive member included to satisfy reference by file (symbol)

c:/program files (x86)/atmel/studio/7.0/toolchain/avr8/avr8-gnu-toolchain/bin/../lib/gcc/avr/5.4.0/../../../../avr/lib/avr6\libm.a(fixsfsi.o)
                              tasks/sensors/lux_task.o (__fixsfsi)
c:/program files (x86)/atmel/studio/7.0/toolchain/avr8/avr8-gnu-toolchain/bin/../lib/gcc/avr/5.4.0/../../../../avr/lib/avr6\libm.a(fixunssfsi.o)
                              tasks/sensors/lux_task.o (__fixunssfsi)
c:/program files (x86)/atmel/studio/7.0/toolchain/avr8/avr8-gnu-toolchain/bin/../lib/gcc/avr/5.4.0/../../../../avr/lib/avr6\libm.a(fp_split3.o)
                              c:/program files (x86)/atmel/studio/7.0/toolchain/avr8/avr8-gnu-toolchain/bin/../lib/gcc/avr/5.4.0/../../../../avr/lib/avr6\libm.a(fixunssfsi.o) (__fp_splitA)
c:/program files (x86)/atmel/studio/7.0/toolchain/avr8/avr8-gnu-toolchain/bin/../lib/gcc/avr/5.4.0/../../../../avr/lib/avr6\libm.a(fp_zero.o)
                              c:/program files (x86)/atmel/studio/7.0/toolchain/avr8/avr8-gnu-toolchain/bin/../lib/gcc/avr/5.4.0/../../../../avr/lib/avr6\libm.a(fixunssfsi.o) (__fp_zero)
../drivers\libIotLibrary.a(display_7seg.o)
                              connect_lwan.o (display_7seg_displayHex)
../drivers\libIotLibrary.a(hih8120.o)
                              tasks/sensors/temp_hum_task.o (hih8120_initialise)
../drivers\libIotLibrary.a(lora_driver.o)
                              connect_lwan.o (lora_driver_flushBuffers)
../drivers\libIotLibrary.a(lora_driver_utils.o)
                              ../drivers\libIotLibrary.a(lora_driver.o) (decode_port_no)
../drivers\libIotLibrary.a(mh_z19.o)
                              tasks/sensors/co2_task.o (mh_z19_initialise)
../drivers\libIotLibrary.a(rc_servo.o)
                              tasks/servo/servo_task.o (rc_servo_setPosition)
../drivers\libIotLibrary.a(serial.o)
                              ../drivers\libIotLibrary.a(lora_driver.o) (serial_create)
../drivers\libIotLibrary.a(stdio_driver.o)
                              main.o (stdio_initialise)
../drivers\libIotLibrary.a(spi_iha.o)
                              ../drivers\libIotLibrary.a(display_7seg.o) (spi_create)
../drivers\libIotLibrary.a(status_leds.o)
                              main.o (status_leds_initialise)
../drivers\libIotLibrary.a(tsl2591.o)
                              tasks/sensors/lux_task.o (tsl2591_initialise)
../drivers\libIotLibrary.a(twi.o)
                              ../drivers\libIotLibrary.a(hih8120.o) (twiCreate)
../drivers\libIotLibrary.a(fifo.o)
                              ../drivers\libIotLibrary.a(serial.o) (fifo_init)
c:/program files (x86)/atmel/studio/7.0/toolchain/avr8/avr8-gnu-toolchain/bin/../lib/gcc/avr/5.4.0/../../../../avr/lib/avr6\libm.a(addsf3.o)
                              ../drivers\libIotLibrary.a(hih8120.o) (__subsf3)
c:/program files (x86)/atmel/studio/7.0/toolchain/avr8/avr8-gnu-toolchain/bin/../lib/gcc/avr/5.4.0/../../../../avr/lib/avr6\libm.a(addsf3x.o)
                              c:/program files (x86)/atmel/studio/7.0/toolchain/avr8/avr8-gnu-toolchain/bin/../lib/gcc/avr/5.4.0/../../../../avr/lib/avr6\libm.a(addsf3.o) (__addsf3x)
c:/program files (x86)/atmel/studio/7.0/toolchain/avr8/avr8-gnu-toolchain/bin/../lib/gcc/avr/5.4.0/../../../../avr/lib/avr6\libm.a(divsf3.o)
                              ../drivers\libIotLibrary.a(hih8120.o) (__divsf3)
c:/program files (x86)/atmel/studio/7.0/toolchain/avr8/avr8-gnu-toolchain/bin/../lib/gcc/avr/5.4.0/../../../../avr/lib/avr6\libm.a(divsf3x.o)
                              c:/program files (x86)/atmel/studio/7.0/toolchain/avr8/avr8-gnu-toolchain/bin/../lib/gcc/avr/5.4.0/../../../../avr/lib/avr6\libm.a(divsf3.o) (__divsf3x)
c:/program files (x86)/atmel/studio/7.0/toolchain/avr8/avr8-gnu-toolchain/bin/../lib/gcc/avr/5.4.0/../../../../avr/lib/avr6\libm.a(floatsisf.o)
                              ../drivers\libIotLibrary.a(display_7seg.o) (__floatunsisf)
c:/program files (x86)/atmel/studio/7.0/toolchain/avr8/avr8-gnu-toolchain/bin/../lib/gcc/avr/5.4.0/../../../../avr/lib/avr6\libm.a(floor.o)
                              ../drivers\libIotLibrary.a(display_7seg.o) (floor)
c:/program files (x86)/atmel/studio/7.0/toolchain/avr8/avr8-gnu-toolchain/bin/../lib/gcc/avr/5.4.0/../../../../avr/lib/avr6\libm.a(fp_inf.o)
                              c:/program files (x86)/atmel/studio/7.0/toolchain/avr8/avr8-gnu-toolchain/bin/../lib/gcc/avr/5.4.0/../../../../avr/lib/avr6\libm.a(addsf3x.o) (__fp_inf)
c:/program files (x86)/atmel/studio/7.0/toolchain/avr8/avr8-gnu-toolchain/bin/../lib/gcc/avr/5.4.0/../../../../avr/lib/avr6\libm.a(fp_mintl.o)
                              c:/program files (x86)/atmel/studio/7.0/toolchain/avr8/avr8-gnu-toolchain/bin/../lib/gcc/avr/5.4.0/../../../../avr/lib/avr6\libm.a(floor.o) (__fp_mintl)
[...]
Memory Configuration

Name             Origin             Length             Attributes
text             0x00000000         0x00040000         xr
data             0x00800200         0x00002000         rw !x
eeprom           0x00810000         0x00001000         rw !x
fuse             0x00820000         0x00000003         rw !x
lock             0x00830000         0x00000400         rw !x
signature        0x00840000         0x00000400         rw !x
user_signatures  0x00850000         0x00000400         rw !x
*default*        0x00000000         0xffffffff

Linker script and memory map

Address of section .data set to 0x800200
LOAD C:/Program Files (x86)/Atmel/Studio/7.0/Packs/atmel/ATmega_DFP/1.6.364/gcc/dev/atmega2560/avr6/crtatmega2560.o
LOAD comm_queue.o
LOAD configuration.o
LOAD connect_lwan.o
LOAD event_groups.o
LOAD leds_numbers_task.o
LOAD main.o
LOAD message_buffers.o
LOAD packer.o
LOAD tasks/app_task.o
LOAD tasks/comms/down_link_task.o
LOAD tasks/comms/up_link_task.o
LOAD tasks/sensors/co2_task.o
LOAD tasks/sensors/lux_task.o
LOAD tasks/sensors/temp_hum_task.o
LOAD tasks/servo/servo_task.o
LOAD FreeRTOS/FreeRTOSTraceDriver/FreeRTOSTraceDriver.o
LOAD FreeRTOS/src/croutine.o
LOAD FreeRTOS/src/event_groups.o
LOAD FreeRTOS/src/heap_4.o
LOAD FreeRTOS/src/list.o
LOAD FreeRTOS/src/port.o
LOAD FreeRTOS/src/queue.o
LOAD FreeRTOS/src/stream_buffer.o
LOAD FreeRTOS/src/tasks.o
LOAD FreeRTOS/src/timers.o
LOAD FreeRTOS/src/variantHooks.o
START GROUP
LOAD c:/program files (x86)/atmel/studio/7.0/toolchain/avr8/avr8-gnu-toolchain/bin/../lib/gcc/avr/5.4.0/../../../../avr/lib/avr6\libm.a
LOAD ../drivers\libIotLibrary.a
END GROUP
START GROUP
LOAD c:/program files (x86)/atmel/studio/7.0/toolchain/avr8/avr8-gnu-toolchain/bin/../lib/gcc/avr/5.4.0/avr6\libgcc.a
LOAD c:/program files (x86)/atmel/studio/7.0/toolchain/avr8/avr8-gnu-toolchain/bin/../lib/gcc/avr/5.4.0/../../../../avr/lib/avr6\libm.a
LOAD c:/program files (x86)/atmel/studio/7.0/toolchain/avr8/avr8-gnu-toolchain/bin/../lib/gcc/avr/5.4.0/../../../../avr/lib/avr6\libc.a
LOAD C:/Program Files (x86)/Atmel/Studio/7.0/Packs/atmel/ATmega_DFP/1.6.364/gcc/dev/atmega2560/avr6\libatmega2560.a
END GROUP
                0x00000000                __TEXT_REGION_ORIGIN__ = DEFINED (__TEXT_REGION_ORIGIN__)?__TEXT_REGION_ORIGIN__:0x0
                [0x00800200]                __DATA_REGION_ORIGIN__ = DEFINED (__DATA_REGION_ORIGIN__)?__DATA_REGION_ORIGIN__:0x800200
                [0x00040000]                __TEXT_REGION_LENGTH__ = DEFINED (__TEXT_REGION_LENGTH__)?__TEXT_REGION_LENGTH__:0x100000
                [0x00002000]                __DATA_REGION_LENGTH__ = DEFINED (__DATA_REGION_LENGTH__)?__DATA_REGION_LENGTH__:0xfe00
                [0x00001000]                __EEPROM_REGION_LENGTH__ = DEFINED (__EEPROM_REGION_LENGTH__)?__EEPROM_REGION_LENGTH__:0x10000
                [0x00000003]                __FUSE_REGION_LENGTH__ = DEFINED (__FUSE_REGION_LENGTH__)?__FUSE_REGION_LENGTH__:0x400
                0x00000400                __LOCK_REGION_LENGTH__ = DEFINED (__LOCK_REGION_LENGTH__)?__LOCK_REGION_LENGTH__:0x400
                0x00000400                __SIGNATURE_REGION_LENGTH__ = DEFINED (__SIGNATURE_REGION_LENGTH__)?__SIGNATURE_REGION_LENGTH__:0x400
                0x00000400                __USER_SIGNATURE_REGION_LENGTH__ = DEFINED (__USER_SIGNATURE_REGION_LENGTH__)?__USER_SIGNATURE_REGION_LENGTH__:0x400

.hash
 *(.hash)

.dynsym
 *(.dynsym)

.dynstr
 *(.dynstr)

.gnu.version
 *(.gnu.version)

.gnu.version_d
 *(.gnu.version_d)

.gnu.version_r
 *(.gnu.version_r)

.rel.init
 *(.rel.init)

.rela.init
 *(.rela.init)

.rel.text
 *(.rel.text)
 *(.rel.text.*)
 *(.rel.gnu.linkonce.t*)

.rela.text
 *(.rela.text)
 *(.rela.text.*)
 *(.rela.gnu.linkonce.t*)

.rel.fini
 *(.rel.fini)

.rela.fini
 *(.rela.fini)

.rel.rodata
 *(.rel.rodata)
 *(.rel.rodata.*)
 *(.rel.gnu.linkonce.r*)

.rela.rodata
 *(.rela.rodata)
 *(.rela.rodata.*)
 *(.rela.gnu.linkonce.r*)

.rel.data
 *(.rel.data)
 *(.rel.data.*)
 *(.rel.gnu.linkonce.d*)

.rela.data
 *(.rela.data)
 *(.rela.data.*)
 *(.rela.gnu.linkonce.d*)

.rel.ctors
 *(.rel.ctors)

.rela.ctors
 *(.rela.ctors)

.rel.dtors
 *(.rel.dtors)

.rela.dtors
 *(.rela.dtors)

.rel.got
 *(.rel.got)

.rela.got
 *(.rela.got)

.rel.bss
 *(.rel.bss)

.rela.bss
 *(.rela.bss)

.rel.plt
 *(.rel.plt)

.rela.plt
 *(.rela.plt)

.text           0x00000000     0x79ce
 *(.vectors)
 .vectors       0x00000000       0xe4 C:/Program Files (x86)/Atmel/Studio/7.0/Packs/atmel/ATmega_DFP/1.6.364/gcc/dev/atmega2560/avr6/crtatmega2560.o
                0x00000000                __vector_default
                0x00000000                __vectors
 *(.vectors)
 *(.progmem.gcc*)
 .progmem.gcc_sw_table.prvProcessReceivedCommands
                0x000000e4       0x14 FreeRTOS/src/timers.o
 .progmem.gcc_sw_table.__vector_39
                0x000000f8       0xa2 ../drivers\libIotLibrary.a(twi.o)
                0x0000019a                . = ALIGN (0x2)
                0x0000019a                __trampolines_start = .
 *(.trampolines)
 .trampolines   0x0000019a        0x0 linker stubs
 *(.trampolines*)
                0x0000019a                __trampolines_end = .
 *libprintf_flt.a:*(.progmem.data)
 *libc.a:*(.progmem.data)
 *(.progmem*)
                0x0000019a                . = ALIGN (0x2)
 *(.jumptables)
 *(.jumptables*)
 *(.lowtext)
 .lowtext       0x0000019a       0x16 FreeRTOS/src/tasks.o
 .lowtext       0x000001b0       0x1e FreeRTOS/src/timers.o
 *(.lowtext*)
                0x000001ce                __ctors_start = .
 *(.ctors)
                0x000001ce                __ctors_end = .
                0x000001ce                __dtors_start = .
 *(.dtors)
                0x000001ce                __dtors_end = .
 SORT(*)(.ctors)
 SORT(*)(.dtors)
 *(.init0)
 .init0         0x000001ce        0x0 C:/Program Files (x86)/Atmel/Studio/7.0/Packs/atmel/ATmega_DFP/1.6.364/gcc/dev/atmega2560/avr6/crtatmega2560.o
                0x000001ce                __init
 *(.init0)
 *(.init1)
 *(.init1)
 *(.init2)
 .init2         0x000001ce       0x10 C:/Program Files (x86)/Atmel/Studio/7.0/Packs/atmel/ATmega_DFP/1.6.364/gcc/dev/atmega2560/avr6/crtatmega2560.o
 *(.init2)
 *(.init3)
 *(.init3)
 *(.init4)
 .init4         0x000001de       0x1a c:/program files (x86)/atmel/studio/7.0/toolchain/avr8/avr8-gnu-toolchain/bin/../lib/gcc/avr/5.4.0/avr6\libgcc.a(_copy_data.o)
                0x000001de                __do_copy_data
 .init4         0x000001f8       0x10 c:/program files (x86)/atmel/studio/7.0/toolchain/avr8/avr8-gnu-toolchain/bin/../lib/gcc/avr/5.4.0/avr6\libgcc.a(_clear_bss.o)
                0x000001f8                __do_clear_bss
 *(.init4)
 *(.init5)
 *(.init5)
 *(.init6)
 *(.init6)
 *(.init7)
 *(.init7)
 *(.init8)
 *(.init8)
 *(.init9)
 .init9         0x00000208        0x6 C:/Program Files (x86)/Atmel/Studio/7.0/Packs/atmel/ATmega_DFP/1.6.364/gcc/dev/atmega2560/avr6/crtatmega2560.o
 *(.init9)
 *(.text)
 .text          0x0000020e        0x2 C:/Program Files (x86)/Atmel/Studio/7.0/Packs/atmel/ATmega_DFP/1.6.364/gcc/dev/atmega2560/avr6/crtatmega2560.o
                0x0000020e                __vector_38
                0x0000020e                __vector_22
                0x0000020e                __vector_28
                0x0000020e                __vector_1
                0x0000020e                __vector_32
                0x0000020e                __vector_34
                0x0000020e                __vector_46
                0x0000020e                __bad_interrupt
                0x0000020e                __vector_6
                0x0000020e                __vector_31
                0x0000020e                __vector_35
                0x0000020e                __vector_3
                0x0000020e                __vector_23
                0x0000020e                __vector_30
                0x0000020e                __vector_45
                0x0000020e                __vector_11
                0x0000020e                __vector_13
                0x0000020e                __vector_17
                0x0000020e                __vector_19
                0x0000020e                __vector_56
                0x0000020e                __vector_7
                0x0000020e                __vector_49
                0x0000020e                __vector_41
                0x0000020e                __vector_43
                0x0000020e                __vector_27
                0x0000020e                __vector_5
                0x0000020e                __vector_33
                0x0000020e                __vector_47
                0x0000020e                __vector_4
                0x0000020e                __vector_44
                0x0000020e                __vector_9
                0x0000020e                __vector_2
                0x0000020e                __vector_15
                0x0000020e                __vector_29
                0x0000020e                __vector_40
                0x0000020e                __vector_8
                0x0000020e                __vector_48
                0x0000020e                __vector_14
                0x0000020e                __vector_53
                0x0000020e                __vector_10
                0x0000020e                __vector_50
                0x0000020e                __vector_16
                0x0000020e                __vector_18
                0x0000020e                __vector_20
                0x0000020e                __vector_42
                0x00000210                . = ALIGN (0x2)
 *(.text.*)
 .text.createQueue
                0x00000210       0x20 comm_queue.o
                0x00000210                createQueue
 .text.sendCommQueue
                0x00000230       0x4e comm_queue.o
                0x00000230                sendCommQueue
 .text.receiveCommQueue
                0x0000027e       0x48 comm_queue.o
                0x0000027e                receiveCommQueue
 .text.setServoAngle
                0x000002c6        0xa configuration.o
                0x000002c6                setServoAngle
 .text.getServoAngle
                0x000002d0        0xa configuration.o
                0x000002d0                getServoAngle
 .text.initConfiguration
                0x000002da       0x26 configuration.o
                0x000002da                initConfiguration
 .text.initLORAWAN
                0x00000300      0x15a connect_lwan.o
                0x00000300                initLORAWAN
 .text.getMeasureEventGroup
                0x0000045a        0xa event_groups.o
                0x0000045a                getMeasureEventGroup
 .text.getNumbersEventGroup
                0x00000464        0xa event_groups.o
                0x00000464                getNumbersEventGroup
 .text.getDataReadyEventGroup
                0x0000046e        0xa event_groups.o
                0x0000046e                getDataReadyEventGroup
 .text.initEventGroups
                0x00000478       0x7a event_groups.o
                0x00000478                initEventGroups
 .text.initLEDs
                0x000004f2       0x3e leds_numbers_task.o
                0x000004f2                initLEDs
 .text.triggerEvent
                0x00000530       0x26 leds_numbers_task.o
                0x00000530                triggerEvent
 .text.ledOFF   0x00000556       0x12 leds_numbers_task.o
                0x00000556                ledOFF
 .text.ledON    0x00000568       0x16 leds_numbers_task.o
                0x00000568                ledON
 .text._check   0x0000057e      0x120 leds_numbers_task.o
                0x0000057e                _check
 .text.ledsAndNumbersTask
                0x0000069e       0x6c leds_numbers_task.o
                0x0000069e                ledsAndNumbersTask
 .text.createTasks
                0x0000070a       0xb8 main.o
                0x0000070a                createTasks
 .text.initLEDsAndDisplay
                0x000007c2       0x20 main.o
                0x000007c2                initLEDsAndDisplay
 .text.initMain
                0x000007e2       0x28 main.o
                0x000007e2                initMain
 .text.main     0x0000080a       0x18 main.o
                0x0000080a                main
 .text.getUpLinkMessageBuffer
                0x00000822        0xa message_buffers.o
                0x00000822                getUpLinkMessageBuffer
 .text.getDownLinkMessageBuffer
                0x0000082c        0xa message_buffers.o
                0x0000082c                getDownLinkMessageBuffer
 .text.initMessageBuffers
                0x00000836       0x4c message_buffers.o
                0x00000836                initMessageBuffers
 .text.getSendReadyPayload
                0x00000882       0x4a packer.o
                0x00000882                getSendReadyPayload
 .text.connectWAN
                0x000008cc        0xa tasks/app_task.o
                0x000008cc                connectWAN
 .text.appTask  0x000008d6      0x218 tasks/app_task.o
                0x000008d6                appTask
 .text.init_task
                0x00000aee        0xa tasks/comms/down_link_task.o
                0x00000aee                init_task
 .text.downLinkTask
                0x00000af8      0x1ae tasks/comms/down_link_task.o
                0x00000af8                downLinkTask
 .text.init_task_uplink
                0x00000ca6        0xa tasks/comms/up_link_task.o
                0x00000ca6                init_task_uplink
 .text.upLinkTask
                0x00000cb0       0x80 tasks/comms/up_link_task.o
                0x00000cb0                upLinkTask
 .text.mh_z19CallBack
                0x00000d30       0x16 tasks/sensors/co2_task.o
                0x00000d30                mh_z19CallBack
 .text.setCO2Callback
                0x00000d46       0x18 tasks/sensors/co2_task.o
                0x00000d46                setCO2Callback
 .text.CO2Task  0x00000d5e       0xa6 tasks/sensors/co2_task.o
                0x00000d5e                CO2Task
 .text.tsl2591Callback
                0x00000e04       0x6a tasks/sensors/lux_task.o
                0x00000e04                tsl2591Callback
 .text.setLuxCallback
                0x00000e6e        0xa tasks/sensors/lux_task.o
                0x00000e6e                setLuxCallback
 .text.init_task_lux
                0x00000e78        0x6 tasks/sensors/lux_task.o
                0x00000e78                init_task_lux
 .text.luxTask  0x00000e7e       0x82 tasks/sensors/lux_task.o
                0x00000e7e                luxTask
 .text.initTempHum
                0x00000f00       0x22 tasks/sensors/temp_hum_task.o
                0x00000f00                initTempHum
 .text.tempHumTask
                0x00000f22       0xde tasks/sensors/temp_hum_task.o
                0x00000f22                tempHumTask
 .text.initServo
                0x00001000        0x6 tasks/servo/servo_task.o
                0x00001000                initServo
 .text.servoTask
                0x00001006       0xe0 tasks/servo/servo_task.o
                0x00001006                servoTask
 .text.prvTestWaitCondition
                0x000010e6       0x42 FreeRTOS/src/event_groups.o
 .text.xEventGroupCreate
                0x00001128       0x26 FreeRTOS/src/event_groups.o
                0x00001128                xEventGroupCreate
 .text.xEventGroupWaitBits
                0x0000114e      0x140 FreeRTOS/src/event_groups.o
                0x0000114e                xEventGroupWaitBits
 .text.xEventGroupSetBits
                0x0000128e      0x11c FreeRTOS/src/event_groups.o
                0x0000128e                xEventGroupSetBits
 .text.prvHeapInit
                0x000013aa       0x52 FreeRTOS/src/heap_4.o
 .text.prvInsertBlockIntoFreeList
                0x000013fc       0x94 FreeRTOS/src/heap_4.o
 .text.pvPortMalloc
                0x00001490      0x152 FreeRTOS/src/heap_4.o
                0x00001490                pvPortMalloc
 .text.vPortFree
                0x000015e2       0x7a FreeRTOS/src/heap_4.o
                0x000015e2                vPortFree
 .text.vListInitialise
                0x0000165c       0x22 FreeRTOS/src/list.o
                0x0000165c                vListInitialise
 .text.vListInitialiseItem
                0x0000167e        0x8 FreeRTOS/src/list.o
                0x0000167e                vListInitialiseItem
 .text.vListInsert
                0x00001686       0x7a FreeRTOS/src/list.o
                0x00001686                vListInsert
 .text.uxListRemove
                0x00001700       0x4e FreeRTOS/src/list.o
                0x00001700                uxListRemove
 .text.prvSetupTimerInterrupt
                0x0000174e       0x18 FreeRTOS/src/port.o
 .text.pxPortInitialiseStack
                0x00001766       0x2e FreeRTOS/src/port.o
                0x00001766                pxPortInitialiseStack
 .text.xPortStartScheduler
                0x00001794       0x64 FreeRTOS/src/port.o
                0x00001794                xPortStartScheduler
 .text.vPortYield
                0x000017f8       0xc2 FreeRTOS/src/port.o
                0x000017f8                vPortYield
 .text.vPortYieldFromTick
                0x000018ba       0xca FreeRTOS/src/port.o
                0x000018ba                vPortYieldFromTick
 .text.__vector_12
                0x00001984        0x4 FreeRTOS/src/port.o
                0x00001984                __vector_12
 .text.prvGetDisinheritPriorityAfterTimeout
                0x00001988       0x20 FreeRTOS/src/queue.o
 .text.prvIsQueueEmpty
                0x000019a8       0x1a FreeRTOS/src/queue.o
 .text.prvIsQueueFull
                0x000019c2       0x1c FreeRTOS/src/queue.o
 .text.prvCopyDataToQueue
                0x000019de       0xbe FreeRTOS/src/queue.o
 .text.prvCopyDataFromQueue
                0x00001a9c       0x34 FreeRTOS/src/queue.o
 .text.prvUnlockQueue
                0x00001ad0       0x68 FreeRTOS/src/queue.o
 .text.xQueueGenericReset
                0x00001b38       0x86 FreeRTOS/src/queue.o
                0x00001b38                xQueueGenericReset
 .text.prvInitialiseNewQueue
                0x00001bbe       0x24 FreeRTOS/src/queue.o
 .text.xQueueGenericCreate
                0x00001be2       0x46 FreeRTOS/src/queue.o
                0x00001be2                xQueueGenericCreate
 .text.xQueueGenericSend
                0x00001c28      0x124 FreeRTOS/src/queue.o
                0x00001c28                xQueueGenericSend
 .text.prvInitialiseMutex
                0x00001d4c       0x24 FreeRTOS/src/queue.o
 .text.xQueueCreateMutex
                0x00001d70       0x18 FreeRTOS/src/queue.o
                0x00001d70                xQueueCreateMutex
 .text.xQueueGenericSendFromISR
                0x00001d88       0x76 FreeRTOS/src/queue.o
                0x00001d88                xQueueGenericSendFromISR
 .text.xQueueReceive
                0x00001dfe      0x11e FreeRTOS/src/queue.o
                0x00001dfe                xQueueReceive
 .text.xQueueSemaphoreTake
                0x00001f1c      0x162 FreeRTOS/src/queue.o
                0x00001f1c                xQueueSemaphoreTake
 .text.vQueueWaitForMessageRestricted
                0x0000207e       0x38 FreeRTOS/src/queue.o
                0x0000207e                vQueueWaitForMessageRestricted
 .text.prvBytesInBuffer
                0x000020b6       0x26 FreeRTOS/src/stream_buffer.o
 .text.prvInitialiseNewStreamBuffer
                0x000020dc       0x20 FreeRTOS/src/stream_buffer.o
 .text.prvWriteBytesToBuffer
                0x000020fc       0x92 FreeRTOS/src/stream_buffer.o
 .text.prvWriteMessageToBuffer
                0x0000218e       0x86 FreeRTOS/src/stream_buffer.o
 .text.prvReadBytesFromBuffer
                0x00002214       0x9e FreeRTOS/src/stream_buffer.o
 .text.prvReadMessageFromBuffer
                0x000022b2       0x8a FreeRTOS/src/stream_buffer.o
 .text.xStreamBufferGenericCreate
                0x0000233c       0x64 FreeRTOS/src/stream_buffer.o
                0x0000233c                xStreamBufferGenericCreate
 .text.xStreamBufferReset
                0x000023a0       0x3c FreeRTOS/src/stream_buffer.o
                0x000023a0                xStreamBufferReset
 .text.xStreamBufferSpacesAvailable
                0x000023dc       0x24 FreeRTOS/src/stream_buffer.o
                0x000023dc                xStreamBufferSpacesAvailable
 .text.xStreamBufferSend
                0x00002400      0x18a FreeRTOS/src/stream_buffer.o
                0x00002400                xStreamBufferSend
 .text.xStreamBufferSendFromISR
                0x0000258a       0x88 FreeRTOS/src/stream_buffer.o
                0x0000258a                xStreamBufferSendFromISR
 .text.xStreamBufferReceive
                0x00002612      0x106 FreeRTOS/src/stream_buffer.o
                0x00002612                xStreamBufferReceive
 .text.prvResetNextTaskUnblockTime
                0x00002718       0x4e FreeRTOS/src/tasks.o
 .text.prvDeleteTCB
                0x00002766       0x1a FreeRTOS/src/tasks.o
 .text.prvInitialiseNewTask
                0x00002780       0xfc FreeRTOS/src/tasks.o
 .text.prvInitialiseTaskLists
                0x0000287c       0x60 FreeRTOS/src/tasks.o
 .text.prvAddNewTaskToReadyList
                0x000028dc       0xde FreeRTOS/src/tasks.o
 .text.prvCheckTasksWaitingTermination
                0x000029ba       0x4a FreeRTOS/src/tasks.o
 .text.prvAddCurrentTaskToDelayedList
                0x00002a04      0x144 FreeRTOS/src/tasks.o
 .text.xTaskCreate
                0x00002b48       0x98 FreeRTOS/src/tasks.o
                0x00002b48                xTaskCreate
 .text.vTaskStartScheduler
                0x00002be0       0x70 FreeRTOS/src/tasks.o
                0x00002be0                vTaskStartScheduler
 .text.vTaskSuspendAll
                0x00002c50        0xc FreeRTOS/src/tasks.o
                0x00002c50                vTaskSuspendAll
 .text.xTaskGetTickCount
                0x00002c5c       0x1c FreeRTOS/src/tasks.o
                0x00002c5c                xTaskGetTickCount
 .text.xTaskIncrementTick
                0x00002c78      0x258 FreeRTOS/src/tasks.o
                0x00002c78                xTaskIncrementTick
 .text.xTaskResumeAll
                0x00002ed0      0x1b8 FreeRTOS/src/tasks.o
                0x00002ed0                xTaskResumeAll
 .text.xTaskDelayUntil
                0x00003088       0xca FreeRTOS/src/tasks.o
                0x00003088                xTaskDelayUntil
 .text.vTaskDelay
                0x00003152       0x36 FreeRTOS/src/tasks.o
                0x00003152                vTaskDelay
 .text.vTaskSwitchContext
                0x00003188       0xca FreeRTOS/src/tasks.o
                0x00003188                vTaskSwitchContext
 .text.vTaskPlaceOnEventList
                0x00003252       0x2e FreeRTOS/src/tasks.o
                0x00003252                vTaskPlaceOnEventList
 .text.vTaskPlaceOnUnorderedEventList
                0x00003280       0x94 FreeRTOS/src/tasks.o
                0x00003280                vTaskPlaceOnUnorderedEventList
 .text.vTaskPlaceOnEventListRestricted
                0x00003314       0x84 FreeRTOS/src/tasks.o
                0x00003314                vTaskPlaceOnEventListRestricted
 .text.xTaskRemoveFromEventList
                0x00003398      0x15e FreeRTOS/src/tasks.o
                0x00003398                xTaskRemoveFromEventList
 .text.vTaskRemoveFromUnorderedEventList
                0x000034f6      0x134 FreeRTOS/src/tasks.o
                0x000034f6                vTaskRemoveFromUnorderedEventList
 .text.vTaskSetTimeOutState
                0x0000362a       0x2c FreeRTOS/src/tasks.o
                0x0000362a                vTaskSetTimeOutState
 .text.vTaskInternalSetTimeOutState
                0x00003656       0x22 FreeRTOS/src/tasks.o
                0x00003656                vTaskInternalSetTimeOutState
 .text.xTaskCheckForTimeOut
                0x00003678       0xcc FreeRTOS/src/tasks.o
                0x00003678                xTaskCheckForTimeOut
 .text.vTaskMissedYield
                0x00003744        0x8 FreeRTOS/src/tasks.o
                0x00003744                vTaskMissedYield
 .text.xTaskGetCurrentTaskHandle
                0x0000374c        0xa FreeRTOS/src/tasks.o
                0x0000374c                xTaskGetCurrentTaskHandle
 .text.xTaskGetSchedulerState
                0x00003756       0x1c FreeRTOS/src/tasks.o
                0x00003756                xTaskGetSchedulerState
 .text.xTaskPriorityInherit
                0x00003772      0x10e FreeRTOS/src/tasks.o
                0x00003772                xTaskPriorityInherit
 .text.xTaskPriorityDisinherit
                0x00003880       0xb6 FreeRTOS/src/tasks.o
                0x00003880                xTaskPriorityDisinherit
 .text.vTaskPriorityDisinheritAfterTimeout
                0x00003936       0xce FreeRTOS/src/tasks.o
                0x00003936                vTaskPriorityDisinheritAfterTimeout
 .text.uxTaskResetEventItemValue
                0x00003a04       0x54 FreeRTOS/src/tasks.o
                0x00003a04                uxTaskResetEventItemValue
 .text.pvTaskIncrementMutexHeldCount
                0x00003a58       0x24 FreeRTOS/src/tasks.o
                0x00003a58                pvTaskIncrementMutexHeldCount
 .text.xTaskGenericNotifyWait
                0x00003a7c      0x150 FreeRTOS/src/tasks.o
                0x00003a7c                xTaskGenericNotifyWait
 .text.xTaskGenericNotify
                0x00003bcc      0x1ee FreeRTOS/src/tasks.o
                0x00003bcc                xTaskGenericNotify
 .text.xTaskGenericNotifyFromISR
                0x00003dba      0x244 FreeRTOS/src/tasks.o
                0x00003dba                xTaskGenericNotifyFromISR
 .text.xTaskGenericNotifyStateClear
                0x00003ffe       0x34 FreeRTOS/src/tasks.o
                0x00003ffe                xTaskGenericNotifyStateClear
 .text.prvGetNextExpireTime
                0x00004032       0x30 FreeRTOS/src/timers.o
 .text.prvInsertTimerInActiveList
                0x00004062       0x92 FreeRTOS/src/timers.o
 .text.prvCheckForValidListAndQueue
                0x000040f4       0x52 FreeRTOS/src/timers.o
 .text.xTimerCreateTimerTask
                0x00004146       0x42 FreeRTOS/src/timers.o
                0x00004146                xTimerCreateTimerTask
 .text.xTimerGenericCommand
                0x00004188       0xbc FreeRTOS/src/timers.o
                0x00004188                xTimerGenericCommand
 .text.prvSwitchTimerLists
                0x00004244       0xd0 FreeRTOS/src/timers.o
 .text.prvSampleTimeNow
                0x00004314       0x5c FreeRTOS/src/timers.o
 .text.prvProcessExpiredTimer
                0x00004370       0xac FreeRTOS/src/timers.o
 .text.prvProcessTimerOrBlockTask
                0x0000441c       0xae FreeRTOS/src/timers.o
 .text.prvProcessReceivedCommands
                0x000044ca      0x168 FreeRTOS/src/timers.o
 .text.vApplicationIdleHook
                0x00004632        0x2 FreeRTOS/src/variantHooks.o
                0x00004632                vApplicationIdleHook
 .text.prvSetMainLedOn
                0x00004634        0xe FreeRTOS/src/variantHooks.o
                0x00004634                prvSetMainLedOn
 .text.prvBlinkMainLed
                0x00004642        0x8 FreeRTOS/src/variantHooks.o
                0x00004642                prvBlinkMainLed
 .text.vApplicationMallocFailedHook
                0x0000464a       0x18 FreeRTOS/src/variantHooks.o
                0x0000464a                vApplicationMallocFailedHook
 .text.vApplicationStackOverflowHook
                0x00004662       0x18 FreeRTOS/src/variantHooks.o
                0x00004662                vApplicationStackOverflowHook
 .text.avr-libc.fplib
                0x0000467a        0xa c:/program files (x86)/atmel/studio/7.0/toolchain/avr8/avr8-gnu-toolchain/bin/../lib/gcc/avr/5.4.0/../../../../avr/lib/avr6\libm.a(fixsfsi.o)
                0x0000467a                __fixsfsi
 .text.avr-libc.fplib
                0x00004684       0x58 c:/program files (x86)/atmel/studio/7.0/toolchain/avr8/avr8-gnu-toolchain/bin/../lib/gcc/avr/5.4.0/../../../../avr/lib/avr6\libm.a(fixunssfsi.o)
                0x00004684                __fixunssfsi
 .text.avr-libc.fplib
                0x000046dc       0x44 c:/program files (x86)/atmel/studio/7.0/toolchain/avr8/avr8-gnu-toolchain/bin/../lib/gcc/avr/5.4.0/../../../../avr/lib/avr6\libm.a(fp_split3.o)
                0x000046dc                __fp_split3
                0x000046ec                __fp_splitA
 .text.avr-libc.fplib
                0x00004720        0xe c:/program files (x86)/atmel/studio/7.0/toolchain/avr8/avr8-gnu-toolchain/bin/../lib/gcc/avr/5.4.0/../../../../avr/lib/avr6\libm.a(fp_zero.o)
                0x00004720                __fp_zero
                0x00004722                __fp_szero
 .text._spiCallBack
                0x0000472e       0x34 ../drivers\libIotLibrary.a(display_7seg.o)
 .text.display_7seg_displayHex
                0x00004762      0x150 ../drivers\libIotLibrary.a(display_7seg.o)
                0x00004762                display_7seg_displayHex
 .text.display_7seg_displayErr
                0x000048b2       0x18 ../drivers\libIotLibrary.a(display_7seg.o)
                0x000048b2                display_7seg_displayErr
 .text.display_7seg_powerUp
                0x000048ca        0x8 ../drivers\libIotLibrary.a(display_7seg.o)
                0x000048ca                display_7seg_powerUp
 .text.display_7seg_powerDown
                0x000048d2        0xe ../drivers\libIotLibrary.a(display_7seg.o)
                0x000048d2                display_7seg_powerDown
 .text.display_7seg_initialise
                0x000048e0       0x7c ../drivers\libIotLibrary.a(display_7seg.o)
                0x000048e0                display_7seg_initialise
 .text.__vector_21
                0x0000495c       0xe2 ../drivers\libIotLibrary.a(display_7seg.o)
                0x0000495c                __vector_21
 .text._hihTwiCallback
                0x00004a3e       0x5a ../drivers\libIotLibrary.a(hih8120.o)
 .text.hih8120_initialise
                0x00004a98       0x30 ../drivers\libIotLibrary.a(hih8120.o)
                0x00004a98                hih8120_initialise
 .text.hih8120_wakeup
                0x00004ac8       0x2a ../drivers\libIotLibrary.a(hih8120.o)
                0x00004ac8                hih8120_wakeup
 .text.hih8120_measure
                0x00004af2       0x22 ../drivers\libIotLibrary.a(hih8120.o)
                0x00004af2                hih8120_measure
 .text.hih8120_getHumidity
                0x00004b14       0x2a ../drivers\libIotLibrary.a(hih8120.o)
                0x00004b14                hih8120_getHumidity
 .text.hih8120_getTemperature
                0x00004b3e       0x36 ../drivers\libIotLibrary.a(hih8120.o)
                0x00004b3e                hih8120_getTemperature
 .text.hih8120_getTemperature_x10
                0x00004b74       0x14 ../drivers\libIotLibrary.a(hih8120.o)
                0x00004b74                hih8120_getTemperature_x10
 .text._serialCallBack
                0x00004b88       0x8c ../drivers\libIotLibrary.a(lora_driver.o)
 .text._uploadMessage
                0x00004c14       0xb4 ../drivers\libIotLibrary.a(lora_driver.o)
 .text._reply2ReturnCode
                0x00004cc8       0xea ../drivers\libIotLibrary.a(lora_driver.o)
 .text._uploadMessageRc
                0x00004db2        0x6 ../drivers\libIotLibrary.a(lora_driver.o)
 .text.lora_driver_flushBuffers
                0x00004db8        0xe ../drivers\libIotLibrary.a(lora_driver.o)
                0x00004db8                lora_driver_flushBuffers
 .text.lora_driver_initialise
                0x00004dc6       0x80 ../drivers\libIotLibrary.a(lora_driver.o)
                0x00004dc6                lora_driver_initialise
 .text.lora_driver_resetRn2483
                0x00004e46       0x1c ../drivers\libIotLibrary.a(lora_driver.o)
                0x00004e46                lora_driver_resetRn2483
 .text.lora_driver_rn2483FactoryReset
                0x00004e62       0x24 ../drivers\libIotLibrary.a(lora_driver.o)
                0x00004e62                lora_driver_rn2483FactoryReset
 .text.lora_driver_getRn2483Hweui
                0x00004e86       0x38 ../drivers\libIotLibrary.a(lora_driver.o)
                0x00004e86                lora_driver_getRn2483Hweui
 .text.lora_driver_setDeviceIdentifier
                0x00004ebe       0x22 ../drivers\libIotLibrary.a(lora_driver.o)
                0x00004ebe                lora_driver_setDeviceIdentifier
 .text.lora_driver_setApplicationIdentifier
                0x00004ee0       0x22 ../drivers\libIotLibrary.a(lora_driver.o)
                0x00004ee0                lora_driver_setApplicationIdentifier
 .text.lora_driver_setApplicationKey
                0x00004f02       0x22 ../drivers\libIotLibrary.a(lora_driver.o)
                0x00004f02                lora_driver_setApplicationKey
 .text.lora_driver_saveMac
                0x00004f24        0xc ../drivers\libIotLibrary.a(lora_driver.o)
                0x00004f24                lora_driver_saveMac
 .text.lora_driver_join
                0x00004f30       0x52 ../drivers\libIotLibrary.a(lora_driver.o)
                0x00004f30                lora_driver_join
 .text.lora_driver_sendUploadMessage
                0x00004f82      0x196 ../drivers\libIotLibrary.a(lora_driver.o)
                0x00004f82                lora_driver_sendUploadMessage
 .text.lora_driver_setAdaptiveDataRate
                0x00005118       0x16 ../drivers\libIotLibrary.a(lora_driver.o)
                0x00005118                lora_driver_setAdaptiveDataRate
 .text.lora_driver_setReceiveDelay
                0x0000512e       0x30 ../drivers\libIotLibrary.a(lora_driver.o)
                0x0000512e                lora_driver_setReceiveDelay
 .text.lora_driver_configureToEu868
                0x0000515e      0x1bc ../drivers\libIotLibrary.a(lora_driver.o)
                0x0000515e                lora_driver_configureToEu868
 .text.lora_driver_setOtaaIdentity
                0x0000531a       0x42 ../drivers\libIotLibrary.a(lora_driver.o)
                0x0000531a                lora_driver_setOtaaIdentity
 .text.lora_driver_mapReturnCodeToText
                0x0000535c       0x18 ../drivers\libIotLibrary.a(lora_driver.o)
                0x0000535c                lora_driver_mapReturnCodeToText
 .text.decode_port_no
                0x00005374       0x58 ../drivers\libIotLibrary.a(lora_driver_utils.o)
                0x00005374                decode_port_no
 .text.decode_hexadecimal_string_bytes
                0x000053cc       0x92 ../drivers\libIotLibrary.a(lora_driver_utils.o)
                0x000053cc                decode_hexadecimal_string_bytes
 .text._serialCallBack
                0x0000545e       0xb6 ../drivers\libIotLibrary.a(mh_z19.o)
 .text.mh_z19_initialise
                0x00005514       0x4a ../drivers\libIotLibrary.a(mh_z19.o)
                0x00005514                mh_z19_initialise
 .text.mh_z19_injectCallBack
                0x0000555e        0xa ../drivers\libIotLibrary.a(mh_z19.o)
                0x0000555e                mh_z19_injectCallBack
 .text.mh_z19_takeMeassuring
                0x00005568       0x5e ../drivers\libIotLibrary.a(mh_z19.o)
                0x00005568                mh_z19_takeMeassuring
 .text.rc_servo_setPosition
                0x000055c6       0x30 ../drivers\libIotLibrary.a(rc_servo.o)
                0x000055c6                rc_servo_setPosition
 .text.rc_servo_initialise
                0x000055f6       0x38 ../drivers\libIotLibrary.a(rc_servo.o)
                0x000055f6                rc_servo_initialise
 .text.serial_create
                0x0000562e      0x150 ../drivers\libIotLibrary.a(serial.o)
                0x0000562e                serial_create
 .text.serial_sendByte
                0x0000577e       0x56 ../drivers\libIotLibrary.a(serial.o)
                0x0000577e                serial_sendByte
 .text.serial_sendBytes
                0x000057d4       0xaa ../drivers\libIotLibrary.a(serial.o)
                0x000057d4                serial_sendBytes
 .text.serial_getByte
                0x0000587e       0x40 ../drivers\libIotLibrary.a(serial.o)
                0x0000587e                serial_getByte
 .text.__vector_25
                0x000058be       0xa4 ../drivers\libIotLibrary.a(serial.o)
                0x000058be                __vector_25
 .text.__vector_26
                0x00005962       0x88 ../drivers\libIotLibrary.a(serial.o)
                0x00005962                __vector_26
 .text.__vector_36
                0x000059ea       0xa4 ../drivers\libIotLibrary.a(serial.o)
                0x000059ea                __vector_36
 .text.__vector_37
                0x00005a8e       0x88 ../drivers\libIotLibrary.a(serial.o)
                0x00005a8e                __vector_37
 .text.__vector_51
                0x00005b16       0xa4 ../drivers\libIotLibrary.a(serial.o)
                0x00005b16                __vector_51
 .text.__vector_52
                0x00005bba       0x88 ../drivers\libIotLibrary.a(serial.o)
                0x00005bba                __vector_52
 .text.__vector_54
                0x00005c42       0xa4 ../drivers\libIotLibrary.a(serial.o)
                0x00005c42                __vector_54
 .text.__vector_55
                0x00005ce6       0x88 ../drivers\libIotLibrary.a(serial.o)
                0x00005ce6                __vector_55
 .text.usart_getchar
                0x00005d6e       0x2a ../drivers\libIotLibrary.a(stdio_driver.o)
 .text.usart_putchar
                0x00005d98       0x12 ../drivers\libIotLibrary.a(stdio_driver.o)
 .text.stdio_initialise
                0x00005daa       0x52 ../drivers\libIotLibrary.a(stdio_driver.o)
                0x00005daa                stdio_initialise
 .text._select_instance
                0x00005dfc       0x72 ../drivers\libIotLibrary.a(spi_iha.o)
 .text.spi_create
                0x00005e6e      0x1ae ../drivers\libIotLibrary.a(spi_iha.o)
                0x00005e6e                spi_create
 .text.spi_sendByte
                0x0000601c       0xea ../drivers\libIotLibrary.a(spi_iha.o)
                0x0000601c                spi_sendByte
 .text.__vector_24
                0x00006106      0x136 ../drivers\libIotLibrary.a(spi_iha.o)
                0x00006106                __vector_24
 .text._turn_off
                0x0000623c       0x98 ../drivers\libIotLibrary.a(status_leds.o)
 .text._turn_on
                0x000062d4       0x98 ../drivers\libIotLibrary.a(status_leds.o)
 .text._hal_led_task
                0x0000636c       0x8c ../drivers\libIotLibrary.a(status_leds.o)
 .text.status_leds_initialise
                0x000063f8       0x9c ../drivers\libIotLibrary.a(status_leds.o)
                0x000063f8                status_leds_initialise
 .text.status_leds_slowBlink
                0x00006494       0x46 ../drivers\libIotLibrary.a(status_leds.o)
                0x00006494                status_leds_slowBlink
 .text.status_leds_fastBlink
                0x000064da       0x46 ../drivers\libIotLibrary.a(status_leds.o)
                0x000064da                status_leds_fastBlink
 .text.status_leds_ledOn
                0x00006520       0x1e ../drivers\libIotLibrary.a(status_leds.o)
                0x00006520                status_leds_ledOn
 .text.status_leds_ledOff
                0x0000653e       0x1e ../drivers\libIotLibrary.a(status_leds.o)
                0x0000653e                status_leds_ledOff
 .text.status_leds_longPuls
                0x0000655c       0x24 ../drivers\libIotLibrary.a(status_leds.o)
                0x0000655c                status_leds_longPuls
 .text._callBack
                0x00006580       0x10 ../drivers\libIotLibrary.a(tsl2591.o)
 .text._tsl2591TwiCallback
                0x00006590       0x88 ../drivers\libIotLibrary.a(tsl2591.o)
 .text._twiTransmit
                0x00006618       0x26 ../drivers\libIotLibrary.a(tsl2591.o)
 .text.tsl2591_initialise
                0x0000663e       0x36 ../drivers\libIotLibrary.a(tsl2591.o)
                0x0000663e                tsl2591_initialise
 .text.tsl2591_enable
                0x00006674       0x2a ../drivers\libIotLibrary.a(tsl2591.o)
                0x00006674                tsl2591_enable
 .text.tsl2591_fetchData
                0x0000669e       0x24 ../drivers\libIotLibrary.a(tsl2591.o)
                0x0000669e                tsl2591_fetchData
 .text.tsl2591_getLux
                0x000066c2      0x1b2 ../drivers\libIotLibrary.a(tsl2591.o)
                0x000066c2                tsl2591_getLux
 .text._initTwiInterface
                0x00006874       0x22 ../drivers\libIotLibrary.a(twi.o)
 .text.twiCreate
                0x00006896       0x9a ../drivers\libIotLibrary.a(twi.o)
                0x00006896                twiCreate
 .text.twiIsBusy
                0x00006930        0x8 ../drivers\libIotLibrary.a(twi.o)
                0x00006930                twiIsBusy
 .text.twiTransmit
                0x00006938       0x98 ../drivers\libIotLibrary.a(twi.o)
                0x00006938                twiTransmit
 .text.twiReceive
                0x000069d0       0x66 ../drivers\libIotLibrary.a(twi.o)
                0x000069d0                twiReceive
 .text.__vector_39
                0x00006a36      0x17a ../drivers\libIotLibrary.a(twi.o)
                0x00006a36                __vector_39
 .text.fifo_init
                0x00006bb0       0x38 ../drivers\libIotLibrary.a(fifo.o)
                0x00006bb0                fifo_init
 .text.avr-libc.fplib
                0x00006be8        0xa c:/program files (x86)/atmel/studio/7.0/toolchain/avr8/avr8-gnu-toolchain/bin/../lib/gcc/avr/5.4.0/../../../../avr/lib/avr6\libm.a(addsf3.o)
                0x00006be8                __subsf3
                0x00006bea                __addsf3
 .text.avr-libc.fplib
                0x00006bf2       0xc4 c:/program files (x86)/atmel/studio/7.0/toolchain/avr8/avr8-gnu-toolchain/bin/../lib/gcc/avr/5.4.0/../../../../avr/lib/avr6\libm.a(addsf3x.o)
                0x00006c0c                __addsf3x
 .text.avr-libc.fplib
                0x00006cb6        0x4 c:/program files (x86)/atmel/studio/7.0/toolchain/avr8/avr8-gnu-toolchain/bin/../lib/gcc/avr/5.4.0/../../../../avr/lib/avr6\libm.a(divsf3.o)
                0x00006cb6                __divsf3
 .text.avr-libc.fplib
                0x00006cba       0xd2 c:/program files (x86)/atmel/studio/7.0/toolchain/avr8/avr8-gnu-toolchain/bin/../lib/gcc/avr/5.4.0/../../../../avr/lib/avr6\libm.a(divsf3x.o)
                0x00006cd2                __divsf3x
                0x00006cd8                __divsf3_pse
 .text.avr-libc.fplib
                0x00006d8c       0x7a c:/program files (x86)/atmel/studio/7.0/toolchain/avr8/avr8-gnu-toolchain/bin/../lib/gcc/avr/5.4.0/../../../../avr/lib/avr6\libm.a(floatsisf.o)
                0x00006d8c                __floatunsisf
                0x00006d90                __floatsisf
 .text.avr-libc.fplib
                0x00006e06        0xc c:/program files (x86)/atmel/studio/7.0/toolchain/avr8/avr8-gnu-toolchain/bin/../lib/gcc/avr/5.4.0/../../../../avr/lib/avr6\libm.a(fp_inf.o)
                0x00006e06                __fp_inf
 .text.avr-libc.fplib
                0x00006e12        0x6 c:/program files (x86)/atmel/studio/7.0/toolchain/avr8/avr8-gnu-toolchain/bin/../lib/gcc/avr/5.4.0/../../../../avr/lib/avr6\libm.a(fp_nan.o)
                0x00006e12                __fp_nan
 .text.avr-libc.fplib
                0x00006e18        0xe c:/program files (x86)/atmel/studio/7.0/toolchain/avr8/avr8-gnu-toolchain/bin/../lib/gcc/avr/5.4.0/../../../../avr/lib/avr6\libm.a(fp_pscA.o)
                0x00006e18                __fp_pscA
 .text.avr-libc.fplib
                0x00006e26        0xe c:/program files (x86)/atmel/studio/7.0/toolchain/avr8/avr8-gnu-toolchain/bin/../lib/gcc/avr/5.4.0/../../../../avr/lib/avr6\libm.a(fp_pscB.o)
                0x00006e26                __fp_pscB
 .text.avr-libc.fplib
                0x00006e34       0x22 c:/program files (x86)/atmel/studio/7.0/toolchain/avr8/avr8-gnu-toolchain/bin/../lib/gcc/avr/5.4.0/../../../../avr/lib/avr6\libm.a(fp_round.o)
                0x00006e34                __fp_round
 .text.avr-libc.fplib
                0x00006e56        0x8 c:/program files (x86)/atmel/studio/7.0/toolchain/avr8/avr8-gnu-toolchain/bin/../lib/gcc/avr/5.4.0/../../../../avr/lib/avr6\libm.a(gesf2.o)
                0x00006e56                __gesf2
                0x00006e56                __gtsf2
 .text.avr-libc.fplib
                0x00006e5e        0x4 c:/program files (x86)/atmel/studio/7.0/toolchain/avr8/avr8-gnu-toolchain/bin/../lib/gcc/avr/5.4.0/../../../../avr/lib/avr6\libm.a(mulsf3.o)
                0x00006e5e                __mulsf3
 .text.avr-libc.fplib
                0x00006e62       0xc8 c:/program files (x86)/atmel/studio/7.0/toolchain/avr8/avr8-gnu-toolchain/bin/../lib/gcc/avr/5.4.0/../../../../avr/lib/avr6\libm.a(mulsf3x.o)
                0x00006e78                __mulsf3x
                0x00006e7e                __mulsf3_pse
 .text.avr-libc.fplib
                0x00006f2a       0x48 c:/program files (x86)/atmel/studio/7.0/toolchain/avr8/avr8-gnu-toolchain/bin/../lib/gcc/avr/5.4.0/../../../../avr/lib/avr6\libm.a(fp_cmp.o)
                0x00006f2a                __fp_cmp
 .text.libgcc.div
                0x00006f72       0x44 c:/program files (x86)/atmel/studio/7.0/toolchain/avr8/avr8-gnu-toolchain/bin/../lib/gcc/avr/5.4.0/avr6\libgcc.a(_udivmodsi4.o)
                0x00006f72                __udivmodsi4
 .text.libgcc   0x00006fb6       0x10 c:/program files (x86)/atmel/studio/7.0/toolchain/avr8/avr8-gnu-toolchain/bin/../lib/gcc/avr/5.4.0/avr6\libgcc.a(_tablejump2.o)
                0x00006fb6                __tablejump2__
 .text.avr-libc
                0x00006fc6       0x34 c:/program files (x86)/atmel/studio/7.0/toolchain/avr8/avr8-gnu-toolchain/bin/../lib/gcc/avr/5.4.0/../../../../avr/lib/avr6\libc.a(calloc.o)
                0x00006fc6                calloc
 .text.avr-libc
                0x00006ffa      0x242 c:/program files (x86)/atmel/studio/7.0/toolchain/avr8/avr8-gnu-toolchain/bin/../lib/gcc/avr/5.4.0/../../../../avr/lib/avr6\libc.a(malloc.o)
                0x00006ffa                malloc
                0x0000712a                free
 .text.avr-libc
                0x0000723c        0x8 c:/program files (x86)/atmel/studio/7.0/toolchain/avr8/avr8-gnu-toolchain/bin/../lib/gcc/avr/5.4.0/../../../../avr/lib/avr6\libc.a(abort.o)
                0x0000723c                abort
 .text.avr-libc
                0x00007244       0x12 c:/program files (x86)/atmel/studio/7.0/toolchain/avr8/avr8-gnu-toolchain/bin/../lib/gcc/avr/5.4.0/../../../../avr/lib/avr6\libc.a(memcpy.o)
                0x00007244                memcpy
 .text.avr-libc
                0x00007256        0xe c:/program files (x86)/atmel/studio/7.0/toolchain/avr8/avr8-gnu-toolchain/bin/../lib/gcc/avr/5.4.0/../../../../avr/lib/avr6\libc.a(memset.o)
                0x00007256                memset
 .text.avr-libc
                0x00007264       0x4a c:/program files (x86)/atmel/studio/7.0/toolchain/avr8/avr8-gnu-toolchain/bin/../lib/gcc/avr/5.4.0/../../../../avr/lib/avr6\libc.a(strcasestr.o)
                0x00007264                strcasestr
 .text.avr-libc
                0x000072ae       0x16 c:/program files (x86)/atmel/studio/7.0/toolchain/avr8/avr8-gnu-toolchain/bin/../lib/gcc/avr/5.4.0/../../../../avr/lib/avr6\libc.a(strcat.o)
                0x000072ae                strcat
 .text.avr-libc
                0x000072c4        0xe c:/program files (x86)/atmel/studio/7.0/toolchain/avr8/avr8-gnu-toolchain/bin/../lib/gcc/avr/5.4.0/../../../../avr/lib/avr6\libc.a(strcpy.o)
                0x000072c4                strcpy
 .text.avr-libc
                0x000072d2       0x30 c:/program files (x86)/atmel/studio/7.0/toolchain/avr8/avr8-gnu-toolchain/bin/../lib/gcc/avr/5.4.0/../../../../avr/lib/avr6\libc.a(strncasecmp.o)
                0x000072d2                strncasecmp
 .text.avr-libc
                0x00007302       0x14 c:/program files (x86)/atmel/studio/7.0/toolchain/avr8/avr8-gnu-toolchain/bin/../lib/gcc/avr/5.4.0/../../../../avr/lib/avr6\libc.a(strupr.o)
                0x00007302                strupr
 .text.avr-libc
                0x00007316       0x26 c:/program files (x86)/atmel/studio/7.0/toolchain/avr8/avr8-gnu-toolchain/bin/../lib/gcc/avr/5.4.0/../../../../avr/lib/avr6\libc.a(printf.o)
                0x00007316                printf
 .text.avr-libc
                0x0000733c       0x60 c:/program files (x86)/atmel/studio/7.0/toolchain/avr8/avr8-gnu-toolchain/bin/../lib/gcc/avr/5.4.0/../../../../avr/lib/avr6\libc.a(puts.o)
                0x0000733c                puts
 .text.avr-libc
                0x0000739c       0x78 c:/program files (x86)/atmel/studio/7.0/toolchain/avr8/avr8-gnu-toolchain/bin/../lib/gcc/avr/5.4.0/../../../../avr/lib/avr6\libc.a(snprintf.o)
                0x0000739c                snprintf
 .text.avr-libc
                0x00007414       0x5c c:/program files (x86)/atmel/studio/7.0/toolchain/avr8/avr8-gnu-toolchain/bin/../lib/gcc/avr/5.4.0/../../../../avr/lib/avr6\libc.a(sprintf.o)
                0x00007414                sprintf
 .text.avr-libc
                0x00007470      0x3fa c:/program files (x86)/atmel/studio/7.0/toolchain/avr8/avr8-gnu-toolchain/bin/../lib/gcc/avr/5.4.0/../../../../avr/lib/avr6\libc.a(vfprintf_std.o)
                0x00007470                vfprintf
 .text.avr-libc
                0x0000786a       0x16 c:/program files (x86)/atmel/studio/7.0/toolchain/avr8/avr8-gnu-toolchain/bin/../lib/gcc/avr/5.4.0/../../../../avr/lib/avr6\libc.a(strnlen_P.o)
                0x0000786a                strnlen_P
 .text.avr-libc
                0x00007880       0x16 c:/program files (x86)/atmel/studio/7.0/toolchain/avr8/avr8-gnu-toolchain/bin/../lib/gcc/avr/5.4.0/../../../../avr/lib/avr6\libc.a(strnlen.o)
                0x00007880                strnlen
 .text.avr-libc
                0x00007896       0x78 c:/program files (x86)/atmel/studio/7.0/toolchain/avr8/avr8-gnu-toolchain/bin/../lib/gcc/avr/5.4.0/../../../../avr/lib/avr6\libc.a(fputc.o)
                0x00007896                fputc
 .text.avr-libc
                0x0000790e       0xbc c:/program files (x86)/atmel/studio/7.0/toolchain/avr8/avr8-gnu-toolchain/bin/../lib/gcc/avr/5.4.0/../../../../avr/lib/avr6\libc.a(ultoa_invert.o)
                0x0000790e                __ultoa_invert
                0x000079ca                . = ALIGN (0x2)
 *(.fini9)
 .fini9         0x000079ca        0x0 c:/program files (x86)/atmel/studio/7.0/toolchain/avr8/avr8-gnu-toolchain/bin/../lib/gcc/avr/5.4.0/avr6\libgcc.a(_exit.o)
                0x000079ca                _exit
                0x000079ca                exit
 *(.fini9)
 *(.fini8)
 *(.fini8)
 *(.fini7)
 *(.fini7)
 *(.fini6)
 *(.fini6)
 *(.fini5)
 *(.fini5)
 *(.fini4)
 *(.fini4)
 *(.fini3)
 *(.fini3)
 *(.fini2)
 *(.fini2)
 *(.fini1)
 *(.fini1)
 *(.fini0)
 .fini0         0x000079ca        0x4 c:/program files (x86)/atmel/studio/7.0/toolchain/avr8/avr8-gnu-toolchain/bin/../lib/gcc/avr/5.4.0/avr6\libgcc.a(_exit.o)
 *(.fini0)
                0x000079ce                _etext = .

.data           0x00800200      0x6e6 load address 0x000079ce
                0x00800200                PROVIDE (__data_start, .)
 *(.data)
 .data          0x00800200        0x6 c:/program files (x86)/atmel/studio/7.0/toolchain/avr8/avr8-gnu-toolchain/bin/../lib/gcc/avr/5.4.0/../../../../avr/lib/avr6\libc.a(malloc.o)
                0x00800200                __malloc_heap_end
                0x00800202                __malloc_heap_start
                0x00800204                __malloc_margin
 *(.data*)
 .data.uxTopUsedPriority
                0x00800206        0x1 FreeRTOS/src/tasks.o
                0x00800206                uxTopUsedPriority
 .data._temp    0x00800207        0x2 ../drivers\libIotLibrary.a(hih8120.o)
 .data._hum     0x00800209        0x2 ../drivers\libIotLibrary.a(hih8120.o)
 .data._com_port_2_udr
                0x0080020b        0x8 ../drivers\libIotLibrary.a(serial.o)
                0x0080020b                _com_port_2_udr
 .data.mystdout.1882
                0x00800213        0xe ../drivers\libIotLibrary.a(stdio_driver.o)
 .data._twiCurrentState
                0x00800221        0x1 ../drivers\libIotLibrary.a(twi.o)
 *(.gnu.linkonce.d*)
 *(.rodata)
 .rodata        0x00800222       0x20 ../drivers\libIotLibrary.a(lora_driver.o)
 .rodata        0x00800242       0x2d ../drivers\libIotLibrary.a(mh_z19.o)
 *(.rodata*)
 .rodata.str1.1
                0x0080026f       0x10 comm_queue.o
 .rodata.str1.1
                0x0080027f       0x17 configuration.o
 .rodata.str1.1
                0x00800296       0x56 connect_lwan.o
                                 0x59 (size before relaxing)
 .rodata.str1.1
                0x008002ec       0x45 event_groups.o
 .rodata.str1.1
                0x00800331        0x7 leds_numbers_task.o
 .rodata.str1.1
                0x00800338       0x67 main.o
 .rodata.str1.1
                0x0080039f       0x18 message_buffers.o
 .rodata.str1.1
                0x008003b7       0xfb tasks/app_task.o
                                0x100 (size before relaxing)
 .rodata.str1.1
                0x008004b2       0x59 tasks/comms/down_link_task.o
                                 0x60 (size before relaxing)
 .rodata.str1.1
                0x0080050b       0x20 tasks/comms/up_link_task.o
                                 0x25 (size before relaxing)
 .rodata.str1.1
                0x0080052b       0x30 tasks/sensors/co2_task.o
 .rodata.str1.1
                0x0080055b       0x15 tasks/sensors/lux_task.o
 .rodata.str1.1
                0x00800570       0x40 tasks/sensors/temp_hum_task.o
 .rodata.str1.1
                0x008005b0       0x3d tasks/servo/servo_task.o
                                 0x40 (size before relaxing)
 .rodata.str1.1
                0x008005ed        0x5 FreeRTOS/src/tasks.o
 .rodata.str1.1
                0x008005f2        0x8 FreeRTOS/src/timers.o
 .rodata._int2Seg
                0x008005fa       0x10 ../drivers\libIotLibrary.a(display_7seg.o)
 .rodata.str1.1
                0x0080060a      0x295 ../drivers\libIotLibrary.a(lora_driver.o)
                                0x2a5 (size before relaxing)
 .rodata._joinMode
                0x0080089f        0x4 ../drivers\libIotLibrary.a(lora_driver.o)
 .rodata._returnCode
                0x008008a3       0x33 ../drivers\libIotLibrary.a(lora_driver.o)
                0x008008a3                _returnCode
 .rodata._prescaler_mask
                0x008008d6        0x7 ../drivers\libIotLibrary.a(spi_iha.o)
 .rodata.str1.1
                0x008008dd        0x8 ../drivers\libIotLibrary.a(status_leds.o)
 *(.gnu.linkonce.r*)
                0x008008e6                . = ALIGN (0x2)
 *fill*         0x008008e5        0x1 
                0x008008e6                _edata = .
                0x008008e6                PROVIDE (__data_end, .)

.bss            0x008008e6     0x107a
                0x008008e6                PROVIDE (__bss_start, .)
 *(.bss)
 *(.bss*)
 .bss.ready     0x008008e6        0x2 tasks/sensors/lux_task.o
                0x008008e6                ready
 .bss.xBlockAllocatedBit
                0x008008e8        0x2 FreeRTOS/src/heap_4.o
 .bss.xNumberOfSuccessfulFrees
                0x008008ea        0x2 FreeRTOS/src/heap_4.o
 .bss.xNumberOfSuccessfulAllocations
                0x008008ec        0x2 FreeRTOS/src/heap_4.o
 .bss.xMinimumEverFreeBytesRemaining
                0x008008ee        0x2 FreeRTOS/src/heap_4.o
 .bss.xFreeBytesRemaining
                0x008008f0        0x2 FreeRTOS/src/heap_4.o
 .bss.pxEnd     0x008008f2        0x2 FreeRTOS/src/heap_4.o
 .bss.xStart    0x008008f4        0x4 FreeRTOS/src/heap_4.o
 .bss.ucHeap    0x008008f8      0xdac FreeRTOS/src/heap_4.o
 .bss.uxSchedulerSuspended
                0x008016a4        0x1 FreeRTOS/src/tasks.o
 .bss.xIdleTaskHandle
                0x008016a5        0x2 FreeRTOS/src/tasks.o
 .bss.xNextTaskUnblockTime
                0x008016a7        0x4 FreeRTOS/src/tasks.o
 .bss.uxTaskNumber
                0x008016ab        0x1 FreeRTOS/src/tasks.o
 .bss.xNumOfOverflows
                0x008016ac        0x1 FreeRTOS/src/tasks.o
 .bss.xYieldPending
                0x008016ad        0x1 FreeRTOS/src/tasks.o
 .bss.xPendedTicks
                0x008016ae        0x4 FreeRTOS/src/tasks.o
 .bss.xSchedulerRunning
                0x008016b2        0x1 FreeRTOS/src/tasks.o
 .bss.uxTopReadyPriority
                0x008016b3        0x1 FreeRTOS/src/tasks.o
 .bss.xTickCount
                0x008016b4        0x4 FreeRTOS/src/tasks.o
 .bss.uxCurrentNumberOfTasks
                0x008016b8        0x1 FreeRTOS/src/tasks.o
 .bss.xSuspendedTaskList
                0x008016b9        0xb FreeRTOS/src/tasks.o
 .bss.uxDeletedTasksWaitingCleanUp
                0x008016c4        0x1 FreeRTOS/src/tasks.o
 .bss.xTasksWaitingTermination
                0x008016c5        0xb FreeRTOS/src/tasks.o
 .bss.xPendingReadyList
                0x008016d0        0xb FreeRTOS/src/tasks.o
 .bss.pxOverflowDelayedTaskList
                0x008016db        0x2 FreeRTOS/src/tasks.o
 .bss.pxDelayedTaskList
                0x008016dd        0x2 FreeRTOS/src/tasks.o
 .bss.xDelayedTaskList2
                0x008016df        0xb FreeRTOS/src/tasks.o
 .bss.xDelayedTaskList1
                0x008016ea        0xb FreeRTOS/src/tasks.o
 .bss.pxReadyTasksLists
                0x008016f5       0x6e FreeRTOS/src/tasks.o
 .bss.pxCurrentTCB
                0x00801763        0x2 FreeRTOS/src/tasks.o
                0x00801763                pxCurrentTCB
 .bss.xLastTime.2436
                0x00801765        0x4 FreeRTOS/src/timers.o
 .bss.xTimerTaskHandle
                0x00801769        0x2 FreeRTOS/src/timers.o
 .bss.xTimerQueue
                0x0080176b        0x2 FreeRTOS/src/timers.o
 .bss.pxOverflowTimerList
                0x0080176d        0x2 FreeRTOS/src/timers.o
 .bss.pxCurrentTimerList
                0x0080176f        0x2 FreeRTOS/src/timers.o
 .bss.xActiveTimerList2
                0x00801771        0xb FreeRTOS/src/timers.o
 .bss.xActiveTimerList1
                0x0080177c        0xb FreeRTOS/src/timers.o
 .bss._displayDoneCallBack
                0x00801787        0x2 ../drivers\libIotLibrary.a(display_7seg.o)
 .bss._scrollIndex
                0x00801789        0x1 ../drivers\libIotLibrary.a(display_7seg.o)
 .bss._maxHexSegmentindex
                0x0080178a        0x1 ../drivers\libIotLibrary.a(display_7seg.o)
 .bss._intCounter
                0x0080178b        0x2 ../drivers\libIotLibrary.a(display_7seg.o)
 .bss._hexStringLength
                0x0080178d        0x1 ../drivers\libIotLibrary.a(display_7seg.o)
 .bss._hexSegments
                0x0080178e       0x26 ../drivers\libIotLibrary.a(display_7seg.o)
 .bss._digitSegments
                0x008017b4        0x4 ../drivers\libIotLibrary.a(display_7seg.o)
 .bss._digitNo  0x008017b8        0x1 ../drivers\libIotLibrary.a(display_7seg.o)
 .bss._spi      0x008017b9        0x2 ../drivers\libIotLibrary.a(display_7seg.o)
 .bss._measuringIsReady
                0x008017bb        0x1 ../drivers\libIotLibrary.a(hih8120.o)
 .bss._hih8120Handler
                0x008017bc        0x2 ../drivers\libIotLibrary.a(hih8120.o)
 .bss._tmp_buf.2871
                0x008017be       0x37 ../drivers\libIotLibrary.a(lora_driver.o)
 .bss.rec_buf_inp.2878
                0x008017f5        0x1 ../drivers\libIotLibrary.a(lora_driver.o)
 .bss._downlinkMessageBuffer
                0x008017f6        0x2 ../drivers\libIotLibrary.a(lora_driver.o)
 .bss._serialReplyBufferHandle
                0x008017f8        0x2 ../drivers\libIotLibrary.a(lora_driver.o)
 .bss._rn2483_serial
                0x008017fa        0x2 ../drivers\libIotLibrary.a(lora_driver.o)
 .bss._downlinkPayload
                0x008017fc       0x16 ../drivers\libIotLibrary.a(lora_driver.o)
 .bss._payLoadHexBytes
                0x00801812       0x15 ../drivers\libIotLibrary.a(lora_driver.o)
 .bss._recMessageBuf
                0x00801827       0x2d ../drivers\libIotLibrary.a(lora_driver.o)
 .bss._sendMessage
                0x00801854       0x2d ../drivers\libIotLibrary.a(lora_driver.o)
 .bss._replyMess
                0x00801881       0x2d ../drivers\libIotLibrary.a(lora_driver.o)
 .bss.data.1944
                0x008018ae        0x2 ../drivers\libIotLibrary.a(mh_z19.o)
 .bss.inDex.1943
                0x008018b0        0x1 ../drivers\libIotLibrary.a(mh_z19.o)
 .bss.crc_sum.1945
                0x008018b1        0x1 ../drivers\libIotLibrary.a(mh_z19.o)
 .bss._appCallBack
                0x008018b2        0x2 ../drivers\libIotLibrary.a(mh_z19.o)
 .bss._mh_state
                0x008018b4        0x1 ../drivers\libIotLibrary.a(mh_z19.o)
                0x008018b4                _mh_state
 .bss._ppm      0x008018b5        0x2 ../drivers\libIotLibrary.a(mh_z19.o)
 .bss._serial   0x008018b7        0x2 ../drivers\libIotLibrary.a(mh_z19.o)
 .bss._ser_handle
                0x008018b9        0x8 ../drivers\libIotLibrary.a(serial.o)
 .bss._com_serial_instance
                0x008018c1        0x2 ../drivers\libIotLibrary.a(stdio_driver.o)
 .bss._initialised
                0x008018c3        0x1 ../drivers\libIotLibrary.a(spi_iha.o)
 .bss._this     0x008018c4        0x2 ../drivers\libIotLibrary.a(spi_iha.o)
 .bss._spi_active
                0x008018c6        0x1 ../drivers\libIotLibrary.a(spi_iha.o)
 .bss._led_status
                0x008018c7       0x18 ../drivers\libIotLibrary.a(status_leds.o)
 .bss._infraredRaw
                0x008018df        0x2 ../drivers\libIotLibrary.a(tsl2591.o)
 .bss._fullSpectrumRaw
                0x008018e1        0x2 ../drivers\libIotLibrary.a(tsl2591.o)
 .bss._deviceId
                0x008018e3        0x1 ../drivers\libIotLibrary.a(tsl2591.o)
 .bss._currentIntegrationTime
                0x008018e4        0x1 ../drivers\libIotLibrary.a(tsl2591.o)
 .bss._currentGain
                0x008018e5        0x1 ../drivers\libIotLibrary.a(tsl2591.o)
 .bss._nextState
                0x008018e6        0x1 ../drivers\libIotLibrary.a(tsl2591.o)
 .bss._callBackFunction
                0x008018e7        0x2 ../drivers\libIotLibrary.a(tsl2591.o)
 .bss._twiHandler
                0x008018e9        0x2 ../drivers\libIotLibrary.a(tsl2591.o)
 .bss._index.1885
                0x008018eb        0x1 ../drivers\libIotLibrary.a(twi.o)
 .bss._twiCurrentHandler
                0x008018ec        0x2 ../drivers\libIotLibrary.a(twi.o)
 .bss._twiMessageLen
                0x008018ee        0x1 ../drivers\libIotLibrary.a(twi.o)
 .bss._twiMessageBuffer
                0x008018ef        0xa ../drivers\libIotLibrary.a(twi.o)
 .bss._twiIsInitiated
                0x008018f9        0x1 ../drivers\libIotLibrary.a(twi.o)
 *(COMMON)
 COMMON         0x008018fa        0x2 comm_queue.o
                0x008018fa                commQUE
 COMMON         0x008018fc        0x4 configuration.o
                0x008018fc                servoAngle
                0x008018fe                configMutex
 COMMON         0x00801900        0x6 event_groups.o
                0x00801900                numbersEventGroup
                0x00801902                dataReadyEventGroup
                0x00801904                measureEventGroup
 COMMON         0x00801906       0x20 leds_numbers_task.o
                0x00801906                _LED_BLINK_STATUS
                0x00801916                _LED_STATUS
 COMMON         0x00801926        0x4 message_buffers.o
                0x00801926                upLinkMessageBuffer
                0x00801928                downLinkMessageBuffer
 COMMON         0x0080192a       0x1e packer.o
                0x0080192a                g_lux
                0x0080192c                g_co2
                0x0080192e                g_hum
                0x00801930                loraPayload
                0x00801946                g_temp
 COMMON         0x00801948        0x4 tasks/comms/down_link_task.o
                0x00801948                last_cfg
                0x0080194a                newConfig
 COMMON         0x0080194c        0x3 tasks/sensors/co2_task.o
                0x0080194c                rc
                0x0080194d                last_ppm
 COMMON         0x0080194f        0x2 tasks/sensors/lux_task.o
                0x0080194f                last_lux
 COMMON         0x00801951        0x4 tasks/sensors/temp_hum_task.o
                0x00801951                last_hum
                0x00801953                last_temp
 COMMON         0x00801955        0x1 tasks/servo/servo_task.o
                0x00801955                last_angle
 COMMON         0x00801956        0x4 c:/program files (x86)/atmel/studio/7.0/toolchain/avr8/avr8-gnu-toolchain/bin/../lib/gcc/avr/5.4.0/../../../../avr/lib/avr6\libc.a(malloc.o)
                0x00801956                __brkval
                0x00801958                __flp
 COMMON         0x0080195a        0x6 c:/program files (x86)/atmel/studio/7.0/toolchain/avr8/avr8-gnu-toolchain/bin/../lib/gcc/avr/5.4.0/../../../../avr/lib/avr6\libc.a(iob.o)
                0x0080195a                __iob
                0x00801960                PROVIDE (__bss_end, .)
                0x000079ce                __data_load_start = LOADADDR (.data)
                0x000080b4                __data_load_end = (__data_load_start + SIZEOF (.data))

.noinit         0x00801960        0x0
                [!provide]                PROVIDE (__noinit_start, .)
 *(.noinit*)
                [!provide]                PROVIDE (__noinit_end, .)
                0x00801960                _end = .
                0x00801960                PROVIDE (__heap_start, .)

.eeprom         0x00810000        0x0
 *(.eeprom*)
                0x00810000                __eeprom_end = .

.fuse
 *(.fuse)
 *(.lfuse)
 *(.hfuse)
 *(.efuse)

.lock
 *(.lock*)

.signature
 *(.signature*)

.user_signatures
 *(.user_signatures*)

.stab
 *(.stab)

.stabstr
 *(.stabstr)

.stab.excl
 *(.stab.excl)

.stab.exclstr
 *(.stab.exclstr)

.stab.index
 *(.stab.index)

.stab.indexstr
 *(.stab.indexstr)

.comment        0x00000000       0x5c
 *(.comment)
 .comment       0x00000000       0x30 comm_queue.o
                                 0x31 (size before relaxing)
 .comment       0x00000030       0x31 configuration.o
 .comment       0x00000030       0x31 connect_lwan.o
 .comment       0x00000030       0x31 event_groups.o
 .comment       0x00000030       0x31 leds_numbers_task.o
 .comment       0x00000030       0x31 main.o
 .comment       0x00000030       0x31 message_buffers.o
 .comment       0x00000030       0x31 packer.o
 .comment       0x00000030       0x31 tasks/app_task.o
 .comment       0x00000030       0x31 tasks/comms/down_link_task.o
 .comment       0x00000030       0x31 tasks/comms/up_link_task.o
 .comment       0x00000030       0x31 tasks/sensors/co2_task.o
 .comment       0x00000030       0x31 tasks/sensors/lux_task.o
 .comment       0x00000030       0x31 tasks/sensors/temp_hum_task.o
 .comment       0x00000030       0x31 tasks/servo/servo_task.o
 .comment       0x00000030       0x31 FreeRTOS/src/event_groups.o
 .comment       0x00000030       0x31 FreeRTOS/src/heap_4.o
 .comment       0x00000030       0x31 FreeRTOS/src/list.o
 .comment       0x00000030       0x31 FreeRTOS/src/port.o
 .comment       0x00000030       0x31 FreeRTOS/src/queue.o
 .comment       0x00000030       0x31 FreeRTOS/src/stream_buffer.o
 .comment       0x00000030       0x31 FreeRTOS/src/tasks.o
 .comment       0x00000030       0x31 FreeRTOS/src/timers.o
 .comment       0x00000030       0x31 FreeRTOS/src/variantHooks.o
 .comment       0x00000030       0x31 ../drivers\libIotLibrary.a(display_7seg.o)
 .comment       0x00000030       0x31 ../drivers\libIotLibrary.a(hih8120.o)
 .comment       0x00000030       0x31 ../drivers\libIotLibrary.a(lora_driver.o)
 .comment       0x00000030       0x31 ../drivers\libIotLibrary.a(lora_driver_utils.o)
 .comment       0x00000030       0x31 ../drivers\libIotLibrary.a(mh_z19.o)
 .comment       0x00000030       0x31 ../drivers\libIotLibrary.a(rc_servo.o)
 .comment       0x00000030       0x31 ../drivers\libIotLibrary.a(serial.o)
 .comment       0x00000030       0x31 ../drivers\libIotLibrary.a(stdio_driver.o)
 .comment       0x00000030       0x31 ../drivers\libIotLibrary.a(spi_iha.o)
 .comment       0x00000030       0x31 ../drivers\libIotLibrary.a(status_leds.o)
 .comment       0x00000030       0x31 ../drivers\libIotLibrary.a(tsl2591.o)
 .comment       0x00000030       0x31 ../drivers\libIotLibrary.a(twi.o)
 .comment       0x00000030       0x31 ../drivers\libIotLibrary.a(fifo.o)
 .comment       0x00000030       0x31 c:/program files (x86)/atmel/studio/7.0/toolchain/avr8/avr8-gnu-toolchain/bin/../lib/gcc/avr/5.4.0/../../../../avr/lib/avr6\libc.a(calloc.o)
 .comment       0x00000030       0x31 c:/program files (x86)/atmel/studio/7.0/toolchain/avr8/avr8-gnu-toolchain/bin/../lib/gcc/avr/5.4.0/../../../../avr/lib/avr6\libc.a(malloc.o)
 .comment       0x00000030       0x31 c:/program files (x86)/atmel/studio/7.0/toolchain/avr8/avr8-gnu-toolchain/bin/../lib/gcc/avr/5.4.0/../../../../avr/lib/avr6\libc.a(iob.o)
 .comment       0x00000030       0x31 c:/program files (x86)/atmel/studio/7.0/toolchain/avr8/avr8-gnu-toolchain/bin/../lib/gcc/avr/5.4.0/../../../../avr/lib/avr6\libc.a(printf.o)
 .comment       0x00000030       0x31 c:/program files (x86)/atmel/studio/7.0/toolchain/avr8/avr8-gnu-toolchain/bin/../lib/gcc/avr/5.4.0/../../../../avr/lib/avr6\libc.a(puts.o)
 .comment       0x00000030       0x31 c:/program files (x86)/atmel/studio/7.0/toolchain/avr8/avr8-gnu-toolchain/bin/../lib/gcc/avr/5.4.0/../../../../avr/lib/avr6\libc.a(snprintf.o)
 .comment       0x00000030       0x31 c:/program files (x86)/atmel/studio/7.0/toolchain/avr8/avr8-gnu-toolchain/bin/../lib/gcc/avr/5.4.0/../../../../avr/lib/avr6\libc.a(sprintf.o)
 .comment       0x00000030       0x2c c:/program files (x86)/atmel/studio/7.0/toolchain/avr8/avr8-gnu-toolchain/bin/../lib/gcc/avr/5.4.0/../../../../avr/lib/avr6\libc.a(vfprintf_std.o)
                                 0x2d (size before relaxing)
 .comment       0x0000005c       0x31 c:/program files (x86)/atmel/studio/7.0/toolchain/avr8/avr8-gnu-toolchain/bin/../lib/gcc/avr/5.4.0/../../../../avr/lib/avr6\libc.a(fputc.o)

.note.gnu.avr.deviceinfo
                0x00000000       0x40
 .note.gnu.avr.deviceinfo
                0x00000000       0x40 C:/Program Files (x86)/Atmel/Studio/7.0/Packs/atmel/ATmega_DFP/1.6.364/gcc/dev/atmega2560/avr6/crtatmega2560.o

.note.gnu.build-id
 *(.note.gnu.build-id)

.debug
 *(.debug)

.line
 *(.line)

.debug_srcinfo
 *(.debug_srcinfo)

.debug_sfnames
 *(.debug_sfnames)

.debug_aranges  0x00000000      0xe18
 *(.debug_aranges)
 .debug_aranges
                0x00000000       0x30 comm_queue.o
 .debug_aranges
                0x00000030       0x30 configuration.o
 .debug_aranges
                0x00000060       0x20 connect_lwan.o
 .debug_aranges
                0x00000080       0x38 event_groups.o
 .debug_aranges
                0x000000b8       0x60 leds_numbers_task.o
 .debug_aranges
                0x00000118       0x38 main.o
 .debug_aranges
                0x00000150       0x30 message_buffers.o
 .debug_aranges
                0x00000180       0x40 packer.o
 .debug_aranges
                0x000001c0       0x28 tasks/app_task.o
 .debug_aranges
                0x000001e8       0x28 tasks/comms/down_link_task.o
 .debug_aranges
                0x00000210       0x28 tasks/comms/up_link_task.o
 .debug_aranges
                0x00000238       0x30 tasks/sensors/co2_task.o
 .debug_aranges
                0x00000268       0x38 tasks/sensors/lux_task.o
 .debug_aranges
                0x000002a0       0x38 tasks/sensors/temp_hum_task.o
 .debug_aranges
                0x000002d8       0x30 tasks/servo/servo_task.o
 .debug_aranges
                0x00000308       0x68 FreeRTOS/src/event_groups.o
 .debug_aranges
                0x00000370       0x58 FreeRTOS/src/heap_4.o
 .debug_aranges
                0x000003c8       0x40 FreeRTOS/src/list.o
 .debug_aranges
                0x00000408       0x58 FreeRTOS/src/port.o
 .debug_aranges
                0x00000460       0xf8 FreeRTOS/src/queue.o
 .debug_aranges
                0x00000558       0xc0 FreeRTOS/src/stream_buffer.o
 .debug_aranges
                0x00000618      0x1d0 FreeRTOS/src/tasks.o
 .debug_aranges
                0x000007e8       0xc8 FreeRTOS/src/timers.o
 .debug_aranges
                0x000008b0       0x40 FreeRTOS/src/variantHooks.o
 .debug_aranges
                0x000008f0       0x58 ../drivers\libIotLibrary.a(display_7seg.o)
 .debug_aranges
                0x00000948       0x68 ../drivers\libIotLibrary.a(hih8120.o)
 .debug_aranges
                0x000009b0      0x138 ../drivers\libIotLibrary.a(lora_driver.o)
 .debug_aranges
                0x00000ae8       0x28 ../drivers\libIotLibrary.a(lora_driver_utils.o)
 .debug_aranges
                0x00000b10       0x58 ../drivers\libIotLibrary.a(mh_z19.o)
 .debug_aranges
                0x00000b68       0x28 ../drivers\libIotLibrary.a(rc_servo.o)
 .debug_aranges
                0x00000b90       0x90 ../drivers\libIotLibrary.a(serial.o)
 .debug_aranges
                0x00000c20       0x38 ../drivers\libIotLibrary.a(stdio_driver.o)
 .debug_aranges
                0x00000c58       0x40 ../drivers\libIotLibrary.a(spi_iha.o)
 .debug_aranges
                0x00000c98       0x68 ../drivers\libIotLibrary.a(status_leds.o)
 .debug_aranges
                0x00000d00       0xa8 ../drivers\libIotLibrary.a(tsl2591.o)
 .debug_aranges
                0x00000da8       0x50 ../drivers\libIotLibrary.a(twi.o)
 .debug_aranges
                0x00000df8       0x20 ../drivers\libIotLibrary.a(fifo.o)

.debug_pubnames
 *(.debug_pubnames)

.debug_info     0x00000000    0x11531
 *(.debug_info .gnu.linkonce.wi.*)
 .debug_info    0x00000000      0xbbc C:/Program Files (x86)/Atmel/Studio/7.0/Packs/atmel/ATmega_DFP/1.6.364/gcc/dev/atmega2560/avr6/crtatmega2560.o
 .debug_info    0x00000bbc      0x257 comm_queue.o
 .debug_info    0x00000e13      0x193 configuration.o
 .debug_info    0x00000fa6      0x5c0 connect_lwan.o
 .debug_info    0x00001566      0x1d4 event_groups.o
 .debug_info    0x0000173a      0x475 leds_numbers_task.o
 .debug_info    0x00001baf      0x50b main.o
 .debug_info    0x000020ba      0x1af message_buffers.o
 .debug_info    0x00002269      0x200 packer.o
 .debug_info    0x00002469      0x7f5 tasks/app_task.o
 .debug_info    0x00002c5e      0x591 tasks/comms/down_link_task.o
 .debug_info    0x000031ef      0x31b tasks/comms/up_link_task.o
 .debug_info    0x0000350a      0x3f3 tasks/sensors/co2_task.o
 .debug_info    0x000038fd      0x3ff tasks/sensors/lux_task.o
 .debug_info    0x00003cfc      0x445 tasks/sensors/temp_hum_task.o
 .debug_info    0x00004141      0x45a tasks/servo/servo_task.o
 .debug_info    0x0000459b      0x971 FreeRTOS/src/event_groups.o
 .debug_info    0x00004f0c      0x4e6 FreeRTOS/src/heap_4.o
 .debug_info    0x000053f2      0x2e7 FreeRTOS/src/list.o
 .debug_info    0x000056d9      0x2ff FreeRTOS/src/port.o
 .debug_info    0x000059d8     0x17e6 FreeRTOS/src/queue.o
 .debug_info    0x000071be     0x13df FreeRTOS/src/stream_buffer.o
 .debug_info    0x0000859d     0x2239 FreeRTOS/src/tasks.o
 .debug_info    0x0000a7d6     0x10dd FreeRTOS/src/timers.o
 .debug_info    0x0000b8b3      0x20f FreeRTOS/src/variantHooks.o
 .debug_info    0x0000bac2      0x5b8 ../drivers\libIotLibrary.a(display_7seg.o)
 .debug_info    0x0000c07a      0x3a9 ../drivers\libIotLibrary.a(hih8120.o)
 .debug_info    0x0000c423     0x1747 ../drivers\libIotLibrary.a(lora_driver.o)
 .debug_info    0x0000db6a      0x143 ../drivers\libIotLibrary.a(lora_driver_utils.o)
 .debug_info    0x0000dcad      0x556 ../drivers\libIotLibrary.a(mh_z19.o)
 .debug_info    0x0000e203      0x10f ../drivers\libIotLibrary.a(rc_servo.o)
 .debug_info    0x0000e312      0xd9c ../drivers\libIotLibrary.a(serial.o)
 .debug_info    0x0000f0ae      0x3b6 ../drivers\libIotLibrary.a(stdio_driver.o)
 .debug_info    0x0000f464      0xaf1 ../drivers\libIotLibrary.a(spi_iha.o)
 .debug_info    0x0000ff55      0x522 ../drivers\libIotLibrary.a(status_leds.o)
 .debug_info    0x00010477      0x99a ../drivers\libIotLibrary.a(tsl2591.o)
 .debug_info    0x00010e11      0x55d ../drivers\libIotLibrary.a(twi.o)
 .debug_info    0x0001136e      0x1c3 ../drivers\libIotLibrary.a(fifo.o)

.debug_abbrev   0x00000000     0x48d7
 *(.debug_abbrev)
 .debug_abbrev  0x00000000      0xb1a C:/Program Files (x86)/Atmel/Studio/7.0/Packs/atmel/ATmega_DFP/1.6.364/gcc/dev/atmega2560/avr6/crtatmega2560.o
 .debug_abbrev  0x00000b1a      0x12f comm_queue.o
 .debug_abbrev  0x00000c49      0x102 configuration.o
 .debug_abbrev  0x00000d4b      0x120 connect_lwan.o
 .debug_abbrev  0x00000e6b       0xf4 event_groups.o
 .debug_abbrev  0x00000f5f      0x170 leds_numbers_task.o
 .debug_abbrev  0x000010cf      0x108 main.o
 .debug_abbrev  0x000011d7       0xcc message_buffers.o
 .debug_abbrev  0x000012a3       0xd9 packer.o
 .debug_abbrev  0x0000137c      0x18f tasks/app_task.o
 .debug_abbrev  0x0000150b      0x19e tasks/comms/down_link_task.o
 .debug_abbrev  0x000016a9      0x173 tasks/comms/up_link_task.o
 .debug_abbrev  0x0000181c      0x18b tasks/sensors/co2_task.o
 .debug_abbrev  0x000019a7      0x17a tasks/sensors/lux_task.o
 .debug_abbrev  0x00001b21      0x16b tasks/sensors/temp_hum_task.o
 .debug_abbrev  0x00001c8c      0x171 tasks/servo/servo_task.o
 .debug_abbrev  0x00001dfd      0x1dc FreeRTOS/src/event_groups.o
 .debug_abbrev  0x00001fd9      0x200 FreeRTOS/src/heap_4.o
 .debug_abbrev  0x000021d9       0xff FreeRTOS/src/list.o
 .debug_abbrev  0x000022d8      0x179 FreeRTOS/src/port.o
 .debug_abbrev  0x00002451      0x241 FreeRTOS/src/queue.o
 .debug_abbrev  0x00002692      0x246 FreeRTOS/src/stream_buffer.o
 .debug_abbrev  0x000028d8      0x2c8 FreeRTOS/src/tasks.o
 .debug_abbrev  0x00002ba0      0x28c FreeRTOS/src/timers.o
 .debug_abbrev  0x00002e2c       0xff FreeRTOS/src/variantHooks.o
 .debug_abbrev  0x00002f2b      0x21f ../drivers\libIotLibrary.a(display_7seg.o)
 .debug_abbrev  0x0000314a      0x184 ../drivers\libIotLibrary.a(hih8120.o)
 .debug_abbrev  0x000032ce      0x33b ../drivers\libIotLibrary.a(lora_driver.o)
 .debug_abbrev  0x00003609       0xc0 ../drivers\libIotLibrary.a(lora_driver_utils.o)
 .debug_abbrev  0x000036c9      0x238 ../drivers\libIotLibrary.a(mh_z19.o)
 .debug_abbrev  0x00003901       0xbc ../drivers\libIotLibrary.a(rc_servo.o)
 .debug_abbrev  0x000039bd      0x355 ../drivers\libIotLibrary.a(serial.o)
 .debug_abbrev  0x00003d12      0x1b3 ../drivers\libIotLibrary.a(stdio_driver.o)
 .debug_abbrev  0x00003ec5      0x2f8 ../drivers\libIotLibrary.a(spi_iha.o)
 .debug_abbrev  0x000041bd      0x1d7 ../drivers\libIotLibrary.a(status_leds.o)
 .debug_abbrev  0x00004394      0x244 ../drivers\libIotLibrary.a(tsl2591.o)
 .debug_abbrev  0x000045d8      0x217 ../drivers\libIotLibrary.a(twi.o)
 .debug_abbrev  0x000047ef       0xe8 ../drivers\libIotLibrary.a(fifo.o)

.debug_line     0x00000000     0x8d7e
 *(.debug_line .debug_line.* .debug_line_end)
 .debug_line    0x00000000      0x1fa C:/Program Files (x86)/Atmel/Studio/7.0/Packs/atmel/ATmega_DFP/1.6.364/gcc/dev/atmega2560/avr6/crtatmega2560.o
 .debug_line    0x000001fa      0x135 comm_queue.o
 .debug_line    0x0000032f      0x11d configuration.o
 .debug_line    0x0000044c      0x229 connect_lwan.o
 .debug_line    0x00000675      0x15c event_groups.o
 .debug_line    0x000007d1      0x2c6 leds_numbers_task.o
 .debug_line    0x00000a97      0x265 main.o
 .debug_line    0x00000cfc      0x1b4 message_buffers.o
 .debug_line    0x00000eb0      0x159 packer.o
 .debug_line    0x00001009      0x382 tasks/app_task.o
 .debug_line    0x0000138b      0x314 tasks/comms/down_link_task.o
 .debug_line    0x0000169f      0x20f tasks/comms/up_link_task.o
 .debug_line    0x000018ae      0x202 tasks/sensors/co2_task.o
 .debug_line    0x00001ab0      0x225 tasks/sensors/lux_task.o
 .debug_line    0x00001cd5      0x22a tasks/sensors/temp_hum_task.o
 .debug_line    0x00001eff      0x28c tasks/servo/servo_task.o
 .debug_line    0x0000218b      0x413 FreeRTOS/src/event_groups.o
 .debug_line    0x0000259e      0x41f FreeRTOS/src/heap_4.o
 .debug_line    0x000029bd      0x1db FreeRTOS/src/list.o
 .debug_line    0x00002b98      0x28a FreeRTOS/src/port.o
 .debug_line    0x00002e22      0xbe3 FreeRTOS/src/queue.o
 .debug_line    0x00003a05      0x79a FreeRTOS/src/stream_buffer.o
 .debug_line    0x0000419f     0x15ba FreeRTOS/src/tasks.o
 .debug_line    0x00005759      0x624 FreeRTOS/src/timers.o
 .debug_line    0x00005d7d      0x1af FreeRTOS/src/variantHooks.o
 .debug_line    0x00005f2c      0x3e1 ../drivers\libIotLibrary.a(display_7seg.o)
 .debug_line    0x0000630d      0x24a ../drivers\libIotLibrary.a(hih8120.o)
 .debug_line    0x00006557      0x9aa ../drivers\libIotLibrary.a(lora_driver.o)
 .debug_line    0x00006f01      0x195 ../drivers\libIotLibrary.a(lora_driver_utils.o)
 .debug_line    0x00007096      0x2fc ../drivers\libIotLibrary.a(mh_z19.o)
 .debug_line    0x00007392       0xfd ../drivers\libIotLibrary.a(rc_servo.o)
 .debug_line    0x0000748f      0x6a1 ../drivers\libIotLibrary.a(serial.o)
 .debug_line    0x00007b30      0x146 ../drivers\libIotLibrary.a(stdio_driver.o)
 .debug_line    0x00007c76      0x4e6 ../drivers\libIotLibrary.a(spi_iha.o)
 .debug_line    0x0000815c      0x32c ../drivers\libIotLibrary.a(status_leds.o)
 .debug_line    0x00008488      0x4bf ../drivers\libIotLibrary.a(tsl2591.o)
 .debug_line    0x00008947      0x31c ../drivers\libIotLibrary.a(twi.o)
 .debug_line    0x00008c63      0x11b ../drivers\libIotLibrary.a(fifo.o)

.debug_frame    0x00000000     0x2e34
 *(.debug_frame)
 .debug_frame   0x00000000       0x6c comm_queue.o
 .debug_frame   0x0000006c       0x44 configuration.o
 .debug_frame   0x000000b0       0x44 connect_lwan.o
 .debug_frame   0x000000f4       0x70 event_groups.o
 .debug_frame   0x00000164       0xb0 leds_numbers_task.o
 .debug_frame   0x00000214       0x70 main.o
 .debug_frame   0x00000284       0x44 message_buffers.o
 .debug_frame   0x000002c8       0x64 packer.o
 .debug_frame   0x0000032c       0x44 tasks/app_task.o
 .debug_frame   0x00000370       0x44 tasks/comms/down_link_task.o
 .debug_frame   0x000003b4       0x44 tasks/comms/up_link_task.o
 .debug_frame   0x000003f8       0x54 tasks/sensors/co2_task.o
 .debug_frame   0x0000044c       0x64 tasks/sensors/lux_task.o
 .debug_frame   0x000004b0       0x6c tasks/sensors/temp_hum_task.o
 .debug_frame   0x0000051c       0x60 tasks/servo/servo_task.o
 .debug_frame   0x0000057c      0x1dc FreeRTOS/src/event_groups.o
 .debug_frame   0x00000758       0xfc FreeRTOS/src/heap_4.o
 .debug_frame   0x00000854       0x90 FreeRTOS/src/list.o
 .debug_frame   0x000008e4       0x94 FreeRTOS/src/port.o
 .debug_frame   0x00000978      0x3a4 FreeRTOS/src/queue.o
 .debug_frame   0x00000d1c      0x40c FreeRTOS/src/stream_buffer.o
 .debug_frame   0x00001128      0x7a0 FreeRTOS/src/tasks.o
 .debug_frame   0x000018c8      0x3ac FreeRTOS/src/timers.o
 .debug_frame   0x00001c74       0x64 FreeRTOS/src/variantHooks.o
 .debug_frame   0x00001cd8      0x14c ../drivers\libIotLibrary.a(display_7seg.o)
 .debug_frame   0x00001e24       0xc0 ../drivers\libIotLibrary.a(hih8120.o)
 .debug_frame   0x00001ee4      0x460 ../drivers\libIotLibrary.a(lora_driver.o)
 .debug_frame   0x00002344       0x48 ../drivers\libIotLibrary.a(lora_driver_utils.o)
 .debug_frame   0x0000238c      0x100 ../drivers\libIotLibrary.a(mh_z19.o)
 .debug_frame   0x0000248c       0x34 ../drivers\libIotLibrary.a(rc_servo.o)
 .debug_frame   0x000024c0      0x384 ../drivers\libIotLibrary.a(serial.o)
 .debug_frame   0x00002844       0x94 ../drivers\libIotLibrary.a(stdio_driver.o)
 .debug_frame   0x000028d8      0x134 ../drivers\libIotLibrary.a(spi_iha.o)
 .debug_frame   0x00002a0c       0xec ../drivers\libIotLibrary.a(status_leds.o)
 .debug_frame   0x00002af8      0x1ec ../drivers\libIotLibrary.a(tsl2591.o)
 .debug_frame   0x00002ce4      0x12c ../drivers\libIotLibrary.a(twi.o)
 .debug_frame   0x00002e10       0x24 ../drivers\libIotLibrary.a(fifo.o)

.debug_str      0x00000000     0x516f
 *(.debug_str)
 .debug_str     0x00000000      0x3e6 C:/Program Files (x86)/Atmel/Studio/7.0/Packs/atmel/ATmega_DFP/1.6.364/gcc/dev/atmega2560/avr6/crtatmega2560.o
 .debug_str     0x000003e6      0x21f comm_queue.o
                                0x27a (size before relaxing)
 .debug_str     0x00000605       0x7e configuration.o
                                0x218 (size before relaxing)
 .debug_str     0x00000683      0x3fb connect_lwan.o
                                0x575 (size before relaxing)
 .debug_str     0x00000a7e       0xd2 event_groups.o
                                0x244 (size before relaxing)
 .debug_str     0x00000b50       0xe5 leds_numbers_task.o
                                0x2a8 (size before relaxing)
 .debug_str     0x00000c35      0x151 main.o
                                0x303 (size before relaxing)
 .debug_str     0x00000d86       0x90 message_buffers.o
                                0x239 (size before relaxing)
 .debug_str     0x00000e16       0x95 packer.o
                                0x20e (size before relaxing)
 .debug_str     0x00000eab       0xbe tasks/app_task.o
                                0x3fb (size before relaxing)
 .debug_str     0x00000f69       0x92 tasks/comms/down_link_task.o
                                0x424 (size before relaxing)
 .debug_str     0x00000ffb       0x58 tasks/comms/up_link_task.o
                                0x322 (size before relaxing)
 .debug_str     0x00001053       0xfa tasks/sensors/co2_task.o
                                0x36e (size before relaxing)
 .debug_str     0x0000114d      0x14d tasks/sensors/lux_task.o
                                0x3ce (size before relaxing)
 .debug_str     0x0000129a      0x119 tasks/sensors/temp_hum_task.o
                                0x374 (size before relaxing)
 .debug_str     0x000013b3       0x84 tasks/servo/servo_task.o
                                0x2f0 (size before relaxing)
 .debug_str     0x00001437      0x35e FreeRTOS/src/event_groups.o
                                0x58c (size before relaxing)
 .debug_str     0x00001795      0x2c7 FreeRTOS/src/heap_4.o
                                0x482 (size before relaxing)
 .debug_str     0x00001a5c       0x89 FreeRTOS/src/list.o
                                0x2be (size before relaxing)
 .debug_str     0x00001ae5      0x147 FreeRTOS/src/port.o
                                0x2f3 (size before relaxing)
 .debug_str     0x00001c2c      0x5df FreeRTOS/src/queue.o
                                0x932 (size before relaxing)
 .debug_str     0x0000220b      0x484 FreeRTOS/src/stream_buffer.o
                                0x7bb (size before relaxing)
 .debug_str     0x0000268f      0x875 FreeRTOS/src/tasks.o
                                0xf53 (size before relaxing)
 .debug_str     0x00002f04      0x414 FreeRTOS/src/timers.o
                                0x829 (size before relaxing)
 .debug_str     0x00003318       0x81 FreeRTOS/src/variantHooks.o
                                0x26a (size before relaxing)
 .debug_str     0x00003399      0x38f ../drivers\libIotLibrary.a(display_7seg.o)
                                0x493 (size before relaxing)
 .debug_str     0x00003728      0x1de ../drivers\libIotLibrary.a(hih8120.o)
                                0x45c (size before relaxing)
 .debug_str     0x00003906      0x681 ../drivers\libIotLibrary.a(lora_driver.o)
                                0xcdb (size before relaxing)
 .debug_str     0x00003f87       0x4f ../drivers\libIotLibrary.a(lora_driver_utils.o)
                                0x206 (size before relaxing)
 .debug_str     0x00003fd6      0x112 ../drivers\libIotLibrary.a(mh_z19.o)
                                0x489 (size before relaxing)
 .debug_str     0x000040e8       0x3c ../drivers\libIotLibrary.a(rc_servo.o)
                                0x1e2 (size before relaxing)
 .debug_str     0x00004124      0x2bf ../drivers\libIotLibrary.a(serial.o)
                                0x628 (size before relaxing)
 .debug_str     0x000043e3       0xa6 ../drivers\libIotLibrary.a(stdio_driver.o)
                                0x37d (size before relaxing)
 .debug_str     0x00004489      0x229 ../drivers\libIotLibrary.a(spi_iha.o)
                                0x623 (size before relaxing)
 .debug_str     0x000046b2      0x108 ../drivers\libIotLibrary.a(status_leds.o)
                                0x381 (size before relaxing)
 .debug_str     0x000047ba      0x6b3 ../drivers\libIotLibrary.a(tsl2591.o)
                                0xaaf (size before relaxing)
 .debug_str     0x00004e6d      0x2e0 ../drivers\libIotLibrary.a(twi.o)
                                0x5b4 (size before relaxing)
 .debug_str     0x0000514d       0x22 ../drivers\libIotLibrary.a(fifo.o)
                                0x239 (size before relaxing)

.debug_loc      0x00000000     0xe06a
 *(.debug_loc)
 .debug_loc     0x00000000       0x9d comm_queue.o
 .debug_loc     0x0000009d       0xb8 connect_lwan.o
 .debug_loc     0x00000155       0x8a event_groups.o
 .debug_loc     0x000001df      0x293 leds_numbers_task.o
 .debug_loc     0x00000472       0x78 main.o
 .debug_loc     0x000004ea      0x12f tasks/app_task.o
 .debug_loc     0x00000619       0xa9 tasks/comms/down_link_task.o
 .debug_loc     0x000006c2       0x85 tasks/comms/up_link_task.o
 .debug_loc     0x00000747       0x9b tasks/sensors/co2_task.o
 .debug_loc     0x000007e2       0xad tasks/sensors/lux_task.o
 .debug_loc     0x0000088f       0x8e tasks/sensors/temp_hum_task.o
 .debug_loc     0x0000091d       0xed tasks/servo/servo_task.o
 .debug_loc     0x00000a0a      0xcc9 FreeRTOS/src/event_groups.o
 .debug_loc     0x000016d3      0x4be FreeRTOS/src/heap_4.o
 .debug_loc     0x00001b91      0x17d FreeRTOS/src/list.o
 .debug_loc     0x00001d0e       0xf6 FreeRTOS/src/port.o
 .debug_loc     0x00001e04     0x1abd FreeRTOS/src/queue.o
 .debug_loc     0x000038c1     0x1daf FreeRTOS/src/stream_buffer.o
 .debug_loc     0x00005670     0x2a07 FreeRTOS/src/tasks.o
 .debug_loc     0x00008077     0x10f3 FreeRTOS/src/timers.o
 .debug_loc     0x0000916a       0xdc FreeRTOS/src/variantHooks.o
 .debug_loc     0x00009246      0x76a ../drivers\libIotLibrary.a(display_7seg.o)
 .debug_loc     0x000099b0       0x9f ../drivers\libIotLibrary.a(hih8120.o)
 .debug_loc     0x00009a4f     0x1216 ../drivers\libIotLibrary.a(lora_driver.o)
 .debug_loc     0x0000ac65      0x1d2 ../drivers\libIotLibrary.a(lora_driver_utils.o)
 .debug_loc     0x0000ae37      0x37c ../drivers\libIotLibrary.a(mh_z19.o)
 .debug_loc     0x0000b1b3       0x2f ../drivers\libIotLibrary.a(rc_servo.o)
 .debug_loc     0x0000b1e2     0x114c ../drivers\libIotLibrary.a(serial.o)
 .debug_loc     0x0000c32e      0x18c ../drivers\libIotLibrary.a(stdio_driver.o)
 .debug_loc     0x0000c4ba      0x9cc ../drivers\libIotLibrary.a(spi_iha.o)
 .debug_loc     0x0000ce86      0x292 ../drivers\libIotLibrary.a(status_leds.o)
 .debug_loc     0x0000d118      0x87f ../drivers\libIotLibrary.a(tsl2591.o)
 .debug_loc     0x0000d997      0x575 ../drivers\libIotLibrary.a(twi.o)
 .debug_loc     0x0000df0c      0x15e ../drivers\libIotLibrary.a(fifo.o)

.debug_macinfo
 *(.debug_macinfo)

.debug_weaknames
 *(.debug_weaknames)

.debug_funcnames
 *(.debug_funcnames)

.debug_typenames
 *(.debug_typenames)

.debug_varnames
 *(.debug_varnames)

.debug_pubtypes
 *(.debug_pubtypes)

.debug_ranges   0x00000000      0xcf0
 *(.debug_ranges)
 .debug_ranges  0x00000000       0x20 comm_queue.o
 .debug_ranges  0x00000020       0x20 configuration.o
 .debug_ranges  0x00000040       0x10 connect_lwan.o
 .debug_ranges  0x00000050       0x28 event_groups.o
 .debug_ranges  0x00000078       0x50 leds_numbers_task.o
 .debug_ranges  0x000000c8       0x28 main.o
 .debug_ranges  0x000000f0       0x20 message_buffers.o
 .debug_ranges  0x00000110       0x30 packer.o
 .debug_ranges  0x00000140       0x18 tasks/app_task.o
 .debug_ranges  0x00000158       0x18 tasks/comms/down_link_task.o
 .debug_ranges  0x00000170       0x18 tasks/comms/up_link_task.o
 .debug_ranges  0x00000188       0x20 tasks/sensors/co2_task.o
 .debug_ranges  0x000001a8       0x28 tasks/sensors/lux_task.o
 .debug_ranges  0x000001d0       0x28 tasks/sensors/temp_hum_task.o
 .debug_ranges  0x000001f8       0x20 tasks/servo/servo_task.o
 .debug_ranges  0x00000218       0x70 FreeRTOS/src/event_groups.o
 .debug_ranges  0x00000288       0x48 FreeRTOS/src/heap_4.o
 .debug_ranges  0x000002d0       0x30 FreeRTOS/src/list.o