Archive member included to satisfy reference by file (symbol)

c:/program files (x86)/atmel/studio/7.0/toolchain/avr8/avr8-gnu-toolchain/bin/../lib/gcc/avr/5.4.0/../../../../avr/lib/avr6\libm.a(fixsfsi.o)
                              tasks/sensors/lux_task.o (__fixsfsi)
c:/program files (x86)/atmel/studio/7.0/toolchain/avr8/avr8-gnu-toolchain/bin/../lib/gcc/avr/5.4.0/../../../../avr/lib/avr6\libm.a(fixunssfsi.o)
                              tasks/sensors/lux_task.o (__fixunssfsi)
c:/program files (x86)/atmel/studio/7.0/toolchain/avr8/avr8-gnu-toolchain/bin/../lib/gcc/avr/5.4.0/../../../../avr/lib/avr6\libm.a(fp_split3.o)
                              c:/program files (x86)/atmel/studio/7.0/toolchain/avr8/avr8-gnu-toolchain/bin/../lib/gcc/avr/5.4.0/../../../../avr/lib/avr6\libm.a(fixunssfsi.o) (__fp_splitA)
c:/program files (x86)/atmel/studio/7.0/toolchain/avr8/avr8-gnu-toolchain/bin/../lib/gcc/avr/5.4.0/../../../../avr/lib/avr6\libm.a(fp_zero.o)
                              c:/program files (x86)/atmel/studio/7.0/toolchain/avr8/avr8-gnu-toolchain/bin/../lib/gcc/avr/5.4.0/../../../../avr/lib/avr6\libm.a(fixunssfsi.o) (__fp_zero)
../drivers\libIotLibrary.a(hih8120.o)
                              tasks/sensors/temp_hum_task.o (hih8120_initialise)
../drivers\libIotLibrary.a(mh_z19.o)
                              tasks/sensors/co2_task.o (mh_z19_initialise)
../drivers\libIotLibrary.a(rc_servo.o)
                              tasks/servo/servo_task.o (rc_servo_setPosition)
../drivers\libIotLibrary.a(serial.o)
                              ../drivers\libIotLibrary.a(mh_z19.o) (serial_create)
../drivers\libIotLibrary.a(stdio_driver.o)
                              main.o (stdio_initialise)
../drivers\libIotLibrary.a(status_leds.o)
                              main.o (status_leds_initialise)
../drivers\libIotLibrary.a(tsl2591.o)
                              tasks/sensors/lux_task.o (tsl2591_initialise)
../drivers\libIotLibrary.a(twi.o)
                              ../drivers\libIotLibrary.a(hih8120.o) (twiCreate)
../drivers\libIotLibrary.a(fifo.o)
                              ../drivers\libIotLibrary.a(serial.o) (fifo_init)
c:/program files (x86)/atmel/studio/7.0/toolchain/avr8/avr8-gnu-toolchain/bin/../lib/gcc/avr/5.4.0/../../../../avr/lib/avr6\libm.a(addsf3.o)
                              ../drivers\libIotLibrary.a(hih8120.o) (__subsf3)
c:/program files (x86)/atmel/studio/7.0/toolchain/avr8/avr8-gnu-toolchain/bin/../lib/gcc/avr/5.4.0/../../../../avr/lib/avr6\libm.a(addsf3x.o)
                              c:/program files (x86)/atmel/studio/7.0/toolchain/avr8/avr8-gnu-toolchain/bin/../lib/gcc/avr/5.4.0/../../../../avr/lib/avr6\libm.a(addsf3.o) (__addsf3x)
c:/program files (x86)/atmel/studio/7.0/toolchain/avr8/avr8-gnu-toolchain/bin/../lib/gcc/avr/5.4.0/../../../../avr/lib/avr6\libm.a(divsf3.o)
                              ../drivers\libIotLibrary.a(hih8120.o) (__divsf3)
c:/program files (x86)/atmel/studio/7.0/toolchain/avr8/avr8-gnu-toolchain/bin/../lib/gcc/avr/5.4.0/../../../../avr/lib/avr6\libm.a(divsf3x.o)
                              c:/program files (x86)/atmel/studio/7.0/toolchain/avr8/avr8-gnu-toolchain/bin/../lib/gcc/avr/5.4.0/../../../../avr/lib/avr6\libm.a(divsf3.o) (__divsf3x)
c:/program files (x86)/atmel/studio/7.0/toolchain/avr8/avr8-gnu-toolchain/bin/../lib/gcc/avr/5.4.0/../../../../avr/lib/avr6\libm.a(floatsisf.o)
                              ../drivers\libIotLibrary.a(hih8120.o) (__floatunsisf)
c:/program files (x86)/atmel/studio/7.0/toolchain/avr8/avr8-gnu-toolchain/bin/../lib/gcc/avr/5.4.0/../../../../avr/lib/avr6\libm.a(fp_inf.o)
                              c:/program files (x86)/atmel/studio/7.0/toolchain/avr8/avr8-gnu-toolchain/bin/../lib/gcc/avr/5.4.0/../../../../avr/lib/avr6\libm.a(addsf3x.o) (__fp_inf)
c:/program files (x86)/atmel/studio/7.0/toolchain/avr8/avr8-gnu-toolchain/bin/../lib/gcc/avr/5.4.0/../../../../avr/lib/avr6\libm.a(fp_nan.o)
                              c:/program files (x86)/atmel/studio/7.0/toolchain/avr8/avr8-gnu-toolchain/bin/../lib/gcc/avr/5.4.0/../../../../avr/lib/avr6\libm.a(addsf3x.o) (__fp_nan)
c:/program files (x86)/atmel/studio/7.0/toolchain/avr8/avr8-gnu-toolchain/bin/../lib/gcc/avr/5.4.0/../../../../avr/lib/avr6\libm.a(fp_pscA.o)
                              c:/program files (x86)/atmel/studio/7.0/toolchain/avr8/avr8-gnu-toolchain/bin/../lib/gcc/avr/5.4.0/../../../../avr/lib/avr6\libm.a(addsf3x.o) (__fp_pscA)
c:/program files (x86)/atmel/studio/7.0/toolchain/avr8/avr8-gnu-toolchain/bin/../lib/gcc/avr/5.4.0/../../../../avr/lib/avr6\libm.a(fp_pscB.o)
                              c:/program files (x86)/atmel/studio/7.0/toolchain/avr8/avr8-gnu-toolchain/bin/../lib/gcc/avr/5.4.0/../../../../avr/lib/avr6\libm.a(addsf3x.o) (__fp_pscB)
c:/program files (x86)/atmel/studio/7.0/toolchain/avr8/avr8-gnu-toolchain/bin/../lib/gcc/avr/5.4.0/../../../../avr/lib/avr6\libm.a(fp_round.o)
[...]
Memory Configuration

Name             Origin             Length             Attributes
text             0x00000000         0x00040000         xr
data             0x00800200         0x00002000         rw !x
eeprom           0x00810000         0x00001000         rw !x
fuse             0x00820000         0x00000003         rw !x
lock             0x00830000         0x00000400         rw !x
signature        0x00840000         0x00000400         rw !x
user_signatures  0x00850000         0x00000400         rw !x
*default*        0x00000000         0xffffffff

Linker script and memory map

Address of section .data set to 0x800200
LOAD C:/Program Files (x86)/Atmel/Studio/7.0/Packs/atmel/ATmega_DFP/1.6.364/gcc/dev/atmega2560/avr6/crtatmega2560.o
LOAD comm_queue.o
LOAD configuration.o
LOAD event_groups.o
LOAD init_sensors.o
LOAD main.o
LOAD message_buffers.o
LOAD packer.o
LOAD tasks/app_task.o
LOAD tasks/comms/down_link_task.o
LOAD tasks/comms/up_link_task.o
LOAD tasks/sensors/co2_task.o
LOAD tasks/sensors/lux_task.o
LOAD tasks/sensors/temp_hum_task.o
LOAD tasks/servo/servo_task.o
LOAD FreeRTOS/FreeRTOSTraceDriver/FreeRTOSTraceDriver.o
LOAD FreeRTOS/src/croutine.o
LOAD FreeRTOS/src/event_groups.o
LOAD FreeRTOS/src/heap_4.o
LOAD FreeRTOS/src/list.o
LOAD FreeRTOS/src/port.o
LOAD FreeRTOS/src/queue.o
LOAD FreeRTOS/src/stream_buffer.o
LOAD FreeRTOS/src/tasks.o
LOAD FreeRTOS/src/timers.o
LOAD FreeRTOS/src/variantHooks.o
START GROUP
LOAD c:/program files (x86)/atmel/studio/7.0/toolchain/avr8/avr8-gnu-toolchain/bin/../lib/gcc/avr/5.4.0/../../../../avr/lib/avr6\libm.a
LOAD ../drivers\libIotLibrary.a
END GROUP
START GROUP
LOAD c:/program files (x86)/atmel/studio/7.0/toolchain/avr8/avr8-gnu-toolchain/bin/../lib/gcc/avr/5.4.0/avr6\libgcc.a
LOAD c:/program files (x86)/atmel/studio/7.0/toolchain/avr8/avr8-gnu-toolchain/bin/../lib/gcc/avr/5.4.0/../../../../avr/lib/avr6\libm.a
LOAD c:/program files (x86)/atmel/studio/7.0/toolchain/avr8/avr8-gnu-toolchain/bin/../lib/gcc/avr/5.4.0/../../../../avr/lib/avr6\libc.a
LOAD C:/Program Files (x86)/Atmel/Studio/7.0/Packs/atmel/ATmega_DFP/1.6.364/gcc/dev/atmega2560/avr6\libatmega2560.a
END GROUP
                0x00000000                __TEXT_REGION_ORIGIN__ = DEFINED (__TEXT_REGION_ORIGIN__)?__TEXT_REGION_ORIGIN__:0x0
                [0x00800200]                __DATA_REGION_ORIGIN__ = DEFINED (__DATA_REGION_ORIGIN__)?__DATA_REGION_ORIGIN__:0x800200
                [0x00040000]                __TEXT_REGION_LENGTH__ = DEFINED (__TEXT_REGION_LENGTH__)?__TEXT_REGION_LENGTH__:0x100000
                [0x00002000]                __DATA_REGION_LENGTH__ = DEFINED (__DATA_REGION_LENGTH__)?__DATA_REGION_LENGTH__:0xfe00
                [0x00001000]                __EEPROM_REGION_LENGTH__ = DEFINED (__EEPROM_REGION_LENGTH__)?__EEPROM_REGION_LENGTH__:0x10000
                [0x00000003]                __FUSE_REGION_LENGTH__ = DEFINED (__FUSE_REGION_LENGTH__)?__FUSE_REGION_LENGTH__:0x400
                0x00000400                __LOCK_REGION_LENGTH__ = DEFINED (__LOCK_REGION_LENGTH__)?__LOCK_REGION_LENGTH__:0x400
                0x00000400                __SIGNATURE_REGION_LENGTH__ = DEFINED (__SIGNATURE_REGION_LENGTH__)?__SIGNATURE_REGION_LENGTH__:0x400
                0x00000400                __USER_SIGNATURE_REGION_LENGTH__ = DEFINED (__USER_SIGNATURE_REGION_LENGTH__)?__USER_SIGNATURE_REGION_LENGTH__:0x400

.hash
 *(.hash)

.dynsym
 *(.dynsym)

.dynstr
 *(.dynstr)

.gnu.version
 *(.gnu.version)

.gnu.version_d
 *(.gnu.version_d)

.gnu.version_r
 *(.gnu.version_r)

.rel.init
 *(.rel.init)

.rela.init
 *(.rela.init)

.rel.text
 *(.rel.text)
 *(.rel.text.*)
 *(.rel.gnu.linkonce.t*)

.rela.text
 *(.rela.text)
 *(.rela.text.*)
 *(.rela.gnu.linkonce.t*)

.rel.fini
 *(.rel.fini)

.rela.fini
 *(.rela.fini)

.rel.rodata
 *(.rel.rodata)
 *(.rel.rodata.*)
 *(.rel.gnu.linkonce.r*)

.rela.rodata
 *(.rela.rodata)
 *(.rela.rodata.*)
 *(.rela.gnu.linkonce.r*)

.rel.data
 *(.rel.data)
 *(.rel.data.*)
 *(.rel.gnu.linkonce.d*)

.rela.data
 *(.rela.data)
 *(.rela.data.*)
 *(.rela.gnu.linkonce.d*)

.rel.ctors
 *(.rel.ctors)

.rela.ctors
 *(.rela.ctors)

.rel.dtors
 *(.rel.dtors)

.rela.dtors
 *(.rela.dtors)

.rel.got
 *(.rel.got)

.rela.got
 *(.rela.got)

.rel.bss
 *(.rel.bss)

.rela.bss
 *(.rela.bss)

.rel.plt
 *(.rel.plt)

.rela.plt
 *(.rela.plt)

.text           0x00000000     0x5d9e
 *(.vectors)
 .vectors       0x00000000       0xe4 C:/Program Files (x86)/Atmel/Studio/7.0/Packs/atmel/ATmega_DFP/1.6.364/gcc/dev/atmega2560/avr6/crtatmega2560.o
                0x00000000                __vector_default
                0x00000000                __vectors
 *(.vectors)
 *(.progmem.gcc*)
 .progmem.gcc_sw_table.prvProcessReceivedCommands
                0x000000e4       0x14 FreeRTOS/src/timers.o
 .progmem.gcc_sw_table.__vector_39
                0x000000f8       0xa2 ../drivers\libIotLibrary.a(twi.o)
                0x0000019a                . = ALIGN (0x2)
                0x0000019a                __trampolines_start = .
 *(.trampolines)
 .trampolines   0x0000019a        0x0 linker stubs
 *(.trampolines*)
                0x0000019a                __trampolines_end = .
 *libprintf_flt.a:*(.progmem.data)
 *libc.a:*(.progmem.data)
 *(.progmem*)
                0x0000019a                . = ALIGN (0x2)
 *(.jumptables)
 *(.jumptables*)
 *(.lowtext)
 .lowtext       0x0000019a       0x14 FreeRTOS/src/tasks.o
 .lowtext       0x000001ae       0x1e FreeRTOS/src/timers.o
 *(.lowtext*)
                0x000001cc                __ctors_start = .
 *(.ctors)
                0x000001cc                __ctors_end = .
                0x000001cc                __dtors_start = .
 *(.dtors)
                0x000001cc                __dtors_end = .
 SORT(*)(.ctors)
 SORT(*)(.dtors)
 *(.init0)
 .init0         0x000001cc        0x0 C:/Program Files (x86)/Atmel/Studio/7.0/Packs/atmel/ATmega_DFP/1.6.364/gcc/dev/atmega2560/avr6/crtatmega2560.o
                0x000001cc                __init
 *(.init0)
 *(.init1)
 *(.init1)
 *(.init2)
 .init2         0x000001cc       0x10 C:/Program Files (x86)/Atmel/Studio/7.0/Packs/atmel/ATmega_DFP/1.6.364/gcc/dev/atmega2560/avr6/crtatmega2560.o
 *(.init2)
 *(.init3)
 *(.init3)
 *(.init4)
 .init4         0x000001dc       0x1a c:/program files (x86)/atmel/studio/7.0/toolchain/avr8/avr8-gnu-toolchain/bin/../lib/gcc/avr/5.4.0/avr6\libgcc.a(_copy_data.o)
                0x000001dc                __do_copy_data
 .init4         0x000001f6       0x10 c:/program files (x86)/atmel/studio/7.0/toolchain/avr8/avr8-gnu-toolchain/bin/../lib/gcc/avr/5.4.0/avr6\libgcc.a(_clear_bss.o)
                0x000001f6                __do_clear_bss
 *(.init4)
 *(.init5)
 *(.init5)
 *(.init6)
 *(.init6)
 *(.init7)
 *(.init7)
 *(.init8)
 *(.init8)
 *(.init9)
 .init9         0x00000206        0x6 C:/Program Files (x86)/Atmel/Studio/7.0/Packs/atmel/ATmega_DFP/1.6.364/gcc/dev/atmega2560/avr6/crtatmega2560.o
 *(.init9)
 *(.text)
 .text          0x0000020c        0x2 C:/Program Files (x86)/Atmel/Studio/7.0/Packs/atmel/ATmega_DFP/1.6.364/gcc/dev/atmega2560/avr6/crtatmega2560.o
                0x0000020c                __vector_38
                0x0000020c                __vector_22
                0x0000020c                __vector_28
                0x0000020c                __vector_1
                0x0000020c                __vector_32
                0x0000020c                __vector_34
                0x0000020c                __vector_24
                0x0000020c                __vector_46
                0x0000020c                __bad_interrupt
                0x0000020c                __vector_6
                0x0000020c                __vector_31
                0x0000020c                __vector_35
                0x0000020c                __vector_3
                0x0000020c                __vector_23
                0x0000020c                __vector_30
                0x0000020c                __vector_45
                0x0000020c                __vector_11
                0x0000020c                __vector_13
                0x0000020c                __vector_17
                0x0000020c                __vector_19
                0x0000020c                __vector_56
                0x0000020c                __vector_7
                0x0000020c                __vector_49
                0x0000020c                __vector_41
                0x0000020c                __vector_43
                0x0000020c                __vector_27
                0x0000020c                __vector_5
                0x0000020c                __vector_33
                0x0000020c                __vector_47
                0x0000020c                __vector_4
                0x0000020c                __vector_44
                0x0000020c                __vector_9
                0x0000020c                __vector_2
                0x0000020c                __vector_21
                0x0000020c                __vector_15
                0x0000020c                __vector_29
                0x0000020c                __vector_40
                0x0000020c                __vector_8
                0x0000020c                __vector_48
                0x0000020c                __vector_14
                0x0000020c                __vector_53
                0x0000020c                __vector_10
                0x0000020c                __vector_50
                0x0000020c                __vector_16
                0x0000020c                __vector_18
                0x0000020c                __vector_20
                0x0000020c                __vector_42
                0x0000020e                . = ALIGN (0x2)
 *(.text.*)
 .text.createQueue
                0x0000020e       0x20 comm_queue.o
                0x0000020e                createQueue
 .text.sendCommQueue
                0x0000022e       0x4e comm_queue.o
                0x0000022e                sendCommQueue
 .text.receiveCommQueue
                0x0000027c       0x48 comm_queue.o
                0x0000027c                receiveCommQueue
 .text.getServoAngle
                0x000002c4        0xa configuration.o
                0x000002c4                getServoAngle
 .text.initConfiguration
                0x000002ce       0x26 configuration.o
                0x000002ce                initConfiguration
 .text.getMeasureEventGroup
                0x000002f4        0xa event_groups.o
                0x000002f4                getMeasureEventGroup
 .text.getDataReadyEventGroup
                0x000002fe        0xa event_groups.o
                0x000002fe                getDataReadyEventGroup
 .text.initEventGroups
                0x00000308       0x52 event_groups.o
                0x00000308                initEventGroups
 .text.createTasks
                0x0000035a       0x90 main.o
                0x0000035a                createTasks
 .text.initMain
                0x000003ea       0x26 main.o
                0x000003ea                initMain
 .text.main     0x00000410       0x20 main.o
                0x00000410                main
 .text.getUpLinkMessageBuffer
                0x00000430        0xa message_buffers.o
                0x00000430                getUpLinkMessageBuffer
 .text.initMessageBuffers
                0x0000043a       0x2e message_buffers.o
                0x0000043a                initMessageBuffers
 .text.getSendReadyPayload
                0x00000468       0x5a packer.o
                0x00000468                getSendReadyPayload
 .text.appTask  0x000004c2      0x1c2 tasks/app_task.o
                0x000004c2                appTask
 .text.init_task_uplink
                0x00000684        0xa tasks/comms/up_link_task.o
                0x00000684                init_task_uplink
 .text.upLinkTask
                0x0000068e       0x78 tasks/comms/up_link_task.o
                0x0000068e                upLinkTask
 .text.mh_z19CallBack
                0x00000706       0x16 tasks/sensors/co2_task.o
                0x00000706                mh_z19CallBack
 .text.setCO2Callback
                0x0000071c       0x18 tasks/sensors/co2_task.o
                0x0000071c                setCO2Callback
 .text.CO2Task  0x00000734       0xd6 tasks/sensors/co2_task.o
                0x00000734                CO2Task
 .text.tsl2591Callback
                0x0000080a       0x6a tasks/sensors/lux_task.o
                0x0000080a                tsl2591Callback
 .text.setLuxCallback
                0x00000874        0xa tasks/sensors/lux_task.o
                0x00000874                setLuxCallback
 .text.init_task_lux
                0x0000087e        0x6 tasks/sensors/lux_task.o
                0x0000087e                init_task_lux
 .text.luxTask  0x00000884       0x94 tasks/sensors/lux_task.o
                0x00000884                luxTask
 .text.initTempHum
                0x00000918       0x16 tasks/sensors/temp_hum_task.o
                0x00000918                initTempHum
 .text.tempHumTask
                0x0000092e       0xf8 tasks/sensors/temp_hum_task.o
                0x0000092e                tempHumTask
 .text.initServo
                0x00000a26        0x6 tasks/servo/servo_task.o
                0x00000a26                initServo
 .text.servoTask
                0x00000a2c       0x68 tasks/servo/servo_task.o
                0x00000a2c                servoTask
 .text.prvTestWaitCondition
                0x00000a94       0x42 FreeRTOS/src/event_groups.o
 .text.xEventGroupCreate
                0x00000ad6       0x26 FreeRTOS/src/event_groups.o
                0x00000ad6                xEventGroupCreate
 .text.xEventGroupWaitBits
                0x00000afc      0x140 FreeRTOS/src/event_groups.o
                0x00000afc                xEventGroupWaitBits
 .text.xEventGroupSetBits
                0x00000c3c      0x11c FreeRTOS/src/event_groups.o
                0x00000c3c                xEventGroupSetBits
 .text.prvHeapInit
                0x00000d58       0x52 FreeRTOS/src/heap_4.o
 .text.prvInsertBlockIntoFreeList
                0x00000daa       0x94 FreeRTOS/src/heap_4.o
 .text.pvPortMalloc
                0x00000e3e      0x152 FreeRTOS/src/heap_4.o
                0x00000e3e                pvPortMalloc
 .text.vPortFree
                0x00000f90       0x7a FreeRTOS/src/heap_4.o
                0x00000f90                vPortFree
 .text.vListInitialise
                0x0000100a       0x22 FreeRTOS/src/list.o
                0x0000100a                vListInitialise
 .text.vListInitialiseItem
                0x0000102c        0x8 FreeRTOS/src/list.o
                0x0000102c                vListInitialiseItem
 .text.vListInsert
                0x00001034       0x7a FreeRTOS/src/list.o
                0x00001034                vListInsert
 .text.uxListRemove
                0x000010ae       0x4e FreeRTOS/src/list.o
                0x000010ae                uxListRemove
 .text.prvSetupTimerInterrupt
                0x000010fc       0x18 FreeRTOS/src/port.o
 .text.pxPortInitialiseStack
                0x00001114       0x2e FreeRTOS/src/port.o
                0x00001114                pxPortInitialiseStack
 .text.xPortStartScheduler
                0x00001142       0x64 FreeRTOS/src/port.o
                0x00001142                xPortStartScheduler
 .text.vPortYield
                0x000011a6       0xc2 FreeRTOS/src/port.o
                0x000011a6                vPortYield
 .text.vPortYieldFromTick
                0x00001268       0xca FreeRTOS/src/port.o
                0x00001268                vPortYieldFromTick
 .text.__vector_12
                0x00001332        0x4 FreeRTOS/src/port.o
                0x00001332                __vector_12
 .text.prvGetDisinheritPriorityAfterTimeout
                0x00001336       0x20 FreeRTOS/src/queue.o
 .text.prvIsQueueEmpty
                0x00001356       0x1a FreeRTOS/src/queue.o
 .text.prvIsQueueFull
                0x00001370       0x1c FreeRTOS/src/queue.o
 .text.prvCopyDataToQueue
                0x0000138c       0xbe FreeRTOS/src/queue.o
 .text.prvCopyDataFromQueue
                0x0000144a       0x34 FreeRTOS/src/queue.o
 .text.prvUnlockQueue
                0x0000147e       0x68 FreeRTOS/src/queue.o
 .text.xQueueGenericReset
                0x000014e6       0x86 FreeRTOS/src/queue.o
                0x000014e6                xQueueGenericReset
 .text.prvInitialiseNewQueue
                0x0000156c       0x24 FreeRTOS/src/queue.o
 .text.xQueueGenericCreate
                0x00001590       0x46 FreeRTOS/src/queue.o
                0x00001590                xQueueGenericCreate
 .text.xQueueGenericSend
                0x000015d6      0x124 FreeRTOS/src/queue.o
                0x000015d6                xQueueGenericSend
 .text.prvInitialiseMutex
                0x000016fa       0x24 FreeRTOS/src/queue.o
 .text.xQueueCreateMutex
                0x0000171e       0x18 FreeRTOS/src/queue.o
                0x0000171e                xQueueCreateMutex
 .text.xQueueGenericSendFromISR
                0x00001736       0x76 FreeRTOS/src/queue.o
                0x00001736                xQueueGenericSendFromISR
 .text.xQueueReceive
                0x000017ac      0x11e FreeRTOS/src/queue.o
                0x000017ac                xQueueReceive
 .text.xQueueSemaphoreTake
                0x000018ca      0x162 FreeRTOS/src/queue.o
                0x000018ca                xQueueSemaphoreTake
 .text.vQueueWaitForMessageRestricted
                0x00001a2c       0x38 FreeRTOS/src/queue.o
                0x00001a2c                vQueueWaitForMessageRestricted
 .text.prvBytesInBuffer
                0x00001a64       0x26 FreeRTOS/src/stream_buffer.o
 .text.prvInitialiseNewStreamBuffer
                0x00001a8a       0x20 FreeRTOS/src/stream_buffer.o
 .text.prvWriteBytesToBuffer
                0x00001aaa       0x92 FreeRTOS/src/stream_buffer.o
 .text.prvWriteMessageToBuffer
                0x00001b3c       0x86 FreeRTOS/src/stream_buffer.o
 .text.prvReadBytesFromBuffer
                0x00001bc2       0x9e FreeRTOS/src/stream_buffer.o
 .text.prvReadMessageFromBuffer
                0x00001c60       0x8a FreeRTOS/src/stream_buffer.o
 .text.xStreamBufferGenericCreate
                0x00001cea       0x64 FreeRTOS/src/stream_buffer.o
                0x00001cea                xStreamBufferGenericCreate
 .text.xStreamBufferSpacesAvailable
                0x00001d4e       0x24 FreeRTOS/src/stream_buffer.o
                0x00001d4e                xStreamBufferSpacesAvailable
 .text.xStreamBufferSend
                0x00001d72      0x18a FreeRTOS/src/stream_buffer.o
                0x00001d72                xStreamBufferSend
 .text.xStreamBufferReceive
                0x00001efc      0x106 FreeRTOS/src/stream_buffer.o
                0x00001efc                xStreamBufferReceive
 .text.prvResetNextTaskUnblockTime
                0x00002002       0x4e FreeRTOS/src/tasks.o
 .text.prvDeleteTCB
                0x00002050       0x1a FreeRTOS/src/tasks.o
 .text.prvInitialiseNewTask
                0x0000206a       0xfc FreeRTOS/src/tasks.o
 .text.prvInitialiseTaskLists
                0x00002166       0x60 FreeRTOS/src/tasks.o
 .text.prvAddNewTaskToReadyList
                0x000021c6       0xde FreeRTOS/src/tasks.o
 .text.prvCheckTasksWaitingTermination
                0x000022a4       0x4a FreeRTOS/src/tasks.o
 .text.prvAddCurrentTaskToDelayedList
                0x000022ee      0x144 FreeRTOS/src/tasks.o
 .text.xTaskCreate
                0x00002432       0x98 FreeRTOS/src/tasks.o
                0x00002432                xTaskCreate
 .text.vTaskStartScheduler
                0x000024ca       0x70 FreeRTOS/src/tasks.o
                0x000024ca                vTaskStartScheduler
 .text.vTaskSuspendAll
                0x0000253a        0xc FreeRTOS/src/tasks.o
                0x0000253a                vTaskSuspendAll
 .text.xTaskGetTickCount
                0x00002546       0x1c FreeRTOS/src/tasks.o
                0x00002546                xTaskGetTickCount
 .text.xTaskIncrementTick
                0x00002562      0x258 FreeRTOS/src/tasks.o
                0x00002562                xTaskIncrementTick
 .text.xTaskResumeAll
                0x000027ba      0x1b8 FreeRTOS/src/tasks.o
                0x000027ba                xTaskResumeAll
 .text.xTaskDelayUntil
                0x00002972       0xca FreeRTOS/src/tasks.o
                0x00002972                xTaskDelayUntil
 .text.vTaskDelay
                0x00002a3c       0x36 FreeRTOS/src/tasks.o
                0x00002a3c                vTaskDelay
 .text.vTaskSwitchContext
                0x00002a72       0xca FreeRTOS/src/tasks.o
                0x00002a72                vTaskSwitchContext
 .text.vTaskPlaceOnEventList
                0x00002b3c       0x2e FreeRTOS/src/tasks.o
                0x00002b3c                vTaskPlaceOnEventList
 .text.vTaskPlaceOnUnorderedEventList
                0x00002b6a       0x94 FreeRTOS/src/tasks.o
                0x00002b6a                vTaskPlaceOnUnorderedEventList
 .text.vTaskPlaceOnEventListRestricted
                0x00002bfe       0x84 FreeRTOS/src/tasks.o
                0x00002bfe                vTaskPlaceOnEventListRestricted
 .text.xTaskRemoveFromEventList
                0x00002c82      0x15e FreeRTOS/src/tasks.o
                0x00002c82                xTaskRemoveFromEventList
 .text.vTaskRemoveFromUnorderedEventList
                0x00002de0      0x134 FreeRTOS/src/tasks.o
                0x00002de0                vTaskRemoveFromUnorderedEventList
 .text.vTaskSetTimeOutState
                0x00002f14       0x2c FreeRTOS/src/tasks.o
                0x00002f14                vTaskSetTimeOutState
 .text.vTaskInternalSetTimeOutState
                0x00002f40       0x22 FreeRTOS/src/tasks.o
                0x00002f40                vTaskInternalSetTimeOutState
 .text.xTaskCheckForTimeOut
                0x00002f62       0xcc FreeRTOS/src/tasks.o
                0x00002f62                xTaskCheckForTimeOut
 .text.vTaskMissedYield
                0x0000302e        0x8 FreeRTOS/src/tasks.o
                0x0000302e                vTaskMissedYield
 .text.xTaskGetCurrentTaskHandle
                0x00003036        0xa FreeRTOS/src/tasks.o
                0x00003036                xTaskGetCurrentTaskHandle
 .text.xTaskGetSchedulerState
                0x00003040       0x1c FreeRTOS/src/tasks.o
                0x00003040                xTaskGetSchedulerState
 .text.xTaskPriorityInherit
                0x0000305c      0x10e FreeRTOS/src/tasks.o
                0x0000305c                xTaskPriorityInherit
 .text.xTaskPriorityDisinherit
                0x0000316a       0xb6 FreeRTOS/src/tasks.o
                0x0000316a                xTaskPriorityDisinherit
 .text.vTaskPriorityDisinheritAfterTimeout
                0x00003220       0xce FreeRTOS/src/tasks.o
                0x00003220                vTaskPriorityDisinheritAfterTimeout
 .text.uxTaskResetEventItemValue
                0x000032ee       0x54 FreeRTOS/src/tasks.o
                0x000032ee                uxTaskResetEventItemValue
 .text.pvTaskIncrementMutexHeldCount
                0x00003342       0x24 FreeRTOS/src/tasks.o
                0x00003342                pvTaskIncrementMutexHeldCount
 .text.xTaskGenericNotifyWait
                0x00003366      0x150 FreeRTOS/src/tasks.o
                0x00003366                xTaskGenericNotifyWait
 .text.xTaskGenericNotify
                0x000034b6      0x1ee FreeRTOS/src/tasks.o
                0x000034b6                xTaskGenericNotify
 .text.xTaskGenericNotifyStateClear
                0x000036a4       0x34 FreeRTOS/src/tasks.o
                0x000036a4                xTaskGenericNotifyStateClear
 .text.prvGetNextExpireTime
                0x000036d8       0x30 FreeRTOS/src/timers.o
 .text.prvInsertTimerInActiveList
                0x00003708       0x92 FreeRTOS/src/timers.o
 .text.prvCheckForValidListAndQueue
                0x0000379a       0x52 FreeRTOS/src/timers.o
 .text.xTimerCreateTimerTask
                0x000037ec       0x42 FreeRTOS/src/timers.o
                0x000037ec                xTimerCreateTimerTask
 .text.xTimerGenericCommand
                0x0000382e       0xbc FreeRTOS/src/timers.o
                0x0000382e                xTimerGenericCommand
 .text.prvSwitchTimerLists
                0x000038ea       0xd0 FreeRTOS/src/timers.o
 .text.prvSampleTimeNow
                0x000039ba       0x5c FreeRTOS/src/timers.o
 .text.prvProcessExpiredTimer
                0x00003a16       0xac FreeRTOS/src/timers.o
 .text.prvProcessTimerOrBlockTask
                0x00003ac2       0xae FreeRTOS/src/timers.o
 .text.prvProcessReceivedCommands
                0x00003b70      0x168 FreeRTOS/src/timers.o
 .text.vApplicationIdleHook
                0x00003cd8        0x2 FreeRTOS/src/variantHooks.o
                0x00003cd8                vApplicationIdleHook
 .text.prvSetMainLedOn
                0x00003cda        0xe FreeRTOS/src/variantHooks.o
                0x00003cda                prvSetMainLedOn
 .text.prvBlinkMainLed
                0x00003ce8        0x8 FreeRTOS/src/variantHooks.o
                0x00003ce8                prvBlinkMainLed
 .text.vApplicationMallocFailedHook
                0x00003cf0       0x18 FreeRTOS/src/variantHooks.o
                0x00003cf0                vApplicationMallocFailedHook
 .text.vApplicationStackOverflowHook
                0x00003d08       0x18 FreeRTOS/src/variantHooks.o
                0x00003d08                vApplicationStackOverflowHook
 .text.avr-libc.fplib
                0x00003d20        0xa c:/program files (x86)/atmel/studio/7.0/toolchain/avr8/avr8-gnu-toolchain/bin/../lib/gcc/avr/5.4.0/../../../../avr/lib/avr6\libm.a(fixsfsi.o)
                0x00003d20                __fixsfsi
 .text.avr-libc.fplib
                0x00003d2a       0x58 c:/program files (x86)/atmel/studio/7.0/toolchain/avr8/avr8-gnu-toolchain/bin/../lib/gcc/avr/5.4.0/../../../../avr/lib/avr6\libm.a(fixunssfsi.o)
                0x00003d2a                __fixunssfsi
 .text.avr-libc.fplib
                0x00003d82       0x44 c:/program files (x86)/atmel/studio/7.0/toolchain/avr8/avr8-gnu-toolchain/bin/../lib/gcc/avr/5.4.0/../../../../avr/lib/avr6\libm.a(fp_split3.o)
                0x00003d82                __fp_split3
                0x00003d92                __fp_splitA
 .text.avr-libc.fplib
                0x00003dc6        0xe c:/program files (x86)/atmel/studio/7.0/toolchain/avr8/avr8-gnu-toolchain/bin/../lib/gcc/avr/5.4.0/../../../../avr/lib/avr6\libm.a(fp_zero.o)
                0x00003dc6                __fp_zero
                0x00003dc8                __fp_szero
 .text._hihTwiCallback
                0x00003dd4       0x5a ../drivers\libIotLibrary.a(hih8120.o)
 .text.hih8120_initialise
                0x00003e2e       0x2e ../drivers\libIotLibrary.a(hih8120.o)
                0x00003e2e                hih8120_initialise
 .text.hih8120_wakeup
                0x00003e5c       0x2a ../drivers\libIotLibrary.a(hih8120.o)
                0x00003e5c                hih8120_wakeup
 .text.hih8120_measure
                0x00003e86       0x22 ../drivers\libIotLibrary.a(hih8120.o)
                0x00003e86                hih8120_measure
 .text.hih8120_getHumidity
                0x00003ea8       0x2a ../drivers\libIotLibrary.a(hih8120.o)
                0x00003ea8                hih8120_getHumidity
 .text.hih8120_getTemperature
                0x00003ed2       0x36 ../drivers\libIotLibrary.a(hih8120.o)
                0x00003ed2                hih8120_getTemperature
 .text.hih8120_getTemperature_x10
                0x00003f08       0x14 ../drivers\libIotLibrary.a(hih8120.o)
                0x00003f08                hih8120_getTemperature_x10
 .text._serialCallBack
                0x00003f1c       0xb6 ../drivers\libIotLibrary.a(mh_z19.o)
 .text.mh_z19_initialise
                0x00003fd2       0x4a ../drivers\libIotLibrary.a(mh_z19.o)
                0x00003fd2                mh_z19_initialise
 .text.mh_z19_injectCallBack
                0x0000401c        0xa ../drivers\libIotLibrary.a(mh_z19.o)
                0x0000401c                mh_z19_injectCallBack
 .text.mh_z19_takeMeassuring
                0x00004026       0x5e ../drivers\libIotLibrary.a(mh_z19.o)
                0x00004026                mh_z19_takeMeassuring
 .text.rc_servo_setPosition
                0x00004084       0x30 ../drivers\libIotLibrary.a(rc_servo.o)
                0x00004084                rc_servo_setPosition
 .text.rc_servo_initialise
                0x000040b4       0x38 ../drivers\libIotLibrary.a(rc_servo.o)
                0x000040b4                rc_servo_initialise
 .text.serial_create
                0x000040ec      0x148 ../drivers\libIotLibrary.a(serial.o)
                0x000040ec                serial_create
 .text.serial_sendByte
                0x00004234       0x56 ../drivers\libIotLibrary.a(serial.o)
                0x00004234                serial_sendByte
 .text.serial_sendBytes
                0x0000428a       0xaa ../drivers\libIotLibrary.a(serial.o)
                0x0000428a                serial_sendBytes
 .text.serial_getByte
                0x00004334       0x40 ../drivers\libIotLibrary.a(serial.o)
                0x00004334                serial_getByte
 .text.__vector_25
                0x00004374       0xa4 ../drivers\libIotLibrary.a(serial.o)
                0x00004374                __vector_25
 .text.__vector_26
                0x00004418       0x88 ../drivers\libIotLibrary.a(serial.o)
                0x00004418                __vector_26
 .text.__vector_36
                0x000044a0       0xa4 ../drivers\libIotLibrary.a(serial.o)
                0x000044a0                __vector_36
 .text.__vector_37
                0x00004544       0x88 ../drivers\libIotLibrary.a(serial.o)
                0x00004544                __vector_37
 .text.__vector_51
                0x000045cc       0xa4 ../drivers\libIotLibrary.a(serial.o)
                0x000045cc                __vector_51
 .text.__vector_52
                0x00004670       0x88 ../drivers\libIotLibrary.a(serial.o)
                0x00004670                __vector_52
 .text.__vector_54
                0x000046f8       0xa4 ../drivers\libIotLibrary.a(serial.o)
                0x000046f8                __vector_54
 .text.__vector_55
                0x0000479c       0x88 ../drivers\libIotLibrary.a(serial.o)
                0x0000479c                __vector_55
 .text.usart_getchar
                0x00004824       0x2a ../drivers\libIotLibrary.a(stdio_driver.o)
 .text.usart_putchar
                0x0000484e       0x12 ../drivers\libIotLibrary.a(stdio_driver.o)
 .text.stdio_initialise
                0x00004860       0x52 ../drivers\libIotLibrary.a(stdio_driver.o)
                0x00004860                stdio_initialise
 .text._turn_off
                0x000048b2       0x98 ../drivers\libIotLibrary.a(status_leds.o)
 .text._turn_on
                0x0000494a       0x98 ../drivers\libIotLibrary.a(status_leds.o)
 .text._hal_led_task
                0x000049e2       0x8c ../drivers\libIotLibrary.a(status_leds.o)
 .text.status_leds_initialise
                0x00004a6e       0x9c ../drivers\libIotLibrary.a(status_leds.o)
                0x00004a6e                status_leds_initialise
 .text._callBack
                0x00004b0a       0x10 ../drivers\libIotLibrary.a(tsl2591.o)
 .text._tsl2591TwiCallback
                0x00004b1a       0x88 ../drivers\libIotLibrary.a(tsl2591.o)
 .text._twiTransmit
                0x00004ba2       0x26 ../drivers\libIotLibrary.a(tsl2591.o)
 .text.tsl2591_initialise
                0x00004bc8       0x36 ../drivers\libIotLibrary.a(tsl2591.o)
                0x00004bc8                tsl2591_initialise
 .text.tsl2591_enable
                0x00004bfe       0x2a ../drivers\libIotLibrary.a(tsl2591.o)
                0x00004bfe                tsl2591_enable
 .text.tsl2591_fetchData
                0x00004c28       0x24 ../drivers\libIotLibrary.a(tsl2591.o)
                0x00004c28                tsl2591_fetchData
 .text.tsl2591_getLux
                0x00004c4c      0x1b2 ../drivers\libIotLibrary.a(tsl2591.o)
                0x00004c4c                tsl2591_getLux
 .text._initTwiInterface
                0x00004dfe       0x22 ../drivers\libIotLibrary.a(twi.o)
 .text.twiCreate
                0x00004e20       0x9a ../drivers\libIotLibrary.a(twi.o)
                0x00004e20                twiCreate
 .text.twiIsBusy
                0x00004eba        0x8 ../drivers\libIotLibrary.a(twi.o)
                0x00004eba                twiIsBusy
 .text.twiTransmit
                0x00004ec2       0x98 ../drivers\libIotLibrary.a(twi.o)
                0x00004ec2                twiTransmit
 .text.twiReceive
                0x00004f5a       0x66 ../drivers\libIotLibrary.a(twi.o)
                0x00004f5a                twiReceive
 .text.__vector_39
                0x00004fc0      0x17a ../drivers\libIotLibrary.a(twi.o)
                0x00004fc0                __vector_39
 .text.fifo_init
                0x0000513a       0x38 ../drivers\libIotLibrary.a(fifo.o)
                0x0000513a                fifo_init
 .text.avr-libc.fplib
                0x00005172        0xa c:/program files (x86)/atmel/studio/7.0/toolchain/avr8/avr8-gnu-toolchain/bin/../lib/gcc/avr/5.4.0/../../../../avr/lib/avr6\libm.a(addsf3.o)
                0x00005172                __subsf3
                0x00005174                __addsf3
 .text.avr-libc.fplib
                0x0000517c       0xc4 c:/program files (x86)/atmel/studio/7.0/toolchain/avr8/avr8-gnu-toolchain/bin/../lib/gcc/avr/5.4.0/../../../../avr/lib/avr6\libm.a(addsf3x.o)
                0x00005196                __addsf3x
 .text.avr-libc.fplib
                0x00005240        0x4 c:/program files (x86)/atmel/studio/7.0/toolchain/avr8/avr8-gnu-toolchain/bin/../lib/gcc/avr/5.4.0/../../../../avr/lib/avr6\libm.a(divsf3.o)
                0x00005240                __divsf3
 .text.avr-libc.fplib
                0x00005244       0xd2 c:/program files (x86)/atmel/studio/7.0/toolchain/avr8/avr8-gnu-toolchain/bin/../lib/gcc/avr/5.4.0/../../../../avr/lib/avr6\libm.a(divsf3x.o)
                0x0000525c                __divsf3x
                0x00005262                __divsf3_pse
 .text.avr-libc.fplib
                0x00005316       0x7a c:/program files (x86)/atmel/studio/7.0/toolchain/avr8/avr8-gnu-toolchain/bin/../lib/gcc/avr/5.4.0/../../../../avr/lib/avr6\libm.a(floatsisf.o)
                0x00005316                __floatunsisf
                0x0000531a                __floatsisf
 .text.avr-libc.fplib
                0x00005390        0xc c:/program files (x86)/atmel/studio/7.0/toolchain/avr8/avr8-gnu-toolchain/bin/../lib/gcc/avr/5.4.0/../../../../avr/lib/avr6\libm.a(fp_inf.o)
                0x00005390                __fp_inf
 .text.avr-libc.fplib
                0x0000539c        0x6 c:/program files (x86)/atmel/studio/7.0/toolchain/avr8/avr8-gnu-toolchain/bin/../lib/gcc/avr/5.4.0/../../../../avr/lib/avr6\libm.a(fp_nan.o)
                0x0000539c                __fp_nan
 .text.avr-libc.fplib
                0x000053a2        0xe c:/program files (x86)/atmel/studio/7.0/toolchain/avr8/avr8-gnu-toolchain/bin/../lib/gcc/avr/5.4.0/../../../../avr/lib/avr6\libm.a(fp_pscA.o)
                0x000053a2                __fp_pscA
 .text.avr-libc.fplib
                0x000053b0        0xe c:/program files (x86)/atmel/studio/7.0/toolchain/avr8/avr8-gnu-toolchain/bin/../lib/gcc/avr/5.4.0/../../../../avr/lib/avr6\libm.a(fp_pscB.o)
                0x000053b0                __fp_pscB
 .text.avr-libc.fplib
                0x000053be       0x22 c:/program files (x86)/atmel/studio/7.0/toolchain/avr8/avr8-gnu-toolchain/bin/../lib/gcc/avr/5.4.0/../../../../avr/lib/avr6\libm.a(fp_round.o)
                0x000053be                __fp_round
 .text.avr-libc.fplib
                0x000053e0        0x8 c:/program files (x86)/atmel/studio/7.0/toolchain/avr8/avr8-gnu-toolchain/bin/../lib/gcc/avr/5.4.0/../../../../avr/lib/avr6\libm.a(gesf2.o)
                0x000053e0                __gesf2
                0x000053e0                __gtsf2
 .text.avr-libc.fplib
                0x000053e8        0x4 c:/program files (x86)/atmel/studio/7.0/toolchain/avr8/avr8-gnu-toolchain/bin/../lib/gcc/avr/5.4.0/../../../../avr/lib/avr6\libm.a(mulsf3.o)
                0x000053e8                __mulsf3
 .text.avr-libc.fplib
                0x000053ec       0xc8 c:/program files (x86)/atmel/studio/7.0/toolchain/avr8/avr8-gnu-toolchain/bin/../lib/gcc/avr/5.4.0/../../../../avr/lib/avr6\libm.a(mulsf3x.o)
                0x00005402                __mulsf3x
                0x00005408                __mulsf3_pse
 .text.avr-libc.fplib
                0x000054b4       0x48 c:/program files (x86)/atmel/studio/7.0/toolchain/avr8/avr8-gnu-toolchain/bin/../lib/gcc/avr/5.4.0/../../../../avr/lib/avr6\libm.a(fp_cmp.o)
                0x000054b4                __fp_cmp
 .text.libgcc.div
                0x000054fc       0x44 c:/program files (x86)/atmel/studio/7.0/toolchain/avr8/avr8-gnu-toolchain/bin/../lib/gcc/avr/5.4.0/avr6\libgcc.a(_udivmodsi4.o)
                0x000054fc                __udivmodsi4
 .text.libgcc   0x00005540       0x10 c:/program files (x86)/atmel/studio/7.0/toolchain/avr8/avr8-gnu-toolchain/bin/../lib/gcc/avr/5.4.0/avr6\libgcc.a(_tablejump2.o)
                0x00005540                __tablejump2__
 .text.avr-libc
                0x00005550      0x242 c:/program files (x86)/atmel/studio/7.0/toolchain/avr8/avr8-gnu-toolchain/bin/../lib/gcc/avr/5.4.0/../../../../avr/lib/avr6\libc.a(malloc.o)
                0x00005550                malloc
                0x00005680                free
 .text.avr-libc
                0x00005792        0x8 c:/program files (x86)/atmel/studio/7.0/toolchain/avr8/avr8-gnu-toolchain/bin/../lib/gcc/avr/5.4.0/../../../../avr/lib/avr6\libc.a(abort.o)
                0x00005792                abort
 .text.avr-libc
                0x0000579a       0x12 c:/program files (x86)/atmel/studio/7.0/toolchain/avr8/avr8-gnu-toolchain/bin/../lib/gcc/avr/5.4.0/../../../../avr/lib/avr6\libc.a(memcpy.o)
                0x0000579a                memcpy
 .text.avr-libc
                0x000057ac        0xe c:/program files (x86)/atmel/studio/7.0/toolchain/avr8/avr8-gnu-toolchain/bin/../lib/gcc/avr/5.4.0/../../../../avr/lib/avr6\libc.a(memset.o)
                0x000057ac                memset
 .text.avr-libc
                0x000057ba       0x26 c:/program files (x86)/atmel/studio/7.0/toolchain/avr8/avr8-gnu-toolchain/bin/../lib/gcc/avr/5.4.0/../../../../avr/lib/avr6\libc.a(printf.o)
                0x000057ba                printf
 .text.avr-libc
                0x000057e0       0x60 c:/program files (x86)/atmel/studio/7.0/toolchain/avr8/avr8-gnu-toolchain/bin/../lib/gcc/avr/5.4.0/../../../../avr/lib/avr6\libc.a(puts.o)
                0x000057e0                puts
 .text.avr-libc
                0x00005840      0x3fa c:/program files (x86)/atmel/studio/7.0/toolchain/avr8/avr8-gnu-toolchain/bin/../lib/gcc/avr/5.4.0/../../../../avr/lib/avr6\libc.a(vfprintf_std.o)
                0x00005840                vfprintf
 .text.avr-libc
                0x00005c3a       0x16 c:/program files (x86)/atmel/studio/7.0/toolchain/avr8/avr8-gnu-toolchain/bin/../lib/gcc/avr/5.4.0/../../../../avr/lib/avr6\libc.a(strnlen_P.o)
                0x00005c3a                strnlen_P
 .text.avr-libc
                0x00005c50       0x16 c:/program files (x86)/atmel/studio/7.0/toolchain/avr8/avr8-gnu-toolchain/bin/../lib/gcc/avr/5.4.0/../../../../avr/lib/avr6\libc.a(strnlen.o)
                0x00005c50                strnlen
 .text.avr-libc
                0x00005c66       0x78 c:/program files (x86)/atmel/studio/7.0/toolchain/avr8/avr8-gnu-toolchain/bin/../lib/gcc/avr/5.4.0/../../../../avr/lib/avr6\libc.a(fputc.o)
                0x00005c66                fputc
 .text.avr-libc
                0x00005cde       0xbc c:/program files (x86)/atmel/studio/7.0/toolchain/avr8/avr8-gnu-toolchain/bin/../lib/gcc/avr/5.4.0/../../../../avr/lib/avr6\libc.a(ultoa_invert.o)
                0x00005cde                __ultoa_invert
                0x00005d9a                . = ALIGN (0x2)
 *(.fini9)
 .fini9         0x00005d9a        0x0 c:/program files (x86)/atmel/studio/7.0/toolchain/avr8/avr8-gnu-toolchain/bin/../lib/gcc/avr/5.4.0/avr6\libgcc.a(_exit.o)
                0x00005d9a                _exit
                0x00005d9a                exit
 *(.fini9)
 *(.fini8)
 *(.fini8)
 *(.fini7)
 *(.fini7)
 *(.fini6)
 *(.fini6)
 *(.fini5)
 *(.fini5)
 *(.fini4)
 *(.fini4)
 *(.fini3)
 *(.fini3)
 *(.fini2)
 *(.fini2)
 *(.fini1)
 *(.fini1)
 *(.fini0)
 .fini0         0x00005d9a        0x4 c:/program files (x86)/atmel/studio/7.0/toolchain/avr8/avr8-gnu-toolchain/bin/../lib/gcc/avr/5.4.0/avr6\libgcc.a(_exit.o)
 *(.fini0)
                0x00005d9e                _etext = .

.data           0x00800200      0x314 load address 0x00005d9e
                0x00800200                PROVIDE (__data_start, .)
 *(.data)
 .data          0x00800200        0x6 c:/program files (x86)/atmel/studio/7.0/toolchain/avr8/avr8-gnu-toolchain/bin/../lib/gcc/avr/5.4.0/../../../../avr/lib/avr6\libc.a(malloc.o)
                0x00800200                __malloc_heap_end
                0x00800202                __malloc_heap_start
                0x00800204                __malloc_margin
 *(.data*)
 .data.uxTopUsedPriority
                0x00800206        0x1 FreeRTOS/src/tasks.o
                0x00800206                uxTopUsedPriority
 .data._temp    0x00800207        0x2 ../drivers\libIotLibrary.a(hih8120.o)
 .data._hum     0x00800209        0x2 ../drivers\libIotLibrary.a(hih8120.o)
 .data._com_port_2_udr
                0x0080020b        0x8 ../drivers\libIotLibrary.a(serial.o)
                0x0080020b                _com_port_2_udr
 .data.mystdout.1882
                0x00800213        0xe ../drivers\libIotLibrary.a(stdio_driver.o)
 .data._twiCurrentState
                0x00800221        0x1 ../drivers\libIotLibrary.a(twi.o)
 *(.gnu.linkonce.d*)
 *(.rodata)
 .rodata        0x00800222       0x2d ../drivers\libIotLibrary.a(mh_z19.o)
 *(.rodata*)
 .rodata.str1.1
                0x0080024f       0x14 comm_queue.o
 .rodata.str1.1
                0x00800263       0x17 configuration.o
 .rodata.str1.1
                0x0080027a       0x3c event_groups.o
 .rodata.str1.1
                0x008002b6       0x4b main.o
 .rodata.str1.1
                0x00800301       0x1a message_buffers.o
 .rodata.str1.1
                0x0080031b       0xd7 tasks/app_task.o
 .rodata.str1.1
                0x008003f2       0x2c tasks/comms/up_link_task.o
 .rodata.str1.1
                0x0080041e       0x3d tasks/sensors/co2_task.o
 .rodata.str1.1
                0x0080045b       0x15 tasks/sensors/lux_task.o
 .rodata.str1.1
                0x00800470       0x51 tasks/sensors/temp_hum_task.o
 .rodata.str1.1
                0x008004c1       0x3d tasks/servo/servo_task.o
 .rodata.str1.1
                0x008004fe        0x5 FreeRTOS/src/tasks.o
 .rodata.str1.1
                0x00800503        0x8 FreeRTOS/src/timers.o
 .rodata.str1.1
                0x0080050b        0x8 ../drivers\libIotLibrary.a(status_leds.o)
 *(.gnu.linkonce.r*)
                0x00800514                . = ALIGN (0x2)
 *fill*         0x00800513        0x1 
                0x00800514                _edata = .
                0x00800514                PROVIDE (__data_end, .)

.bss            0x00800514      0xf28
                0x00800514                PROVIDE (__bss_start, .)
 *(.bss)
 *(.bss*)
 .bss.ready     0x00800514        0x2 tasks/sensors/lux_task.o
                0x00800514                ready
 .bss.xBlockAllocatedBit
                0x00800516        0x2 FreeRTOS/src/heap_4.o
 .bss.xNumberOfSuccessfulFrees
                0x00800518        0x2 FreeRTOS/src/heap_4.o
 .bss.xNumberOfSuccessfulAllocations
                0x0080051a        0x2 FreeRTOS/src/heap_4.o
 .bss.xMinimumEverFreeBytesRemaining
                0x0080051c        0x2 FreeRTOS/src/heap_4.o
 .bss.xFreeBytesRemaining
                0x0080051e        0x2 FreeRTOS/src/heap_4.o
 .bss.pxEnd     0x00800520        0x2 FreeRTOS/src/heap_4.o
 .bss.xStart    0x00800522        0x4 FreeRTOS/src/heap_4.o
 .bss.ucHeap    0x00800526      0xdac FreeRTOS/src/heap_4.o
 .bss.uxSchedulerSuspended
                0x008012d2        0x1 FreeRTOS/src/tasks.o
 .bss.xIdleTaskHandle
                0x008012d3        0x2 FreeRTOS/src/tasks.o
 .bss.xNextTaskUnblockTime
                0x008012d5        0x4 FreeRTOS/src/tasks.o
 .bss.uxTaskNumber
                0x008012d9        0x1 FreeRTOS/src/tasks.o
 .bss.xNumOfOverflows
                0x008012da        0x1 FreeRTOS/src/tasks.o
 .bss.xYieldPending
                0x008012db        0x1 FreeRTOS/src/tasks.o
 .bss.xPendedTicks
                0x008012dc        0x4 FreeRTOS/src/tasks.o
 .bss.xSchedulerRunning
                0x008012e0        0x1 FreeRTOS/src/tasks.o
 .bss.uxTopReadyPriority
                0x008012e1        0x1 FreeRTOS/src/tasks.o
 .bss.xTickCount
                0x008012e2        0x4 FreeRTOS/src/tasks.o
 .bss.uxCurrentNumberOfTasks
                0x008012e6        0x1 FreeRTOS/src/tasks.o
 .bss.xSuspendedTaskList
                0x008012e7        0xb FreeRTOS/src/tasks.o
 .bss.uxDeletedTasksWaitingCleanUp
                0x008012f2        0x1 FreeRTOS/src/tasks.o
 .bss.xTasksWaitingTermination
                0x008012f3        0xb FreeRTOS/src/tasks.o
 .bss.xPendingReadyList
                0x008012fe        0xb FreeRTOS/src/tasks.o
 .bss.pxOverflowDelayedTaskList
                0x00801309        0x2 FreeRTOS/src/tasks.o
 .bss.pxDelayedTaskList
                0x0080130b        0x2 FreeRTOS/src/tasks.o
 .bss.xDelayedTaskList2
                0x0080130d        0xb FreeRTOS/src/tasks.o
 .bss.xDelayedTaskList1
                0x00801318        0xb FreeRTOS/src/tasks.o
 .bss.pxReadyTasksLists
                0x00801323       0x6e FreeRTOS/src/tasks.o
 .bss.pxCurrentTCB
                0x00801391        0x2 FreeRTOS/src/tasks.o
                0x00801391                pxCurrentTCB
 .bss.xLastTime.2436
                0x00801393        0x4 FreeRTOS/src/timers.o
 .bss.xTimerTaskHandle
                0x00801397        0x2 FreeRTOS/src/timers.o
 .bss.xTimerQueue
                0x00801399        0x2 FreeRTOS/src/timers.o
 .bss.pxOverflowTimerList
                0x0080139b        0x2 FreeRTOS/src/timers.o
 .bss.pxCurrentTimerList
                0x0080139d        0x2 FreeRTOS/src/timers.o
 .bss.xActiveTimerList2
                0x0080139f        0xb FreeRTOS/src/timers.o
 .bss.xActiveTimerList1
                0x008013aa        0xb FreeRTOS/src/timers.o
 .bss._measuringIsReady
                0x008013b5        0x1 ../drivers\libIotLibrary.a(hih8120.o)
 .bss._hih8120Handler
                0x008013b6        0x2 ../drivers\libIotLibrary.a(hih8120.o)
 .bss.data.1944
                0x008013b8        0x2 ../drivers\libIotLibrary.a(mh_z19.o)
 .bss.inDex.1943
                0x008013ba        0x1 ../drivers\libIotLibrary.a(mh_z19.o)
 .bss.crc_sum.1945
                0x008013bb        0x1 ../drivers\libIotLibrary.a(mh_z19.o)
 .bss._appCallBack
                0x008013bc        0x2 ../drivers\libIotLibrary.a(mh_z19.o)
 .bss._mh_state
                0x008013be        0x1 ../drivers\libIotLibrary.a(mh_z19.o)
                0x008013be                _mh_state
 .bss._ppm      0x008013bf        0x2 ../drivers\libIotLibrary.a(mh_z19.o)
 .bss._serial   0x008013c1        0x2 ../drivers\libIotLibrary.a(mh_z19.o)
 .bss._ser_handle
                0x008013c3        0x8 ../drivers\libIotLibrary.a(serial.o)
 .bss._com_serial_instance
                0x008013cb        0x2 ../drivers\libIotLibrary.a(stdio_driver.o)
 .bss._led_status
                0x008013cd       0x18 ../drivers\libIotLibrary.a(status_leds.o)
 .bss._infraredRaw
                0x008013e5        0x2 ../drivers\libIotLibrary.a(tsl2591.o)
 .bss._fullSpectrumRaw
                0x008013e7        0x2 ../drivers\libIotLibrary.a(tsl2591.o)
 .bss._deviceId
                0x008013e9        0x1 ../drivers\libIotLibrary.a(tsl2591.o)
 .bss._currentIntegrationTime
                0x008013ea        0x1 ../drivers\libIotLibrary.a(tsl2591.o)
 .bss._currentGain
                0x008013eb        0x1 ../drivers\libIotLibrary.a(tsl2591.o)
 .bss._nextState
                0x008013ec        0x1 ../drivers\libIotLibrary.a(tsl2591.o)
 .bss._callBackFunction
                0x008013ed        0x2 ../drivers\libIotLibrary.a(tsl2591.o)
 .bss._twiHandler
                0x008013ef        0x2 ../drivers\libIotLibrary.a(tsl2591.o)
 .bss._index.1885
                0x008013f1        0x1 ../drivers\libIotLibrary.a(twi.o)
 .bss._twiCurrentHandler
                0x008013f2        0x2 ../drivers\libIotLibrary.a(twi.o)
 .bss._twiMessageLen
                0x008013f4        0x1 ../drivers\libIotLibrary.a(twi.o)
 .bss._twiMessageBuffer
                0x008013f5        0xa ../drivers\libIotLibrary.a(twi.o)
 .bss._twiIsInitiated
                0x008013ff        0x1 ../drivers\libIotLibrary.a(twi.o)
 *(COMMON)
 COMMON         0x00801400        0x2 comm_queue.o
                0x00801400                commQUE
 COMMON         0x00801402        0x4 configuration.o
                0x00801402                servoAngle
                0x00801404                configMutex
 COMMON         0x00801406        0x4 event_groups.o
                0x00801406                dataReadyEventGroup
                0x00801408                measureEventGroup
 COMMON         0x0080140a       0x1e message_buffers.o
                0x0080140a                g_lux
                0x0080140b                g_co2
                0x0080140c                g_hum
                0x0080140d                upLinkMessageBuffer
                0x0080140f                loraPayload
                0x00801425                downLinkMessageBuffer
                0x00801427                g_temp
 COMMON         0x00801428        0x3 tasks/sensors/co2_task.o
                0x00801428                rc
                0x00801429                last_ppm
 COMMON         0x0080142b        0x2 tasks/sensors/lux_task.o
                0x0080142b                last_lux
 COMMON         0x0080142d        0x4 tasks/sensors/temp_hum_task.o
                0x0080142d                last_hum
                0x0080142f                last_temp
 COMMON         0x00801431        0x1 tasks/servo/servo_task.o
                0x00801431                last_angle
 COMMON         0x00801432        0x4 c:/program files (x86)/atmel/studio/7.0/toolchain/avr8/avr8-gnu-toolchain/bin/../lib/gcc/avr/5.4.0/../../../../avr/lib/avr6\libc.a(malloc.o)
                0x00801432                __brkval
                0x00801434                __flp
 COMMON         0x00801436        0x6 c:/program files (x86)/atmel/studio/7.0/toolchain/avr8/avr8-gnu-toolchain/bin/../lib/gcc/avr/5.4.0/../../../../avr/lib/avr6\libc.a(iob.o)
                0x00801436                __iob
                0x0080143c                PROVIDE (__bss_end, .)
                0x00005d9e                __data_load_start = LOADADDR (.data)
                0x000060b2                __data_load_end = (__data_load_start + SIZEOF (.data))

.noinit         0x0080143c        0x0
                [!provide]                PROVIDE (__noinit_start, .)
 *(.noinit*)
                [!provide]                PROVIDE (__noinit_end, .)
                0x0080143c                _end = .
                0x0080143c                PROVIDE (__heap_start, .)

.eeprom         0x00810000        0x0
 *(.eeprom*)
                0x00810000                __eeprom_end = .

.fuse
 *(.fuse)
 *(.lfuse)
 *(.hfuse)
 *(.efuse)

.lock
 *(.lock*)

.signature
 *(.signature*)

.user_signatures
 *(.user_signatures*)

.stab
 *(.stab)

.stabstr
 *(.stabstr)

.stab.excl
 *(.stab.excl)

.stab.exclstr
 *(.stab.exclstr)

.stab.index
 *(.stab.index)

.stab.indexstr
 *(.stab.indexstr)

.comment        0x00000000       0x5c
 *(.comment)
 .comment       0x00000000       0x30 comm_queue.o
                                 0x31 (size before relaxing)
 .comment       0x00000030       0x31 configuration.o
 .comment       0x00000030       0x31 event_groups.o
 .comment       0x00000030       0x31 main.o
 .comment       0x00000030       0x31 message_buffers.o
 .comment       0x00000030       0x31 packer.o
 .comment       0x00000030       0x31 tasks/app_task.o
 .comment       0x00000030       0x31 tasks/comms/up_link_task.o
 .comment       0x00000030       0x31 tasks/sensors/co2_task.o
 .comment       0x00000030       0x31 tasks/sensors/lux_task.o
 .comment       0x00000030       0x31 tasks/sensors/temp_hum_task.o
 .comment       0x00000030       0x31 tasks/servo/servo_task.o
 .comment       0x00000030       0x31 FreeRTOS/src/event_groups.o
 .comment       0x00000030       0x31 FreeRTOS/src/heap_4.o
 .comment       0x00000030       0x31 FreeRTOS/src/list.o
 .comment       0x00000030       0x31 FreeRTOS/src/port.o
 .comment       0x00000030       0x31 FreeRTOS/src/queue.o
 .comment       0x00000030       0x31 FreeRTOS/src/stream_buffer.o
 .comment       0x00000030       0x31 FreeRTOS/src/tasks.o
 .comment       0x00000030       0x31 FreeRTOS/src/timers.o
 .comment       0x00000030       0x31 FreeRTOS/src/variantHooks.o
 .comment       0x00000030       0x31 ../drivers\libIotLibrary.a(hih8120.o)
 .comment       0x00000030       0x31 ../drivers\libIotLibrary.a(mh_z19.o)
 .comment       0x00000030       0x31 ../drivers\libIotLibrary.a(rc_servo.o)
 .comment       0x00000030       0x31 ../drivers\libIotLibrary.a(serial.o)
 .comment       0x00000030       0x31 ../drivers\libIotLibrary.a(stdio_driver.o)
 .comment       0x00000030       0x31 ../drivers\libIotLibrary.a(status_leds.o)
 .comment       0x00000030       0x31 ../drivers\libIotLibrary.a(tsl2591.o)
 .comment       0x00000030       0x31 ../drivers\libIotLibrary.a(twi.o)
 .comment       0x00000030       0x31 ../drivers\libIotLibrary.a(fifo.o)
 .comment       0x00000030       0x31 c:/program files (x86)/atmel/studio/7.0/toolchain/avr8/avr8-gnu-toolchain/bin/../lib/gcc/avr/5.4.0/../../../../avr/lib/avr6\libc.a(malloc.o)
 .comment       0x00000030       0x31 c:/program files (x86)/atmel/studio/7.0/toolchain/avr8/avr8-gnu-toolchain/bin/../lib/gcc/avr/5.4.0/../../../../avr/lib/avr6\libc.a(iob.o)
 .comment       0x00000030       0x31 c:/program files (x86)/atmel/studio/7.0/toolchain/avr8/avr8-gnu-toolchain/bin/../lib/gcc/avr/5.4.0/../../../../avr/lib/avr6\libc.a(printf.o)
 .comment       0x00000030       0x31 c:/program files (x86)/atmel/studio/7.0/toolchain/avr8/avr8-gnu-toolchain/bin/../lib/gcc/avr/5.4.0/../../../../avr/lib/avr6\libc.a(puts.o)
 .comment       0x00000030       0x2c c:/program files (x86)/atmel/studio/7.0/toolchain/avr8/avr8-gnu-toolchain/bin/../lib/gcc/avr/5.4.0/../../../../avr/lib/avr6\libc.a(vfprintf_std.o)
                                 0x2d (size before relaxing)
 .comment       0x0000005c       0x31 c:/program files (x86)/atmel/studio/7.0/toolchain/avr8/avr8-gnu-toolchain/bin/../lib/gcc/avr/5.4.0/../../../../avr/lib/avr6\libc.a(fputc.o)

.note.gnu.avr.deviceinfo
                0x00000000       0x40
 .note.gnu.avr.deviceinfo
                0x00000000       0x40 C:/Program Files (x86)/Atmel/Studio/7.0/Packs/atmel/ATmega_DFP/1.6.364/gcc/dev/atmega2560/avr6/crtatmega2560.o

.note.gnu.build-id
 *(.note.gnu.build-id)

.debug
 *(.debug)

.line
 *(.line)

.debug_srcinfo
 *(.debug_srcinfo)

.debug_sfnames
 *(.debug_sfnames)

.debug_aranges  0x00000000      0xb78
 *(.debug_aranges)
 .debug_aranges
                0x00000000       0x30 comm_queue.o
 .debug_aranges
                0x00000030       0x30 configuration.o
 .debug_aranges
                0x00000060       0x30 event_groups.o
 .debug_aranges
                0x00000090       0x30 main.o
 .debug_aranges
                0x000000c0       0x38 message_buffers.o
 .debug_aranges
                0x000000f8       0x40 packer.o
 .debug_aranges
                0x00000138       0x30 tasks/app_task.o
 .debug_aranges
                0x00000168       0x28 tasks/comms/up_link_task.o
 .debug_aranges
                0x00000190       0x30 tasks/sensors/co2_task.o
 .debug_aranges
                0x000001c0       0x38 tasks/sensors/lux_task.o
 .debug_aranges
                0x000001f8       0x38 tasks/sensors/temp_hum_task.o
 .debug_aranges
                0x00000230       0x30 tasks/servo/servo_task.o
 .debug_aranges
                0x00000260       0x68 FreeRTOS/src/event_groups.o
 .debug_aranges
                0x000002c8       0x58 FreeRTOS/src/heap_4.o
 .debug_aranges
                0x00000320       0x40 FreeRTOS/src/list.o
 .debug_aranges
                0x00000360       0x58 FreeRTOS/src/port.o
 .debug_aranges
                0x000003b8       0xf8 FreeRTOS/src/queue.o
 .debug_aranges
                0x000004b0       0xc0 FreeRTOS/src/stream_buffer.o
 .debug_aranges
                0x00000570      0x1d0 FreeRTOS/src/tasks.o
 .debug_aranges
                0x00000740       0xc8 FreeRTOS/src/timers.o
 .debug_aranges
                0x00000808       0x40 FreeRTOS/src/variantHooks.o
 .debug_aranges
                0x00000848       0x68 ../drivers\libIotLibrary.a(hih8120.o)
 .debug_aranges
                0x000008b0       0x58 ../drivers\libIotLibrary.a(mh_z19.o)
 .debug_aranges
                0x00000908       0x28 ../drivers\libIotLibrary.a(rc_servo.o)
 .debug_aranges
                0x00000930       0x90 ../drivers\libIotLibrary.a(serial.o)
 .debug_aranges
                0x000009c0       0x38 ../drivers\libIotLibrary.a(stdio_driver.o)
 .debug_aranges
                0x000009f8       0x68 ../drivers\libIotLibrary.a(status_leds.o)
 .debug_aranges
                0x00000a60       0xa8 ../drivers\libIotLibrary.a(tsl2591.o)
 .debug_aranges
                0x00000b08       0x50 ../drivers\libIotLibrary.a(twi.o)
 .debug_aranges
                0x00000b58       0x20 ../drivers\libIotLibrary.a(fifo.o)

.debug_pubnames
 *(.debug_pubnames)

.debug_info     0x00000000     0xd906
 *(.debug_info .gnu.linkonce.wi.*)
 .debug_info    0x00000000      0xbbc C:/Program Files (x86)/Atmel/Studio/7.0/Packs/atmel/ATmega_DFP/1.6.364/gcc/dev/atmega2560/avr6/crtatmega2560.o
 .debug_info    0x00000bbc      0x256 comm_queue.o
 .debug_info    0x00000e12      0x193 configuration.o
 .debug_info    0x00000fa5      0x17b event_groups.o
 .debug_info    0x00001120      0x3fa main.o
 .debug_info    0x0000151a      0x284 message_buffers.o
 .debug_info    0x0000179e      0x1eb packer.o
 .debug_info    0x00001989      0x6bf tasks/app_task.o
 .debug_info    0x00002048      0x27c tasks/comms/up_link_task.o
 .debug_info    0x000022c4      0x451 tasks/sensors/co2_task.o
 .debug_info    0x00002715      0x40d tasks/sensors/lux_task.o
 .debug_info    0x00002b22      0x450 tasks/sensors/temp_hum_task.o
 .debug_info    0x00002f72      0x331 tasks/servo/servo_task.o
 .debug_info    0x000032a3      0x971 FreeRTOS/src/event_groups.o
 .debug_info    0x00003c14      0x4e6 FreeRTOS/src/heap_4.o
 .debug_info    0x000040fa      0x2e7 FreeRTOS/src/list.o
 .debug_info    0x000043e1      0x2ff FreeRTOS/src/port.o
 .debug_info    0x000046e0     0x17e6 FreeRTOS/src/queue.o
 .debug_info    0x00005ec6     0x13df FreeRTOS/src/stream_buffer.o
 .debug_info    0x000072a5     0x2239 FreeRTOS/src/tasks.o
 .debug_info    0x000094de     0x10dd FreeRTOS/src/timers.o
 .debug_info    0x0000a5bb      0x20f FreeRTOS/src/variantHooks.o
 .debug_info    0x0000a7ca      0x3a9 ../drivers\libIotLibrary.a(hih8120.o)
 .debug_info    0x0000ab73      0x556 ../drivers\libIotLibrary.a(mh_z19.o)
 .debug_info    0x0000b0c9      0x10f ../drivers\libIotLibrary.a(rc_servo.o)
 .debug_info    0x0000b1d8      0xd9c ../drivers\libIotLibrary.a(serial.o)
 .debug_info    0x0000bf74      0x3b6 ../drivers\libIotLibrary.a(stdio_driver.o)
 .debug_info    0x0000c32a      0x522 ../drivers\libIotLibrary.a(status_leds.o)
 .debug_info    0x0000c84c      0x99a ../drivers\libIotLibrary.a(tsl2591.o)
 .debug_info    0x0000d1e6      0x55d ../drivers\libIotLibrary.a(twi.o)
 .debug_info    0x0000d743      0x1c3 ../drivers\libIotLibrary.a(fifo.o)

.debug_abbrev   0x00000000     0x3c08
 *(.debug_abbrev)
 .debug_abbrev  0x00000000      0xb1a C:/Program Files (x86)/Atmel/Studio/7.0/Packs/atmel/ATmega_DFP/1.6.364/gcc/dev/atmega2560/avr6/crtatmega2560.o
 .debug_abbrev  0x00000b1a      0x12f comm_queue.o
 .debug_abbrev  0x00000c49      0x102 configuration.o
 .debug_abbrev  0x00000d4b       0xf4 event_groups.o
 .debug_abbrev  0x00000e3f      0x108 main.o
 .debug_abbrev  0x00000f47      0x113 message_buffers.o
 .debug_abbrev  0x0000105a       0xd9 packer.o
 .debug_abbrev  0x00001133      0x1b0 tasks/app_task.o
 .debug_abbrev  0x000012e3      0x15b tasks/comms/up_link_task.o
 .debug_abbrev  0x0000143e      0x1a1 tasks/sensors/co2_task.o
 .debug_abbrev  0x000015df      0x190 tasks/sensors/lux_task.o
 .debug_abbrev  0x0000176f      0x181 tasks/sensors/temp_hum_task.o
 .debug_abbrev  0x000018f0      0x150 tasks/servo/servo_task.o
 .debug_abbrev  0x00001a40      0x1dc FreeRTOS/src/event_groups.o
 .debug_abbrev  0x00001c1c      0x200 FreeRTOS/src/heap_4.o
 .debug_abbrev  0x00001e1c       0xff FreeRTOS/src/list.o
 .debug_abbrev  0x00001f1b      0x179 FreeRTOS/src/port.o
 .debug_abbrev  0x00002094      0x241 FreeRTOS/src/queue.o
 .debug_abbrev  0x000022d5      0x246 FreeRTOS/src/stream_buffer.o
 .debug_abbrev  0x0000251b      0x2c8 FreeRTOS/src/tasks.o
 .debug_abbrev  0x000027e3      0x28c FreeRTOS/src/timers.o
 .debug_abbrev  0x00002a6f       0xff FreeRTOS/src/variantHooks.o
 .debug_abbrev  0x00002b6e      0x184 ../drivers\libIotLibrary.a(hih8120.o)
 .debug_abbrev  0x00002cf2      0x238 ../drivers\libIotLibrary.a(mh_z19.o)
 .debug_abbrev  0x00002f2a       0xbc ../drivers\libIotLibrary.a(rc_servo.o)
 .debug_abbrev  0x00002fe6      0x355 ../drivers\libIotLibrary.a(serial.o)
 .debug_abbrev  0x0000333b      0x1b3 ../drivers\libIotLibrary.a(stdio_driver.o)
 .debug_abbrev  0x000034ee      0x1d7 ../drivers\libIotLibrary.a(status_leds.o)
 .debug_abbrev  0x000036c5      0x244 ../drivers\libIotLibrary.a(tsl2591.o)
 .debug_abbrev  0x00003909      0x217 ../drivers\libIotLibrary.a(twi.o)
 .debug_abbrev  0x00003b20       0xe8 ../drivers\libIotLibrary.a(fifo.o)

.debug_line     0x00000000     0x6f8b
 *(.debug_line .debug_line.* .debug_line_end)
 .debug_line    0x00000000      0x1fa C:/Program Files (x86)/Atmel/Studio/7.0/Packs/atmel/ATmega_DFP/1.6.364/gcc/dev/atmega2560/avr6/crtatmega2560.o
 .debug_line    0x000001fa      0x135 comm_queue.o
 .debug_line    0x0000032f      0x11d configuration.o
 .debug_line    0x0000044c      0x12e event_groups.o
 .debug_line    0x0000057a      0x1f8 main.o
 .debug_line    0x00000772      0x1f0 message_buffers.o
 .debug_line    0x00000962      0x159 packer.o
 .debug_line    0x00000abb      0x31a tasks/app_task.o
 .debug_line    0x00000dd5      0x1ea tasks/comms/up_link_task.o
 .debug_line    0x00000fbf      0x1f0 tasks/sensors/co2_task.o
 .debug_line    0x000011af      0x1f5 tasks/sensors/lux_task.o
 .debug_line    0x000013a4      0x206 tasks/sensors/temp_hum_task.o
 .debug_line    0x000015aa      0x1f4 tasks/servo/servo_task.o
 .debug_line    0x0000179e      0x413 FreeRTOS/src/event_groups.o
 .debug_line    0x00001bb1      0x41f FreeRTOS/src/heap_4.o
 .debug_line    0x00001fd0      0x1db FreeRTOS/src/list.o
 .debug_line    0x000021ab      0x28a FreeRTOS/src/port.o
 .debug_line    0x00002435      0xbe3 FreeRTOS/src/queue.o
 .debug_line    0x00003018      0x79a FreeRTOS/src/stream_buffer.o
 .debug_line    0x000037b2     0x15ba FreeRTOS/src/tasks.o
 .debug_line    0x00004d6c      0x624 FreeRTOS/src/timers.o
 .debug_line    0x00005390      0x1af FreeRTOS/src/variantHooks.o
 .debug_line    0x0000553f      0x24a ../drivers\libIotLibrary.a(hih8120.o)
 .debug_line    0x00005789      0x2fc ../drivers\libIotLibrary.a(mh_z19.o)
 .debug_line    0x00005a85       0xfd ../drivers\libIotLibrary.a(rc_servo.o)
 .debug_line    0x00005b82      0x6a1 ../drivers\libIotLibrary.a(serial.o)
 .debug_line    0x00006223      0x146 ../drivers\libIotLibrary.a(stdio_driver.o)
 .debug_line    0x00006369      0x32c ../drivers\libIotLibrary.a(status_leds.o)
 .debug_line    0x00006695      0x4bf ../drivers\libIotLibrary.a(tsl2591.o)
 .debug_line    0x00006b54      0x31c ../drivers\libIotLibrary.a(twi.o)
 .debug_line    0x00006e70      0x11b ../drivers\libIotLibrary.a(fifo.o)

.debug_frame    0x00000000     0x25c4
 *(.debug_frame)
 .debug_frame   0x00000000       0x6c comm_queue.o
 .debug_frame   0x0000006c       0x44 configuration.o
 .debug_frame   0x000000b0       0x58 event_groups.o
 .debug_frame   0x00000108       0x60 main.o
 .debug_frame   0x00000168       0x54 message_buffers.o
 .debug_frame   0x000001bc       0x64 packer.o
 .debug_frame   0x00000220       0x54 tasks/app_task.o
 .debug_frame   0x00000274       0x44 tasks/comms/up_link_task.o
 .debug_frame   0x000002b8       0x54 tasks/sensors/co2_task.o
 .debug_frame   0x0000030c       0x74 tasks/sensors/lux_task.o
 .debug_frame   0x00000380       0x64 tasks/sensors/temp_hum_task.o
 .debug_frame   0x000003e4       0x50 tasks/servo/servo_task.o
 .debug_frame   0x00000434      0x1dc FreeRTOS/src/event_groups.o
 .debug_frame   0x00000610       0xfc FreeRTOS/src/heap_4.o
 .debug_frame   0x0000070c       0x90 FreeRTOS/src/list.o
 .debug_frame   0x0000079c       0x94 FreeRTOS/src/port.o
 .debug_frame   0x00000830      0x3a4 FreeRTOS/src/queue.o
 .debug_frame   0x00000bd4      0x40c FreeRTOS/src/stream_buffer.o
 .debug_frame   0x00000fe0      0x7a0 FreeRTOS/src/tasks.o
 .debug_frame   0x00001780      0x3ac FreeRTOS/src/timers.o
 .debug_frame   0x00001b2c       0x64 FreeRTOS/src/variantHooks.o
 .debug_frame   0x00001b90       0xc0 ../drivers\libIotLibrary.a(hih8120.o)
 .debug_frame   0x00001c50      0x100 ../drivers\libIotLibrary.a(mh_z19.o)
 .debug_frame   0x00001d50       0x34 ../drivers\libIotLibrary.a(rc_servo.o)
 .debug_frame   0x00001d84      0x384 ../drivers\libIotLibrary.a(serial.o)
 .debug_frame   0x00002108       0x94 ../drivers\libIotLibrary.a(stdio_driver.o)
 .debug_frame   0x0000219c       0xec ../drivers\libIotLibrary.a(status_leds.o)
 .debug_frame   0x00002288      0x1ec ../drivers\libIotLibrary.a(tsl2591.o)
 .debug_frame   0x00002474      0x12c ../drivers\libIotLibrary.a(twi.o)
 .debug_frame   0x000025a0       0x24 ../drivers\libIotLibrary.a(fifo.o)

.debug_str      0x00000000     0x42e5
 *(.debug_str)
 .debug_str     0x00000000      0x3e6 C:/Program Files (x86)/Atmel/Studio/7.0/Packs/atmel/ATmega_DFP/1.6.364/gcc/dev/atmega2560/avr6/crtatmega2560.o
 .debug_str     0x000003e6      0x21f comm_queue.o
                                0x27a (size before relaxing)
 .debug_str     0x00000605       0x7e configuration.o
                                0x218 (size before relaxing)
 .debug_str     0x00000683       0xb2 event_groups.o
                                0x21d (size before relaxing)
 .debug_str     0x00000735       0xe1 main.o
                                0x293 (size before relaxing)
 .debug_str     0x00000816      0x158 message_buffers.o
                                0x2e1 (size before relaxing)
 .debug_str     0x0000096e       0x3f packer.o
                                0x206 (size before relaxing)
 .debug_str     0x000009ad       0xea tasks/app_task.o
                                0x3c8 (size before relaxing)
 .debug_str     0x00000a97       0x5e tasks/comms/up_link_task.o
                                0x28e (size before relaxing)
 .debug_str     0x00000af5      0x10f tasks/sensors/co2_task.o
                                0x39c (size before relaxing)
 .debug_str     0x00000c04      0x14d tasks/sensors/lux_task.o
                                0x3e4 (size before relaxing)
 .debug_str     0x00000d51      0x119 tasks/sensors/temp_hum_task.o
                                0x3a2 (size before relaxing)
 .debug_str     0x00000e6a       0x90 tasks/servo/servo_task.o
                                0x29a (size before relaxing)
 .debug_str     0x00000efa      0x369 FreeRTOS/src/event_groups.o
                                0x58c (size before relaxing)
 .debug_str     0x00001263      0x2c7 FreeRTOS/src/heap_4.o
                                0x482 (size before relaxing)
 .debug_str     0x0000152a       0x89 FreeRTOS/src/list.o
                                0x2be (size before relaxing)
 .debug_str     0x000015b3      0x147 FreeRTOS/src/port.o
                                0x2f3 (size before relaxing)
 .debug_str     0x000016fa      0x5df FreeRTOS/src/queue.o
                                0x932 (size before relaxing)
 .debug_str     0x00001cd9      0x471 FreeRTOS/src/stream_buffer.o
                                0x7bb (size before relaxing)
 .debug_str     0x0000214a      0x875 FreeRTOS/src/tasks.o
                                0xf53 (size before relaxing)
 .debug_str     0x000029bf      0x414 FreeRTOS/src/timers.o
                                0x829 (size before relaxing)
 .debug_str     0x00002dd3       0x81 FreeRTOS/src/variantHooks.o
                                0x26a (size before relaxing)
 .debug_str     0x00002e54      0x2e2 ../drivers\libIotLibrary.a(hih8120.o)
                                0x45c (size before relaxing)
 .debug_str     0x00003136      0x220 ../drivers\libIotLibrary.a(mh_z19.o)
                                0x489 (size before relaxing)
 .debug_str     0x00003356       0x3c ../drivers\libIotLibrary.a(rc_servo.o)
                                0x1e2 (size before relaxing)
 .debug_str     0x00003392      0x353 ../drivers\libIotLibrary.a(serial.o)
                                0x628 (size before relaxing)
 .debug_str     0x000036e5       0xa6 ../drivers\libIotLibrary.a(stdio_driver.o)
                                0x37d (size before relaxing)
 .debug_str     0x0000378b      0x1a0 ../drivers\libIotLibrary.a(status_leds.o)
                                0x381 (size before relaxing)
 .debug_str     0x0000392b      0x6b3 ../drivers\libIotLibrary.a(tsl2591.o)
                                0xaaf (size before relaxing)
 .debug_str     0x00003fde      0x2e5 ../drivers\libIotLibrary.a(twi.o)
                                0x5b4 (size before relaxing)
 .debug_str     0x000042c3       0x22 ../drivers\libIotLibrary.a(fifo.o)
                                0x239 (size before relaxing)

.debug_loc      0x00000000     0xb6e2
 *(.debug_loc)
 .debug_loc     0x00000000       0x9d comm_queue.o
 .debug_loc     0x0000009d       0x63 event_groups.o
 .debug_loc     0x00000100       0x78 main.o
 .debug_loc     0x00000178       0xcf tasks/app_task.o
 .debug_loc     0x00000247       0x85 tasks/comms/up_link_task.o
 .debug_loc     0x000002cc       0xc9 tasks/sensors/co2_task.o
 .debug_loc     0x00000395       0xf5 tasks/sensors/lux_task.o
 .debug_loc     0x0000048a       0x8c tasks/sensors/temp_hum_task.o
 .debug_loc     0x00000516       0x8a tasks/servo/servo_task.o
 .debug_loc     0x000005a0      0xcc9 FreeRTOS/src/event_groups.o
 .debug_loc     0x00001269      0x4be FreeRTOS/src/heap_4.o
 .debug_loc     0x00001727      0x17d FreeRTOS/src/list.o
 .debug_loc     0x000018a4       0xf6 FreeRTOS/src/port.o
 .debug_loc     0x0000199a     0x1abd FreeRTOS/src/queue.o
 .debug_loc     0x00003457     0x1daf FreeRTOS/src/stream_buffer.o
 .debug_loc     0x00005206     0x2a07 FreeRTOS/src/tasks.o
 .debug_loc     0x00007c0d     0x10f3 FreeRTOS/src/timers.o
 .debug_loc     0x00008d00       0xdc FreeRTOS/src/variantHooks.o
 .debug_loc     0x00008ddc       0x9f ../drivers\libIotLibrary.a(hih8120.o)
 .debug_loc     0x00008e7b      0x37c ../drivers\libIotLibrary.a(mh_z19.o)
 .debug_loc     0x000091f7       0x2f ../drivers\libIotLibrary.a(rc_servo.o)
 .debug_loc     0x00009226     0x114c ../drivers\libIotLibrary.a(serial.o)
 .debug_loc     0x0000a372      0x18c ../drivers\libIotLibrary.a(stdio_driver.o)
 .debug_loc     0x0000a4fe      0x292 ../drivers\libIotLibrary.a(status_leds.o)
 .debug_loc     0x0000a790      0x87f ../drivers\libIotLibrary.a(tsl2591.o)
 .debug_loc     0x0000b00f      0x575 ../drivers\libIotLibrary.a(twi.o)
 .debug_loc     0x0000b584      0x15e ../drivers\libIotLibrary.a(fifo.o)

.debug_macinfo
 *(.debug_macinfo)

.debug_weaknames
 *(.debug_weaknames)

.debug_funcnames
 *(.debug_funcnames)

.debug_typenames
 *(.debug_typenames)

.debug_varnames
 *(.debug_varnames)

.debug_pubtypes
 *(.debug_pubtypes)

.debug_ranges   0x00000000      0xa50
 *(.debug_ranges)
 .debug_ranges  0x00000000       0x20 comm_queue.o
 .debug_ranges  0x00000020       0x20 configuration.o
 .debug_ranges  0x00000040       0x20 event_groups.o
 .debug_ranges  0x00000060       0x20 main.o
 .debug_ranges  0x00000080       0x28 message_buffers.o
 .debug_ranges  0x000000a8       0x30 packer.o
 .debug_ranges  0x000000d8       0x20 tasks/app_task.o
 .debug_ranges  0x000000f8       0x18 tasks/comms/up_link_task.o
 .debug_ranges  0x00000110       0x20 tasks/sensors/co2_task.o
 .debug_ranges  0x00000130       0x28 tasks/sensors/lux_task.o
 .debug_ranges  0x00000158       0x28 tasks/sensors/temp_hum_task.o
 .debug_ranges  0x00000180       0x20 tasks/servo/servo_task.o
 .debug_ranges  0x000001a0       0x70 FreeRTOS/src/event_groups.o
 .debug_ranges  0x00000210       0x48 FreeRTOS/src/heap_4.o
 .debug_ranges  0x00000258       0x30 FreeRTOS/src/list.o
 .debug_ranges  0x00000288       0x48 FreeRTOS/src/port.o
 .debug_ranges  0x000002d0      0x130 FreeRTOS/src/queue.o
 .debug_ranges  0x00000400       0xb0 FreeRTOS/src/stream_buffer.o
 .debug_ranges  0x000004b0      0x200 FreeRTOS/src/tasks.o
 .debug_ranges  0x000006b0       0xb8 FreeRTOS/src/timers.o
 .debug_ranges  0x00000768       0x30 FreeRTOS/src/variantHooks.o
 .debug_ranges  0x00000798       0x58 ../drivers\libIotLibrary.a(hih8120.o)
 .debug_ranges  0x000007f0       0x48 ../drivers\libIotLibrary.a(mh_z19.o)
 .debug_ranges  0x00000838       0x18 ../drivers\libIotLibrary.a(rc_servo.o)
 .debug_ranges  0x00000850       0x98 ../drivers\libIotLibrary.a(serial.o)
 .debug_ranges  0x000008e8       0x28 ../drivers\libIotLibrary.a(stdio_driver.o)
 .debug_ranges  0x00000910       0x58 ../drivers\libIotLibrary.a(status_leds.o)
 .debug_ranges  0x00000968       0x98 ../drivers\libIotLibrary.a(tsl2591.o)
 .debug_ranges  0x00000a00       0x40 ../drivers\libIotLibrary.a(twi.o)
 .debug_ranges  0x00000a40       0x10 ../drivers\libIotLibrary.a(fifo.o)

.debug_macro
 *(.debug_macro)
OUTPUT(SEP4IOT.elf elf32-avr)
LOAD linker stubs
